
*** Running vivado
    with args -log xxv_ethernet_0_exdes.vdi -applog -m64 -product Vivado -messageDb vivado.pb -mode batch -source xxv_ethernet_0_exdes.tcl -notrace

!! WARNING !!
"PYTHONPATH" variable is set greater than default max string limit of "519" characters.
Please ignore this, if you have already made changes to your system registry to accept more than
default limit of 519 characters.
!! WARNING !!


****** Vivado v2025.2 (64-bit)
  **** SW Build 6299465 on Fri Nov 14 19:35:11 GMT 2025
  **** IP Build 6300035 on Fri Nov 14 10:48:45 MST 2025
  **** SharedData Build 6298862 on Thu Nov 13 04:50:51 MST 2025
  **** Start of session at: Mon Aug  3 18:32:51 2026
    ** Copyright 1986-2022 Xilinx, Inc. All Rights Reserved.
    ** Copyright 2022-2025 Advanced Micro Devices, Inc. All Rights Reserved.

source xxv_ethernet_0_exdes.tcl -notrace
create_project: Time (s): cpu = 00:00:09 ; elapsed = 00:00:06 . Memory (MB): peak = 594.945 ; gain = 221.859
Command: link_design -top xxv_ethernet_0_exdes -part xcu26-vsva1365-2LV-e
Design is defaulting to srcset: sources_1
Design is defaulting to constrset: constrs_1
INFO: [Device 21-403] Loading part xcu26-vsva1365-2LV-e
INFO: [Project 1-5699] Read binary netlist with skipMacroContent - 1
INFO: [Project 1-454] Reading design checkpoint 'c:/Users/lskje/Desktop/FPGA_Orderbook/xxv_ethernet_0_ex/xxv_ethernet_0_ex.gen/sources_1/ip/xxv_ethernet_0/xxv_ethernet_0.dcp' for cell 'DUT'
Netlist sorting complete. Time (s): cpu = 00:00:00 ; elapsed = 00:00:00.162 . Memory (MB): peak = 1484.094 ; gain = 0.000
INFO: [Netlist 29-17] Analyzing 251 Unisim elements for replacement
INFO: [Netlist 29-28] Unisim Transformation completed in 0 CPU seconds
INFO: [Project 1-479] Netlist was created with Vivado 2025.2
INFO: [Project 1-570] Preparing netlist for logic optimization
Parsing XDC File [c:/Users/lskje/Desktop/FPGA_Orderbook/xxv_ethernet_0_ex/xxv_ethernet_0_ex.gen/sources_1/ip/xxv_ethernet_0/synth/xxv_ethernet_0_board.xdc] for cell 'DUT/inst'
Finished Parsing XDC File [c:/Users/lskje/Desktop/FPGA_Orderbook/xxv_ethernet_0_ex/xxv_ethernet_0_ex.gen/sources_1/ip/xxv_ethernet_0/synth/xxv_ethernet_0_board.xdc] for cell 'DUT/inst'
Parsing XDC File [c:/Users/lskje/Desktop/FPGA_Orderbook/xxv_ethernet_0_ex/xxv_ethernet_0_ex.gen/sources_1/ip/xxv_ethernet_0/synth/xxv_ethernet_0.xdc] for cell 'DUT/inst'
INFO: [Timing 38-35] Done setting XDC timing constraints. [c:/Users/lskje/Desktop/FPGA_Orderbook/xxv_ethernet_0_ex/xxv_ethernet_0_ex.gen/sources_1/ip/xxv_ethernet_0/synth/xxv_ethernet_0.xdc:64]
all_fanout: Time (s): cpu = 00:00:10 ; elapsed = 00:00:11 . Memory (MB): peak = 2161.754 ; gain = 589.211
WARNING: [Vivado_Tcl 4-921] Waiver ID 'CDC-1' -to list should not be empty. [c:/Users/lskje/Desktop/FPGA_Orderbook/xxv_ethernet_0_ex/xxv_ethernet_0_ex.gen/sources_1/ip/xxv_ethernet_0/synth/xxv_ethernet_0.xdc:99]
WARNING: [Vivado_Tcl 4-921] Waiver ID 'CDC-1' -to list should not be empty. [c:/Users/lskje/Desktop/FPGA_Orderbook/xxv_ethernet_0_ex/xxv_ethernet_0_ex.gen/sources_1/ip/xxv_ethernet_0/synth/xxv_ethernet_0.xdc:103]
WARNING: [Vivado_Tcl 4-921] Waiver ID 'CDC-10' -to list should not be empty. [c:/Users/lskje/Desktop/FPGA_Orderbook/xxv_ethernet_0_ex/xxv_ethernet_0_ex.gen/sources_1/ip/xxv_ethernet_0/synth/xxv_ethernet_0.xdc:112]
WARNING: [Vivado_Tcl 4-921] Waiver ID 'CDC-1' -to list should not be empty. [c:/Users/lskje/Desktop/FPGA_Orderbook/xxv_ethernet_0_ex/xxv_ethernet_0_ex.gen/sources_1/ip/xxv_ethernet_0/synth/xxv_ethernet_0.xdc:117]
WARNING: [Vivado_Tcl 4-921] Waiver ID 'CDC-4' -to list should not be empty. [c:/Users/lskje/Desktop/FPGA_Orderbook/xxv_ethernet_0_ex/xxv_ethernet_0_ex.gen/sources_1/ip/xxv_ethernet_0/synth/xxv_ethernet_0.xdc:125]
WARNING: [Vivado_Tcl 4-921] Waiver ID 'CDC-1' -to list should not be empty. [c:/Users/lskje/Desktop/FPGA_Orderbook/xxv_ethernet_0_ex/xxv_ethernet_0_ex.gen/sources_1/ip/xxv_ethernet_0/synth/xxv_ethernet_0.xdc:129]
WARNING: [Vivado_Tcl 4-921] Waiver ID 'CDC-1' -to list should not be empty. [c:/Users/lskje/Desktop/FPGA_Orderbook/xxv_ethernet_0_ex/xxv_ethernet_0_ex.gen/sources_1/ip/xxv_ethernet_0/synth/xxv_ethernet_0.xdc:133]
WARNING: [Vivado_Tcl 4-921] Waiver ID 'CDC-1' -to list should not be empty. [c:/Users/lskje/Desktop/FPGA_Orderbook/xxv_ethernet_0_ex/xxv_ethernet_0_ex.gen/sources_1/ip/xxv_ethernet_0/synth/xxv_ethernet_0.xdc:137]
WARNING: [Vivado_Tcl 4-921] Waiver ID 'CDC-1' -to list should not be empty. [c:/Users/lskje/Desktop/FPGA_Orderbook/xxv_ethernet_0_ex/xxv_ethernet_0_ex.gen/sources_1/ip/xxv_ethernet_0/synth/xxv_ethernet_0.xdc:141]
WARNING: [Vivado_Tcl 4-921] Waiver ID 'CDC-1' -to list should not be empty. [c:/Users/lskje/Desktop/FPGA_Orderbook/xxv_ethernet_0_ex/xxv_ethernet_0_ex.gen/sources_1/ip/xxv_ethernet_0/synth/xxv_ethernet_0.xdc:146]
WARNING: [Vivado_Tcl 4-919] Waiver ID 'CDC-11' -from list should not be empty. [c:/Users/lskje/Desktop/FPGA_Orderbook/xxv_ethernet_0_ex/xxv_ethernet_0_ex.gen/sources_1/ip/xxv_ethernet_0/synth/xxv_ethernet_0.xdc:152]
WARNING: [Vivado_Tcl 4-919] Waiver ID 'CDC-10' -from list should not be empty. [c:/Users/lskje/Desktop/FPGA_Orderbook/xxv_ethernet_0_ex/xxv_ethernet_0_ex.gen/sources_1/ip/xxv_ethernet_0/synth/xxv_ethernet_0.xdc:154]
WARNING: [Vivado_Tcl 4-919] Waiver ID 'CDC-1' -from list should not be empty. [c:/Users/lskje/Desktop/FPGA_Orderbook/xxv_ethernet_0_ex/xxv_ethernet_0_ex.gen/sources_1/ip/xxv_ethernet_0/synth/xxv_ethernet_0.xdc:156]
WARNING: [Vivado_Tcl 4-919] Waiver ID 'CDC-2' -from list should not be empty. [c:/Users/lskje/Desktop/FPGA_Orderbook/xxv_ethernet_0_ex/xxv_ethernet_0_ex.gen/sources_1/ip/xxv_ethernet_0/synth/xxv_ethernet_0.xdc:158]
WARNING: [Vivado_Tcl 4-921] Waiver ID 'CDC-11' -to list should not be empty. [c:/Users/lskje/Desktop/FPGA_Orderbook/xxv_ethernet_0_ex/xxv_ethernet_0_ex.gen/sources_1/ip/xxv_ethernet_0/synth/xxv_ethernet_0.xdc:165]
WARNING: [Vivado_Tcl 4-921] Waiver ID 'CDC-11' -to list should not be empty. [c:/Users/lskje/Desktop/FPGA_Orderbook/xxv_ethernet_0_ex/xxv_ethernet_0_ex.gen/sources_1/ip/xxv_ethernet_0/synth/xxv_ethernet_0.xdc:169]
WARNING: [Vivado_Tcl 4-921] Waiver ID 'CDC-11' -to list should not be empty. [c:/Users/lskje/Desktop/FPGA_Orderbook/xxv_ethernet_0_ex/xxv_ethernet_0_ex.gen/sources_1/ip/xxv_ethernet_0/synth/xxv_ethernet_0.xdc:173]
WARNING: [Vivado_Tcl 4-919] Waiver ID 'CDC-11' -from list should not be empty. [c:/Users/lskje/Desktop/FPGA_Orderbook/xxv_ethernet_0_ex/xxv_ethernet_0_ex.gen/sources_1/ip/xxv_ethernet_0/synth/xxv_ethernet_0.xdc:177]
WARNING: [Vivado_Tcl 4-921] Waiver ID 'CDC-11' -to list should not be empty. [c:/Users/lskje/Desktop/FPGA_Orderbook/xxv_ethernet_0_ex/xxv_ethernet_0_ex.gen/sources_1/ip/xxv_ethernet_0/synth/xxv_ethernet_0.xdc:189]
Finished Parsing XDC File [c:/Users/lskje/Desktop/FPGA_Orderbook/xxv_ethernet_0_ex/xxv_ethernet_0_ex.gen/sources_1/ip/xxv_ethernet_0/synth/xxv_ethernet_0.xdc] for cell 'DUT/inst'
Parsing XDC File [c:/Users/lskje/Desktop/FPGA_Orderbook/xxv_ethernet_0_ex/imports/xxv_ethernet_0_example_top.xdc]
create_clock: Time (s): cpu = 00:00:06 ; elapsed = 00:00:07 . Memory (MB): peak = 2202.320 ; gain = 40.566
WARNING: [Vivado 12-180] No cells matched 'get_cells -hier -filter { name =~ */i_RX_WD_ALIGN/align_status_reg[*]*}'. [c:/Users/lskje/Desktop/FPGA_Orderbook/xxv_ethernet_0_ex/imports/xxv_ethernet_0_example_top.xdc:128]
WARNING: [Vivado 12-508] No pins matched 'get_pins -of [get_cells -hier -filter { name =~ */i_RX_WD_ALIGN/align_status_reg[*]*}] -filter { name =~ *C }'. [c:/Users/lskje/Desktop/FPGA_Orderbook/xxv_ethernet_0_ex/imports/xxv_ethernet_0_example_top.xdc:128]
WARNING: [Vivado 12-180] No cells matched 'get_cells -hier -filter { name =~ */mode_switch_reg*}'. [c:/Users/lskje/Desktop/FPGA_Orderbook/xxv_ethernet_0_ex/imports/xxv_ethernet_0_example_top.xdc:149]
WARNING: [Vivado 12-508] No pins matched 'get_pins -of [get_cells -hier -filter { name =~ */mode_switch_reg*}] -filter { name =~ *C }'. [c:/Users/lskje/Desktop/FPGA_Orderbook/xxv_ethernet_0_ex/imports/xxv_ethernet_0_example_top.xdc:149]
WARNING: [Vivado 12-180] No cells matched 'get_cells -hier -filter { name =~ */pipe_reg*}'. [c:/Users/lskje/Desktop/FPGA_Orderbook/xxv_ethernet_0_ex/imports/xxv_ethernet_0_example_top.xdc:150]
WARNING: [Vivado 12-508] No pins matched 'get_pins -of [get_cells -hier -filter { name =~ */pipe_reg*}] -filter { name =~ *C }'. [c:/Users/lskje/Desktop/FPGA_Orderbook/xxv_ethernet_0_ex/imports/xxv_ethernet_0_example_top.xdc:150]
WARNING: [Vivado 12-180] No cells matched 'get_cells -hier -filter { name =~ */i_pif_registers/ctl_rsfec_enable_r_reg*}'. [c:/Users/lskje/Desktop/FPGA_Orderbook/xxv_ethernet_0_ex/imports/xxv_ethernet_0_example_top.xdc:152]
WARNING: [Vivado 12-508] No pins matched 'get_pins -of [get_cells -hier -filter { name =~ */i_pif_registers/ctl_rsfec_enable_r_reg*}] -filter { name =~ *C }'. [c:/Users/lskje/Desktop/FPGA_Orderbook/xxv_ethernet_0_ex/imports/xxv_ethernet_0_example_top.xdc:152]
WARNING: [Vivado 12-180] No cells matched 'get_cells -hier -filter { name =~ */gt*_channel_gen.gen_gt*_channel_inst[*].GT*_CHANNEL_PRIM_INST*}'. [c:/Users/lskje/Desktop/FPGA_Orderbook/xxv_ethernet_0_ex/imports/xxv_ethernet_0_example_top.xdc:152]
WARNING: [Vivado 12-508] No pins matched 'get_pins -of [get_cells -hier -filter { name =~ */gt*_channel_gen.gen_gt*_channel_inst[*].GT*_CHANNEL_PRIM_INST*}] -filter { name =~ *RXGEARBOXSLIP }'. [c:/Users/lskje/Desktop/FPGA_Orderbook/xxv_ethernet_0_ex/imports/xxv_ethernet_0_example_top.xdc:152]
WARNING: [Vivado 12-180] No cells matched 'get_cells -hier -filter {name =~ */i_RX_WD_ALIGN/align_status_reg*}'. [c:/Users/lskje/Desktop/FPGA_Orderbook/xxv_ethernet_0_ex/imports/xxv_ethernet_0_example_top.xdc:161]
WARNING: [Vivado 12-508] No pins matched 'get_pins -of [get_cells -hier -filter {name =~ */i_RX_WD_ALIGN/align_status_reg*}] -filter {name =~ *C}'. [c:/Users/lskje/Desktop/FPGA_Orderbook/xxv_ethernet_0_ex/imports/xxv_ethernet_0_example_top.xdc:161]
WARNING: [Vivado_Tcl 4-919] Waiver ID 'CDC-11' -from list should not be empty. [c:/Users/lskje/Desktop/FPGA_Orderbook/xxv_ethernet_0_ex/imports/xxv_ethernet_0_example_top.xdc:161]
WARNING: [Vivado 12-180] No cells matched 'get_cells -hier -filter {name =~ */rx_reset_done_async_r*}'. [c:/Users/lskje/Desktop/FPGA_Orderbook/xxv_ethernet_0_ex/imports/xxv_ethernet_0_example_top.xdc:165]
WARNING: [Vivado 12-508] No pins matched 'get_pins -of [get_cells -hier -filter {name =~ */rx_reset_done_async_r*}] -filter {name =~ *C}'. [c:/Users/lskje/Desktop/FPGA_Orderbook/xxv_ethernet_0_ex/imports/xxv_ethernet_0_example_top.xdc:165]
WARNING: [Vivado_Tcl 4-919] Waiver ID 'CDC-11' -from list should not be empty. [c:/Users/lskje/Desktop/FPGA_Orderbook/xxv_ethernet_0_ex/imports/xxv_ethernet_0_example_top.xdc:165]
WARNING: [Vivado 12-180] No cells matched 'get_cells -hier -filter {name =~ */i_RX_WD_ALIGN/align_status_reg*}'. [c:/Users/lskje/Desktop/FPGA_Orderbook/xxv_ethernet_0_ex/imports/xxv_ethernet_0_example_top.xdc:169]
WARNING: [Vivado 12-508] No pins matched 'get_pins -of [get_cells -hier -filter {name =~ */i_RX_WD_ALIGN/align_status_reg*}] -filter {name =~ *C}'. [c:/Users/lskje/Desktop/FPGA_Orderbook/xxv_ethernet_0_ex/imports/xxv_ethernet_0_example_top.xdc:169]
WARNING: [Vivado 12-180] No cells matched 'get_cells -hier -filter {name =~ */i_*_TRAFFIC_GENERATOR/i_*_PKT_CHK/rx_block_lock_led_*d_reg*}'. [c:/Users/lskje/Desktop/FPGA_Orderbook/xxv_ethernet_0_ex/imports/xxv_ethernet_0_example_top.xdc:169]
WARNING: [Vivado 12-508] No pins matched 'get_pins -of [get_cells -hier -filter {name =~ */i_*_TRAFFIC_GENERATOR/i_*_PKT_CHK/rx_block_lock_led_*d_reg*}] -filter {name =~ *D}'. [c:/Users/lskje/Desktop/FPGA_Orderbook/xxv_ethernet_0_ex/imports/xxv_ethernet_0_example_top.xdc:169]
WARNING: [Vivado_Tcl 4-921] Waiver ID 'CDC-11' -to list should not be empty. [c:/Users/lskje/Desktop/FPGA_Orderbook/xxv_ethernet_0_ex/imports/xxv_ethernet_0_example_top.xdc:169]
WARNING: [Vivado 12-180] No cells matched 'get_cells -hier -filter {name =~ */i_RX_WD_ALIGN/align_status_reg*}'. [c:/Users/lskje/Desktop/FPGA_Orderbook/xxv_ethernet_0_ex/imports/xxv_ethernet_0_example_top.xdc:173]
WARNING: [Vivado 12-508] No pins matched 'get_pins -of [get_cells -hier -filter {name =~ */i_RX_WD_ALIGN/align_status_reg*}] -filter {name =~ *C}'. [c:/Users/lskje/Desktop/FPGA_Orderbook/xxv_ethernet_0_ex/imports/xxv_ethernet_0_example_top.xdc:173]
WARNING: [Vivado 12-180] No cells matched 'get_cells -hier -filter {name =~ */i_*_TRAFFIC_GENERATOR/i_*_PKT_CHK/rx_block_lock_led_*d_reg*}'. [c:/Users/lskje/Desktop/FPGA_Orderbook/xxv_ethernet_0_ex/imports/xxv_ethernet_0_example_top.xdc:173]
WARNING: [Vivado 12-508] No pins matched 'get_pins -of [get_cells -hier -filter {name =~ */i_*_TRAFFIC_GENERATOR/i_*_PKT_CHK/rx_block_lock_led_*d_reg*}] -filter {name =~ *D}'. [c:/Users/lskje/Desktop/FPGA_Orderbook/xxv_ethernet_0_ex/imports/xxv_ethernet_0_example_top.xdc:173]
WARNING: [Vivado_Tcl 4-921] Waiver ID 'CDC-2' -to list should not be empty. [c:/Users/lskje/Desktop/FPGA_Orderbook/xxv_ethernet_0_ex/imports/xxv_ethernet_0_example_top.xdc:173]
WARNING: [Vivado_Tcl 4-920] Waiver ID 'CDC-1' -to list has >10000 objects! [c:/Users/lskje/Desktop/FPGA_Orderbook/xxv_ethernet_0_ex/imports/xxv_ethernet_0_example_top.xdc:177]
WARNING: [Vivado 12-180] No cells matched 'get_cells -hier -filter {name =~ */i_RX_WD_ALIGN/align_status_reg*}'. [c:/Users/lskje/Desktop/FPGA_Orderbook/xxv_ethernet_0_ex/imports/xxv_ethernet_0_example_top.xdc:181]
WARNING: [Vivado 12-508] No pins matched 'get_pins -of [get_cells -hier -filter {name =~ */i_RX_WD_ALIGN/align_status_reg*}] -filter {name =~ *C}'. [c:/Users/lskje/Desktop/FPGA_Orderbook/xxv_ethernet_0_ex/imports/xxv_ethernet_0_example_top.xdc:181]
WARNING: [Vivado 12-180] No cells matched 'get_cells -hier -filter {name =~ */i_*_TRAF_CHK*/rx_block_lock_led_*d_reg*}'. [c:/Users/lskje/Desktop/FPGA_Orderbook/xxv_ethernet_0_ex/imports/xxv_ethernet_0_example_top.xdc:181]
WARNING: [Vivado 12-508] No pins matched 'get_pins -of [get_cells -hier -filter {name =~ */i_*_TRAF_CHK*/rx_block_lock_led_*d_reg*}] -filter {name =~ *D}'. [c:/Users/lskje/Desktop/FPGA_Orderbook/xxv_ethernet_0_ex/imports/xxv_ethernet_0_example_top.xdc:181]
WARNING: [Vivado_Tcl 4-921] Waiver ID 'CDC-11' -to list should not be empty. [c:/Users/lskje/Desktop/FPGA_Orderbook/xxv_ethernet_0_ex/imports/xxv_ethernet_0_example_top.xdc:181]
WARNING: [Vivado 12-180] No cells matched 'get_cells -hier -filter {name =~ */i_RX_WD_ALIGN/align_status_reg*}'. [c:/Users/lskje/Desktop/FPGA_Orderbook/xxv_ethernet_0_ex/imports/xxv_ethernet_0_example_top.xdc:185]
WARNING: [Vivado 12-508] No pins matched 'get_pins -of [get_cells -hier -filter {name =~ */i_RX_WD_ALIGN/align_status_reg*}] -filter {name =~ *C}'. [c:/Users/lskje/Desktop/FPGA_Orderbook/xxv_ethernet_0_ex/imports/xxv_ethernet_0_example_top.xdc:185]
WARNING: [Vivado 12-180] No cells matched 'get_cells -hier -filter {name =~ */i_*_TRAF_CHK*/rx_block_lock_led_*d_reg*}'. [c:/Users/lskje/Desktop/FPGA_Orderbook/xxv_ethernet_0_ex/imports/xxv_ethernet_0_example_top.xdc:185]
WARNING: [Vivado 12-508] No pins matched 'get_pins -of [get_cells -hier -filter {name =~ */i_*_TRAF_CHK*/rx_block_lock_led_*d_reg*}] -filter {name =~ *D}'. [c:/Users/lskje/Desktop/FPGA_Orderbook/xxv_ethernet_0_ex/imports/xxv_ethernet_0_example_top.xdc:185]
WARNING: [Vivado_Tcl 4-921] Waiver ID 'CDC-1' -to list should not be empty. [c:/Users/lskje/Desktop/FPGA_Orderbook/xxv_ethernet_0_ex/imports/xxv_ethernet_0_example_top.xdc:185]
WARNING: [Vivado 12-180] No cells matched 'get_cells -hier -filter {name =~ */i_RX_WD_ALIGN/align_status_reg*}'. [c:/Users/lskje/Desktop/FPGA_Orderbook/xxv_ethernet_0_ex/imports/xxv_ethernet_0_example_top.xdc:189]
WARNING: [Vivado 12-508] No pins matched 'get_pins -of [get_cells -hier -filter {name =~ */i_RX_WD_ALIGN/align_status_reg*}] -filter {name =~ *C}'. [c:/Users/lskje/Desktop/FPGA_Orderbook/xxv_ethernet_0_ex/imports/xxv_ethernet_0_example_top.xdc:189]
WARNING: [Vivado 12-180] No cells matched 'get_cells -hier -filter {name =~ */i_*_TRAF_CHK*/rx_block_lock_led_*d_reg*}'. [c:/Users/lskje/Desktop/FPGA_Orderbook/xxv_ethernet_0_ex/imports/xxv_ethernet_0_example_top.xdc:189]
WARNING: [Vivado 12-508] No pins matched 'get_pins -of [get_cells -hier -filter {name =~ */i_*_TRAF_CHK*/rx_block_lock_led_*d_reg*}] -filter {name =~ *D}'. [c:/Users/lskje/Desktop/FPGA_Orderbook/xxv_ethernet_0_ex/imports/xxv_ethernet_0_example_top.xdc:189]
WARNING: [Vivado_Tcl 4-921] Waiver ID 'CDC-2' -to list should not be empty. [c:/Users/lskje/Desktop/FPGA_Orderbook/xxv_ethernet_0_ex/imports/xxv_ethernet_0_example_top.xdc:189]
WARNING: [Vivado 12-180] No cells matched 'get_cells -hier -filter {name =~ */i_RX_DECODER/data_*_reg*}'. [c:/Users/lskje/Desktop/FPGA_Orderbook/xxv_ethernet_0_ex/imports/xxv_ethernet_0_example_top.xdc:193]
WARNING: [Vivado 12-508] No pins matched 'get_pins -of [get_cells -hier -filter {name =~ */i_RX_DECODER/data_*_reg*}] -filter {name =~ *C}'. [c:/Users/lskje/Desktop/FPGA_Orderbook/xxv_ethernet_0_ex/imports/xxv_ethernet_0_example_top.xdc:193]
WARNING: [Vivado_Tcl 4-919] Waiver ID 'CDC-1' -from list should not be empty. [c:/Users/lskje/Desktop/FPGA_Orderbook/xxv_ethernet_0_ex/imports/xxv_ethernet_0_example_top.xdc:193]
WARNING: [Vivado 12-180] No cells matched 'get_cells -hier -filter { name =~ */*_axi_if_top/i_pif_registers/ctl_rsfec_enable_r_reg*}'. [c:/Users/lskje/Desktop/FPGA_Orderbook/xxv_ethernet_0_ex/imports/xxv_ethernet_0_example_top.xdc:202]
WARNING: [Vivado 12-508] No pins matched 'get_pins -of [get_cells -hier -filter { name =~ */*_axi_if_top/i_pif_registers/ctl_rsfec_enable_r_reg*}] -filter { name =~ *C }'. [c:/Users/lskje/Desktop/FPGA_Orderbook/xxv_ethernet_0_ex/imports/xxv_ethernet_0_example_top.xdc:202]
WARNING: [Vivado 12-180] No cells matched 'get_cells -hier -filter { name =~ */*_axi_if_top/i_pif_registers/ctl_*x_max_packet_len_out_reg*}'. [c:/Users/lskje/Desktop/FPGA_Orderbook/xxv_ethernet_0_ex/imports/xxv_ethernet_0_example_top.xdc:204]
WARNING: [Vivado 12-508] No pins matched 'get_pins -of [get_cells -hier -filter { name =~ */*_axi_if_top/i_pif_registers/ctl_*x_max_packet_len_out_reg*}] -filter { name =~ *C }'. [c:/Users/lskje/Desktop/FPGA_Orderbook/xxv_ethernet_0_ex/imports/xxv_ethernet_0_example_top.xdc:204]
WARNING: [Vivado 12-180] No cells matched 'get_cells -hier -filter { name =~ */inst/*x_*bit_gt_pipeline_serdes*/data_out_*d*}'. [c:/Users/lskje/Desktop/FPGA_Orderbook/xxv_ethernet_0_ex/imports/xxv_ethernet_0_example_top.xdc:206]
WARNING: [Vivado 12-508] No pins matched 'get_pins -of [get_cells -hier -filter { name =~ */inst/*x_*bit_gt_pipeline_serdes*/data_out_*d*}] -filter { name =~ *C }'. [c:/Users/lskje/Desktop/FPGA_Orderbook/xxv_ethernet_0_ex/imports/xxv_ethernet_0_example_top.xdc:206]
Finished Parsing XDC File [c:/Users/lskje/Desktop/FPGA_Orderbook/xxv_ethernet_0_ex/imports/xxv_ethernet_0_example_top.xdc]
INFO: [Opt 31-138] Pushed 0 inverter(s) to 0 load pin(s).
INFO: [Project 1-1687] 78 scoped IP constraints or related sub-commands were skipped due to synthesis logic optimizations usually triggered by constant connectivity or unconnected output pins. To review the skipped constraints and messages, run the command 'set_param netlist.IPMsgFiltering false' before opening the design.
Netlist sorting complete. Time (s): cpu = 00:00:00 ; elapsed = 00:00:00.006 . Memory (MB): peak = 2202.320 ; gain = 0.000
INFO: [Project 1-111] Unisim Transformation Summary:
  A total of 68 instances were transformed.
  IBUF => IBUF (IBUFCTRL, INBUF): 42 instances
  RAM32M => RAM32M (RAMD32(x6), RAMS32(x2)): 24 instances
  RAM64X1S => RAM64X1S (RAMS64E): 2 instances

11 Infos, 70 Warnings, 0 Critical Warnings and 0 Errors encountered.
link_design completed successfully
link_design: Time (s): cpu = 00:01:11 ; elapsed = 00:01:13 . Memory (MB): peak = 2202.320 ; gain = 1542.219
Command: opt_design
Attempting to get a license for feature 'Implementation' and/or device 'xcu26'
INFO: [Common 17-349] Got license for feature 'Implementation' and/or device 'xcu26'
Running DRC as a precondition to command opt_design

Starting DRC Task
INFO: [DRC 23-27] Running DRC with 2 threads
INFO: [Project 1-461] DRC finished with 0 Errors
INFO: [Project 1-462] Please refer to the DRC report (report_drc) for more information.

Time (s): cpu = 00:00:00 ; elapsed = 00:00:02 . Memory (MB): peak = 2202.320 ; gain = 0.000

Starting Cache Timing Information Task
INFO: [Timing 38-35] Done setting XDC timing constraints.
INFO: [Timing 38-2] Deriving generated clocks
Ending Cache Timing Information Task | Checksum: 10df13429

Time (s): cpu = 00:00:01 ; elapsed = 00:00:00.816 . Memory (MB): peak = 2214.070 ; gain = 11.750

Starting Logic Optimization Task

Phase 1 Initialization

Phase 1.1 Core Generation And Design Setup
Phase 1.1 Core Generation And Design Setup | Checksum: 10df13429

Time (s): cpu = 00:00:00 ; elapsed = 00:00:00.054 . Memory (MB): peak = 2701.742 ; gain = 0.000

Phase 1.2 Setup Constraints And Sort Netlist
Phase 1.2 Setup Constraints And Sort Netlist | Checksum: 10df13429

Time (s): cpu = 00:00:00 ; elapsed = 00:00:00.095 . Memory (MB): peak = 2701.742 ; gain = 0.000
Phase 1 Initialization | Checksum: 10df13429

Time (s): cpu = 00:00:00 ; elapsed = 00:00:00.096 . Memory (MB): peak = 2701.742 ; gain = 0.000

Phase 2 Timer Update And Timing Data Collection

Phase 2.1 Detect if minReqCache needed
Phase 2.1 Detect if minReqCache needed | Checksum: 10df13429

Time (s): cpu = 00:00:00 ; elapsed = 00:00:00.153 . Memory (MB): peak = 2701.766 ; gain = 0.023

Phase 2.2 Timer Update
Phase 2.2 Timer Update | Checksum: 10df13429

Time (s): cpu = 00:00:00 ; elapsed = 00:00:00.457 . Memory (MB): peak = 2701.766 ; gain = 0.023

Phase 2.3 Timing Data Collection
Phase 2.3 Timing Data Collection | Checksum: 10df13429

Time (s): cpu = 00:00:00 ; elapsed = 00:00:00.464 . Memory (MB): peak = 2701.766 ; gain = 0.023
Phase 2 Timer Update And Timing Data Collection | Checksum: 10df13429

Time (s): cpu = 00:00:00 ; elapsed = 00:00:00.466 . Memory (MB): peak = 2701.766 ; gain = 0.023

Phase 3 Retarget
INFO: [Opt 31-1851] Number of loadless carry chains removed were: 0
INFO: [Opt 31-1834] Total Chains To Be Transformed Were: 0 AND Number of Transformed insts Created are: 0
INFO: [Opt 31-1566] Pulled 3 inverters resulting in an inversion of 19 pins
INFO: [Opt 31-138] Pushed 4 inverter(s) to 55 load pin(s).
INFO: [Opt 31-49] Retargeted 0 cell(s).
Phase 3 Retarget | Checksum: 1a87b754c

Time (s): cpu = 00:00:01 ; elapsed = 00:00:01 . Memory (MB): peak = 2701.766 ; gain = 0.023
Retarget | Checksum: 1a87b754c
INFO: [Opt 31-389] Phase Retarget created 256 cells and removed 299 cells
INFO: [Opt 31-1021] In phase Retarget, 2 netlist objects are constrained preventing optimization. Please run opt_design with -debug_log to get more detail. 

Phase 4 Constant propagation
INFO: [Opt 31-138] Pushed 1 inverter(s) to 1 load pin(s).
Phase 4 Constant propagation | Checksum: 11bdd46e0

Time (s): cpu = 00:00:01 ; elapsed = 00:00:01 . Memory (MB): peak = 2701.766 ; gain = 0.023
Constant propagation | Checksum: 11bdd46e0
INFO: [Opt 31-389] Phase Constant propagation created 59 cells and removed 297 cells

Phase 5 Sweep
INFO: [Constraints 18-11670] Building netlist checker database with flags, 0x8
Done building netlist checker database: Time (s): cpu = 00:00:00 ; elapsed = 00:00:00.003 . Memory (MB): peak = 2701.766 ; gain = 0.000
INFO: [Constraints 18-11670] Building netlist checker database with flags, 0x8
Done building netlist checker database: Time (s): cpu = 00:00:00 ; elapsed = 00:00:00.003 . Memory (MB): peak = 2701.766 ; gain = 0.000
Phase 5 Sweep | Checksum: 1b3294f1b

Time (s): cpu = 00:00:01 ; elapsed = 00:00:02 . Memory (MB): peak = 2701.766 ; gain = 0.023
Sweep | Checksum: 1b3294f1b
INFO: [Opt 31-389] Phase Sweep created 0 cells and removed 977 cells

Phase 6 BUFG optimization
INFO: [Opt 31-1077] Phase BUFG optimization inserted 0 global clock buffer(s) for CLOCK_LOW_FANOUT.
Phase 6 BUFG optimization | Checksum: 1b3294f1b

Time (s): cpu = 00:00:01 ; elapsed = 00:00:02 . Memory (MB): peak = 2701.766 ; gain = 0.023
BUFG optimization | Checksum: 1b3294f1b
INFO: [Opt 31-662] Phase BUFG optimization created 0 cells of which 0 are BUFGs and removed 0 cells.

Phase 7 Shift Register Optimization
INFO: [Opt 31-1064] SRL Remap converted 0 SRLs to 0 registers and converted 0 registers of register chains to 0 SRLs
Phase 7 Shift Register Optimization | Checksum: 1b3294f1b

Time (s): cpu = 00:00:01 ; elapsed = 00:00:02 . Memory (MB): peak = 2701.766 ; gain = 0.023
Shift Register Optimization | Checksum: 1b3294f1b
INFO: [Opt 31-389] Phase Shift Register Optimization created 0 cells and removed 0 cells

Phase 8 Post Processing Netlist
Phase 8 Post Processing Netlist | Checksum: 1b3294f1b

Time (s): cpu = 00:00:01 ; elapsed = 00:00:02 . Memory (MB): peak = 2701.766 ; gain = 0.023
Post Processing Netlist | Checksum: 1b3294f1b
INFO: [Opt 31-389] Phase Post Processing Netlist created 0 cells and removed 0 cells

Phase 9 Finalization

Phase 9.1 Finalizing Design Cores and Updating Shapes
Phase 9.1 Finalizing Design Cores and Updating Shapes | Checksum: 123affb9a

Time (s): cpu = 00:00:02 ; elapsed = 00:00:02 . Memory (MB): peak = 2701.766 ; gain = 0.023

Phase 9.2 Verifying Netlist Connectivity

Starting Connectivity Check Task

Time (s): cpu = 00:00:00 ; elapsed = 00:00:00.028 . Memory (MB): peak = 2701.766 ; gain = 0.000
Phase 9.2 Verifying Netlist Connectivity | Checksum: 123affb9a

Time (s): cpu = 00:00:02 ; elapsed = 00:00:02 . Memory (MB): peak = 2701.766 ; gain = 0.023
Phase 9 Finalization | Checksum: 123affb9a

Time (s): cpu = 00:00:02 ; elapsed = 00:00:02 . Memory (MB): peak = 2701.766 ; gain = 0.023
Opt_design Change Summary
=========================


-------------------------------------------------------------------------------------------------------------------------
|  Phase                        |  #Cells created  |  #Cells Removed  |  #Constrained objects preventing optimizations  |
-------------------------------------------------------------------------------------------------------------------------
|  Retarget                     |             256  |             299  |                                              2  |
|  Constant propagation         |              59  |             297  |                                              0  |
|  Sweep                        |               0  |             977  |                                              0  |
|  BUFG optimization            |               0  |               0  |                                              0  |
|  Shift Register Optimization  |               0  |               0  |                                              0  |
|  Post Processing Netlist      |               0  |               0  |                                              0  |
-------------------------------------------------------------------------------------------------------------------------


Ending Logic Optimization Task | Checksum: 123affb9a

Time (s): cpu = 00:00:02 ; elapsed = 00:00:02 . Memory (MB): peak = 2701.766 ; gain = 0.023

Starting Power Optimization Task
INFO: [Pwropt 34-132] Skipping clock gating for clocks with a period < 2.00 ns.
Ending Power Optimization Task | Checksum: 123affb9a

Time (s): cpu = 00:00:00 ; elapsed = 00:00:00.112 . Memory (MB): peak = 2701.766 ; gain = 0.000

Starting Final Cleanup Task
Ending Final Cleanup Task | Checksum: 123affb9a

Time (s): cpu = 00:00:00 ; elapsed = 00:00:00.002 . Memory (MB): peak = 2701.766 ; gain = 0.000
Netlist sorting complete. Time (s): cpu = 00:00:00 ; elapsed = 00:00:00.006 . Memory (MB): peak = 2701.766 ; gain = 0.000
INFO: [Common 17-83] Releasing license: Implementation
36 Infos, 70 Warnings, 0 Critical Warnings and 0 Errors encountered.
opt_design completed successfully
opt_design: Time (s): cpu = 00:00:07 ; elapsed = 00:00:09 . Memory (MB): peak = 2701.766 ; gain = 499.445
INFO: [Vivado 12-24828] Executing command : report_drc -file xxv_ethernet_0_exdes_drc_opted.rpt -pb xxv_ethernet_0_exdes_drc_opted.pb -rpx xxv_ethernet_0_exdes_drc_opted.rpx
Command: report_drc -file xxv_ethernet_0_exdes_drc_opted.rpt -pb xxv_ethernet_0_exdes_drc_opted.pb -rpx xxv_ethernet_0_exdes_drc_opted.rpx
INFO: [IP_Flow 19-1839] IP Catalog is up to date.
INFO: [Timing 38-35] Done setting XDC timing constraints.
INFO: [DRC 23-27] Running DRC with 2 threads
INFO: [Vivado_Tcl 2-168] The results of DRC are in file c:/Users/lskje/Desktop/FPGA_Orderbook/xxv_ethernet_0_ex/xxv_ethernet_0_ex.runs/impl_1/xxv_ethernet_0_exdes_drc_opted.rpt.
report_drc completed successfully
report_drc: Time (s): cpu = 00:00:20 ; elapsed = 00:00:22 . Memory (MB): peak = 3376.418 ; gain = 674.652
generate_parallel_reports: Time (s): cpu = 00:00:20 ; elapsed = 00:00:22 . Memory (MB): peak = 3376.418 ; gain = 674.652
INFO: [Timing 38-480] Writing timing data to binary archive.
Write ShapeDB Complete: Time (s): cpu = 00:00:00 ; elapsed = 00:00:00.017 . Memory (MB): peak = 3376.418 ; gain = 0.000
INFO: [Common 17-1381] The checkpoint 'c:/Users/lskje/Desktop/FPGA_Orderbook/xxv_ethernet_0_ex/xxv_ethernet_0_ex.runs/impl_1/xxv_ethernet_0_exdes_opt.dcp' has been generated.
Command: place_design
Attempting to get a license for feature 'Implementation' and/or device 'xcu26'
INFO: [Common 17-349] Got license for feature 'Implementation' and/or device 'xcu26'
INFO: [Common 17-83] Releasing license: Implementation
INFO: [DRC 23-27] Running DRC with 2 threads
INFO: [Vivado_Tcl 4-198] DRC finished with 0 Errors
INFO: [Vivado_Tcl 4-199] Please refer to the DRC report (report_drc) for more information.
Running DRC as a precondition to command place_design
INFO: [DRC 23-27] Running DRC with 2 threads
INFO: [Vivado_Tcl 4-198] DRC finished with 0 Errors
INFO: [Vivado_Tcl 4-199] Please refer to the DRC report (report_drc) for more information.
INFO: [Place 30-611] Multithreading enabled for place_design using a maximum of 2 CPUs

Starting Placer Task

Phase 1 Placer Initialization

Phase 1.1 Placer Initialization Netlist Sorting
Netlist sorting complete. Time (s): cpu = 00:00:00 ; elapsed = 00:00:00.005 . Memory (MB): peak = 3376.418 ; gain = 0.000
Phase 1.1 Placer Initialization Netlist Sorting | Checksum: 755e937e

Time (s): cpu = 00:00:00 ; elapsed = 00:00:00.126 . Memory (MB): peak = 3376.418 ; gain = 0.000
Netlist sorting complete. Time (s): cpu = 00:00:00 ; elapsed = 00:00:00.007 . Memory (MB): peak = 3376.418 ; gain = 0.000

Phase 1.2 IO Placement/ Clock Placement/ Build Placer Device
Phase 1.2 IO Placement/ Clock Placement/ Build Placer Device | Checksum: 1afee97f2

Time (s): cpu = 00:00:05 ; elapsed = 00:00:04 . Memory (MB): peak = 3376.418 ; gain = 0.000

Phase 1.3 Build Placer Netlist Model
Phase 1.3 Build Placer Netlist Model | Checksum: 1f1d87683

Time (s): cpu = 00:00:14 ; elapsed = 00:00:13 . Memory (MB): peak = 3376.418 ; gain = 0.000

Phase 1.4 Constrain Clocks/Macros
Phase 1.4 Constrain Clocks/Macros | Checksum: 1f1d87683

Time (s): cpu = 00:00:14 ; elapsed = 00:00:13 . Memory (MB): peak = 3376.418 ; gain = 0.000
Phase 1 Placer Initialization | Checksum: 1f1d87683

Time (s): cpu = 00:00:14 ; elapsed = 00:00:13 . Memory (MB): peak = 3376.418 ; gain = 0.000

Phase 2 Global Placement

Phase 2.1 Floorplanning

Phase 2.1.1 Partition Driven Placement

Phase 2.1.1.1 PBP: Partition Driven Placement
Phase 2.1.1.1 PBP: Partition Driven Placement | Checksum: 23ed3c05b

Time (s): cpu = 00:00:18 ; elapsed = 00:00:16 . Memory (MB): peak = 3376.418 ; gain = 0.000

Phase 2.1.1.2 PBP: Clock Region Placement
INFO: [Place 30-3162] Check ILP status : ILP-based clock placer completed successfully.
Phase 2.1.1.2 PBP: Clock Region Placement | Checksum: 13b7282d5

Time (s): cpu = 00:00:21 ; elapsed = 00:00:21 . Memory (MB): peak = 3376.418 ; gain = 0.000

Phase 2.1.1.3 PBP: Compute Congestion
Phase 2.1.1.3 PBP: Compute Congestion | Checksum: 13b7282d5

Time (s): cpu = 00:01:01 ; elapsed = 00:00:50 . Memory (MB): peak = 3546.402 ; gain = 169.984

Phase 2.1.1.4 PBP: UpdateTiming
Phase 2.1.1.4 PBP: UpdateTiming | Checksum: 14d428e42

Time (s): cpu = 00:01:02 ; elapsed = 00:00:50 . Memory (MB): peak = 3547.480 ; gain = 171.062

Phase 2.1.1.5 PBP: Add part constraints
Phase 2.1.1.5 PBP: Add part constraints | Checksum: 14d428e42

Time (s): cpu = 00:01:02 ; elapsed = 00:00:50 . Memory (MB): peak = 3547.480 ; gain = 171.062
Phase 2.1.1 Partition Driven Placement | Checksum: 14d428e42

Time (s): cpu = 00:01:02 ; elapsed = 00:00:50 . Memory (MB): peak = 3547.480 ; gain = 171.062
Phase 2.1 Floorplanning | Checksum: 1b362b343

Time (s): cpu = 00:01:02 ; elapsed = 00:00:50 . Memory (MB): peak = 3547.480 ; gain = 171.062

Phase 2.2 Update Timing before SLR Path Opt
Phase 2.2 Update Timing before SLR Path Opt | Checksum: 1b362b343

Time (s): cpu = 00:01:02 ; elapsed = 00:00:50 . Memory (MB): peak = 3547.480 ; gain = 171.062

Phase 2.3 Post-Processing in Floorplanning
Phase 2.3 Post-Processing in Floorplanning | Checksum: 1b362b343

Time (s): cpu = 00:01:02 ; elapsed = 00:00:50 . Memory (MB): peak = 3547.480 ; gain = 171.062

Phase 2.4 Global Place Phase1
Phase 2.4 Global Place Phase1 | Checksum: 1218ad129

Time (s): cpu = 00:02:39 ; elapsed = 00:01:44 . Memory (MB): peak = 3792.094 ; gain = 415.676

Phase 2.5 Global Place Phase2

Phase 2.5.1 UpdateTiming Before Physical Synthesis
Phase 2.5.1 UpdateTiming Before Physical Synthesis | Checksum: 1d8b2a328

Time (s): cpu = 00:02:41 ; elapsed = 00:01:45 . Memory (MB): peak = 3792.094 ; gain = 415.676

Phase 2.5.2 Physical Synthesis In Placer
INFO: [Physopt 32-1035] Found 0 LUTNM shape to break, 158 LUT instances to create LUTNM shape
INFO: [Physopt 32-1044] Break lutnm for timing: one critical 0, two critical 0, total 0, new lutff created 0
INFO: [Physopt 32-1138] End 1 Pass. Optimized 62 nets or LUTs. Breaked 0 LUT, combined 62 existing LUTs and moved 0 existing LUT
INFO: [Physopt 32-670] No setup violation found.  Equivalent Driver Rewiring was not performed.
INFO: [Physopt 32-65] No nets found for high-fanout optimization.
INFO: [Physopt 32-232] Optimized 0 net. Created 0 new instance.
INFO: [Physopt 32-775] End 1 Pass. Optimized 0 net or cell. Created 0 new cell, deleted 0 existing cell and moved 0 existing cell
INFO: [Physopt 32-670] No setup violation found.  DSP Register Optimization was not performed.
INFO: [Physopt 32-670] No setup violation found.  Shift Register to Pipeline Optimization was not performed.
INFO: [Physopt 32-670] No setup violation found.  Shift Register Optimization was not performed.
INFO: [Physopt 32-670] No setup violation found.  BRAM Register Optimization was not performed.
INFO: [Physopt 32-670] No setup violation found.  URAM Register Optimization was not performed.
INFO: [Physopt 32-949] No candidate nets found for dynamic/static region interface net replication
INFO: [Physopt 32-775] End 1 Pass. Optimized 0 net or cell. Created 0 new cell, deleted 0 existing cell and moved 0 existing cell
Netlist sorting complete. Time (s): cpu = 00:00:00 ; elapsed = 00:00:00.010 . Memory (MB): peak = 3792.094 ; gain = 0.000

Summary of Physical Synthesis Optimizations
============================================


-----------------------------------------------------------------------------------------------------------------------------------------------------------
|  Optimization                                     |  Added Cells  |  Removed Cells  |  Optimized Cells/Nets  |  Dont Touch  |  Iterations  |  Elapsed   |
-----------------------------------------------------------------------------------------------------------------------------------------------------------
|  LUT Combining                                    |            0  |             62  |                    62  |           0  |           1  |  00:00:00  |
|  Retime                                           |            0  |              0  |                     0  |           0  |           1  |  00:00:00  |
|  Equivalent Driver Rewiring                       |            0  |              0  |                     0  |           0  |           0  |  00:00:00  |
|  Very High Fanout                                 |            0  |              0  |                     0  |           0  |           1  |  00:00:00  |
|  DSP Register                                     |            0  |              0  |                     0  |           0  |           0  |  00:00:00  |
|  Shift Register to Pipeline                       |            0  |              0  |                     0  |           0  |           0  |  00:00:00  |
|  Shift Register                                   |            0  |              0  |                     0  |           0  |           0  |  00:00:00  |
|  BRAM Register                                    |            0  |              0  |                     0  |           0  |           0  |  00:00:00  |
|  URAM Register                                    |            0  |              0  |                     0  |           0  |           0  |  00:00:00  |
|  Dynamic/Static Region Interface Net Replication  |            0  |              0  |                     0  |           0  |           1  |  00:00:00  |
|  Total                                            |            0  |             62  |                    62  |           0  |           4  |  00:00:01  |
-----------------------------------------------------------------------------------------------------------------------------------------------------------


Phase 2.5.2 Physical Synthesis In Placer | Checksum: 20faf3aa3

Time (s): cpu = 00:02:42 ; elapsed = 00:01:47 . Memory (MB): peak = 3792.094 ; gain = 415.676
Phase 2.5 Global Place Phase2 | Checksum: 155e56d68

Time (s): cpu = 00:03:23 ; elapsed = 00:02:10 . Memory (MB): peak = 3792.094 ; gain = 415.676
Phase 2 Global Placement | Checksum: 155e56d68

Time (s): cpu = 00:03:23 ; elapsed = 00:02:10 . Memory (MB): peak = 3792.094 ; gain = 415.676

Phase 3 Detail Placement

Phase 3.1 Commit Multi Column Macros
Phase 3.1 Commit Multi Column Macros | Checksum: 1914fab44

Time (s): cpu = 00:04:04 ; elapsed = 00:02:33 . Memory (MB): peak = 3792.094 ; gain = 415.676

Phase 3.2 Commit Most Macros & LUTRAMs
Phase 3.2 Commit Most Macros & LUTRAMs | Checksum: 21aa16946

Time (s): cpu = 00:04:05 ; elapsed = 00:02:34 . Memory (MB): peak = 3792.094 ; gain = 415.676

Phase 3.3 Small Shape DP

Phase 3.3.1 Small Shape Clustering
Phase 3.3.1 Small Shape Clustering | Checksum: 2727930a6

Time (s): cpu = 00:05:24 ; elapsed = 00:03:17 . Memory (MB): peak = 3792.094 ; gain = 415.676

Phase 3.3.2 Slice Area Swap

Phase 3.3.2.1 Slice Area Swap Initial
Phase 3.3.2.1 Slice Area Swap Initial | Checksum: 2502c15d6

Time (s): cpu = 00:06:03 ; elapsed = 00:03:38 . Memory (MB): peak = 3792.094 ; gain = 415.676
Phase 3.3.2 Slice Area Swap | Checksum: 2502c15d6

Time (s): cpu = 00:06:04 ; elapsed = 00:03:39 . Memory (MB): peak = 3792.094 ; gain = 415.676
Phase 3.3 Small Shape DP | Checksum: 19a0c36ad

Time (s): cpu = 00:07:24 ; elapsed = 00:04:23 . Memory (MB): peak = 3792.094 ; gain = 415.676

Phase 3.4 Re-assign LUT pins
Phase 3.4 Re-assign LUT pins | Checksum: 2354f153d

Time (s): cpu = 00:07:26 ; elapsed = 00:04:24 . Memory (MB): peak = 3792.094 ; gain = 415.676

Phase 3.5 Pipeline Register Optimization
Phase 3.5 Pipeline Register Optimization | Checksum: 23b557b29

Time (s): cpu = 00:07:26 ; elapsed = 00:04:24 . Memory (MB): peak = 3792.094 ; gain = 415.676
Phase 3 Detail Placement | Checksum: 23b557b29

Time (s): cpu = 00:07:26 ; elapsed = 00:04:24 . Memory (MB): peak = 3792.094 ; gain = 415.676

Phase 4 Post Placement Optimization and Clean-Up

Phase 4.1 Post Commit Optimization
INFO: [Timing 38-35] Done setting XDC timing constraints.

Phase 4.1.1 Post Placement Optimization
Post Placement Optimization Initialization | Checksum: 1c7582102

Phase 4.1.1.1 BUFG Insertion

Starting Physical Synthesis Task

Phase 1 Physical Synthesis Initialization
INFO: [Physopt 32-721] Multithreading enabled for phys_opt_design using a maximum of 2 CPUs
INFO: [Physopt 32-619] Estimated Timing Summary | WNS=1.294 | TNS=0.000 |
Phase 1 Physical Synthesis Initialization | Checksum: 1c2c03f3d

Time (s): cpu = 00:00:00 ; elapsed = 00:00:00.404 . Memory (MB): peak = 3796.680 ; gain = 0.000
INFO: [Place 46-35] Processed net DUT/inst/i_xxv_ethernet_0_top_0/i_xxv_ethernet_0_CORE/i_TX_TOP/i_RESET_FLOP_TX_LBA/reset_flop_out, inserted BUFG to drive 1138 loads.
INFO: [Place 46-45] Replicated bufg driver DUT/inst/i_xxv_ethernet_0_top_0/i_xxv_ethernet_0_CORE/i_TX_TOP/i_RESET_FLOP_TX_LBA/reset_flop_out_reg_replica
INFO: [Place 46-56] BUFG insertion identified 1 candidate nets. Inserted BUFG: 1, Replicated BUFG Driver: 1, Skipped due to Placement/Routing Conflicts: 0, Skipped due to Timing Degradation: 0, Skipped due to netlist editing failed: 0.
Ending Physical Synthesis Task | Checksum: 11c684dd9

Time (s): cpu = 00:00:01 ; elapsed = 00:00:02 . Memory (MB): peak = 3796.680 ; gain = 0.000
Phase 4.1.1.1 BUFG Insertion | Checksum: 17e3caae4

Time (s): cpu = 00:08:23 ; elapsed = 00:05:02 . Memory (MB): peak = 3796.680 ; gain = 420.262

Phase 4.1.1.2 Post Placement Timing Optimization
INFO: [Place 30-746] Post Placement Timing Summary WNS=1.091. For the most accurate timing information please run report_timing.
Phase 4.1.1.2 Post Placement Timing Optimization | Checksum: 17053995b

Time (s): cpu = 00:08:23 ; elapsed = 00:05:02 . Memory (MB): peak = 3796.680 ; gain = 420.262

Time (s): cpu = 00:08:23 ; elapsed = 00:05:02 . Memory (MB): peak = 3796.680 ; gain = 420.262
Phase 4.1 Post Commit Optimization | Checksum: 17053995b

Time (s): cpu = 00:08:23 ; elapsed = 00:05:02 . Memory (MB): peak = 3796.680 ; gain = 420.262
Netlist sorting complete. Time (s): cpu = 00:00:00 ; elapsed = 00:00:00.020 . Memory (MB): peak = 3799.105 ; gain = 0.000

Phase 4.2 Post Placement Cleanup
Phase 4.2 Post Placement Cleanup | Checksum: 1ce3a0099

Time (s): cpu = 00:09:21 ; elapsed = 00:05:42 . Memory (MB): peak = 3799.105 ; gain = 422.688

Phase 4.3 Placer Reporting

Phase 4.3.1 Print Estimated Congestion
INFO: [Place 30-612] Post-Placement Estimated Congestion 
 ________________________________________________________________________
|           | Global Congestion | Long Congestion   | Short Congestion  |
| Direction | Region Size       | Region Size       | Region Size       |
|___________|___________________|___________________|___________________|
|      North|                1x1|                1x1|                1x1|
|___________|___________________|___________________|___________________|
|      South|                1x1|                1x1|                1x1|
|___________|___________________|___________________|___________________|
|       East|                1x1|                1x1|                4x4|
|___________|___________________|___________________|___________________|
|       West|                1x1|                1x1|                4x4|
|___________|___________________|___________________|___________________|

Phase 4.3.1 Print Estimated Congestion | Checksum: 1ce3a0099

Time (s): cpu = 00:09:21 ; elapsed = 00:05:42 . Memory (MB): peak = 3799.105 ; gain = 422.688
Phase 4.3 Placer Reporting | Checksum: 1ce3a0099

Time (s): cpu = 00:09:21 ; elapsed = 00:05:42 . Memory (MB): peak = 3799.105 ; gain = 422.688

Phase 4.4 Final Placement Cleanup
Netlist sorting complete. Time (s): cpu = 00:00:00 ; elapsed = 00:00:00.006 . Memory (MB): peak = 3799.105 ; gain = 0.000

Time (s): cpu = 00:09:21 ; elapsed = 00:05:42 . Memory (MB): peak = 3799.105 ; gain = 422.688
Phase 4 Post Placement Optimization and Clean-Up | Checksum: 264b87c4e

Time (s): cpu = 00:09:21 ; elapsed = 00:05:42 . Memory (MB): peak = 3799.105 ; gain = 422.688
Ending Placer Task | Checksum: 1fb04aeb8

Time (s): cpu = 00:09:21 ; elapsed = 00:05:42 . Memory (MB): peak = 3799.105 ; gain = 422.688
75 Infos, 70 Warnings, 0 Critical Warnings and 0 Errors encountered.
place_design completed successfully
place_design: Time (s): cpu = 00:09:24 ; elapsed = 00:05:45 . Memory (MB): peak = 3799.105 ; gain = 422.688
INFO: [Vivado 12-24838] Running report commands "report_control_sets, report_io, report_utilization" in parallel.
Running report generation with 2 threads.
INFO: [Vivado 12-24828] Executing command : report_utilization -file xxv_ethernet_0_exdes_utilization_placed.rpt -pb xxv_ethernet_0_exdes_utilization_placed.pb
INFO: [Vivado 12-24828] Executing command : report_control_sets -verbose -file xxv_ethernet_0_exdes_control_sets_placed.rpt
report_control_sets: Time (s): cpu = 00:00:00 ; elapsed = 00:00:00.068 . Memory (MB): peak = 3799.105 ; gain = 0.000
INFO: [Vivado 12-24828] Executing command : report_io -file xxv_ethernet_0_exdes_io_placed.rpt
report_io: Time (s): cpu = 00:00:01 ; elapsed = 00:00:00.413 . Memory (MB): peak = 3799.105 ; gain = 0.000
INFO: [Timing 38-480] Writing timing data to binary archive.
Write ShapeDB Complete: Time (s): cpu = 00:00:00 ; elapsed = 00:00:00.030 . Memory (MB): peak = 3799.105 ; gain = 0.000
Wrote PlaceDB: Time (s): cpu = 00:00:01 ; elapsed = 00:00:00.574 . Memory (MB): peak = 3799.105 ; gain = 0.000
Wrote PulsedLatchDB: Time (s): cpu = 00:00:00 ; elapsed = 00:00:00 . Memory (MB): peak = 3799.105 ; gain = 0.000
Writing XDEF routing.
Writing XDEF routing logical nets.
Writing XDEF routing special nets.
Wrote RouteStorage: Time (s): cpu = 00:00:00 ; elapsed = 00:00:00.048 . Memory (MB): peak = 3799.105 ; gain = 0.000
Wrote Netlist Cache: Time (s): cpu = 00:00:00 ; elapsed = 00:00:00.016 . Memory (MB): peak = 3799.105 ; gain = 0.000
Wrote Device Cache: Time (s): cpu = 00:00:00 ; elapsed = 00:00:00.014 . Memory (MB): peak = 3799.105 ; gain = 0.000
Write Physdb Complete: Time (s): cpu = 00:00:01 ; elapsed = 00:00:00.696 . Memory (MB): peak = 3799.105 ; gain = 0.000
INFO: [Common 17-1381] The checkpoint 'c:/Users/lskje/Desktop/FPGA_Orderbook/xxv_ethernet_0_ex/xxv_ethernet_0_ex.runs/impl_1/xxv_ethernet_0_exdes_placed.dcp' has been generated.
Command: phys_opt_design
Attempting to get a license for feature 'Implementation' and/or device 'xcu26'
INFO: [Common 17-349] Got license for feature 'Implementation' and/or device 'xcu26'

Starting Initial Update Timing Task

Time (s): cpu = 00:00:07 ; elapsed = 00:00:05 . Memory (MB): peak = 3799.105 ; gain = 0.000
INFO: [Vivado_Tcl 4-2279] Estimated Timing Summary | WNS= 1.300 | TNS= 0.000 | 
INFO: [Vivado_Tcl 4-383] Design worst setup slack (WNS) is greater than or equal to 0.000 ns. All physical synthesis setup optimizations will be skipped.
INFO: [Vivado_Tcl 4-232] No setup violation found. The netlist was not modified.
INFO: [Common 17-83] Releasing license: Implementation
86 Infos, 70 Warnings, 0 Critical Warnings and 0 Errors encountered.
phys_opt_design completed successfully
phys_opt_design: Time (s): cpu = 00:00:07 ; elapsed = 00:00:05 . Memory (MB): peak = 3799.105 ; gain = 0.000
INFO: [Timing 38-480] Writing timing data to binary archive.
Write ShapeDB Complete: Time (s): cpu = 00:00:00 ; elapsed = 00:00:00.033 . Memory (MB): peak = 3799.105 ; gain = 0.000
Wrote PlaceDB: Time (s): cpu = 00:00:01 ; elapsed = 00:00:00.556 . Memory (MB): peak = 3799.105 ; gain = 0.000
Wrote PulsedLatchDB: Time (s): cpu = 00:00:00 ; elapsed = 00:00:00 . Memory (MB): peak = 3799.105 ; gain = 0.000
Writing XDEF routing.
Writing XDEF routing logical nets.
Writing XDEF routing special nets.
Wrote RouteStorage: Time (s): cpu = 00:00:00 ; elapsed = 00:00:00.039 . Memory (MB): peak = 3799.105 ; gain = 0.000
Wrote Netlist Cache: Time (s): cpu = 00:00:00 ; elapsed = 00:00:00.016 . Memory (MB): peak = 3799.105 ; gain = 0.000
Wrote Device Cache: Time (s): cpu = 00:00:00 ; elapsed = 00:00:00.032 . Memory (MB): peak = 3799.105 ; gain = 0.000
Write Physdb Complete: Time (s): cpu = 00:00:01 ; elapsed = 00:00:00.657 . Memory (MB): peak = 3799.105 ; gain = 0.000
INFO: [Common 17-1381] The checkpoint 'c:/Users/lskje/Desktop/FPGA_Orderbook/xxv_ethernet_0_ex/xxv_ethernet_0_ex.runs/impl_1/xxv_ethernet_0_exdes_physopt.dcp' has been generated.
Command: route_design
Attempting to get a license for feature 'Implementation' and/or device 'xcu26'
INFO: [Common 17-349] Got license for feature 'Implementation' and/or device 'xcu26'


Starting Routing Task
INFO: [Route 35-254] Multithreading enabled for route_design using a maximum of 2 CPUs

Phase 1 Build RT Design
Checksum: PlaceDB: 736ca739 ConstDB: 0 ShapeSum: baab9ecb RouteDB: ccec68b4
Nodegraph reading from file.  Time (s): cpu = 00:00:01 ; elapsed = 00:00:01 . Memory (MB): peak = 3799.105 ; gain = 0.000
Post Restoration Checksum: NetGraph: 90826ff4 | NumContArr: 48131ed7 | Constraints: 591d8134 | Timing: c2a8fa9d
Phase 1 Build RT Design | Checksum: 1f45c0a9c

Time (s): cpu = 00:00:22 ; elapsed = 00:00:21 . Memory (MB): peak = 3799.105 ; gain = 0.000

Phase 2 Router Initialization

Phase 2.1 Fix Topology Constraints
Phase 2.1 Fix Topology Constraints | Checksum: 1f45c0a9c

Time (s): cpu = 00:00:22 ; elapsed = 00:00:21 . Memory (MB): peak = 3799.105 ; gain = 0.000

Phase 2.2 Pre Route Cleanup
Phase 2.2 Pre Route Cleanup | Checksum: 1f45c0a9c

Time (s): cpu = 00:00:22 ; elapsed = 00:00:21 . Memory (MB): peak = 3799.105 ; gain = 0.000

Phase 2.3 Global Clock Net Routing
 Number of Nodes with overlaps = 0
Phase 2.3 Global Clock Net Routing | Checksum: 205a971d5

Time (s): cpu = 00:00:29 ; elapsed = 00:00:26 . Memory (MB): peak = 3980.074 ; gain = 180.969

Phase 2.4 Update Timing
Phase 2.4 Update Timing | Checksum: 28e5d2d7e

Time (s): cpu = 00:00:34 ; elapsed = 00:00:30 . Memory (MB): peak = 3980.074 ; gain = 180.969
INFO: [Route 35-416] Intermediate Timing Summary | WNS=1.366  | TNS=0.000  | WHS=-0.057 | THS=-4.563 |


Phase 2.5 Soft Constraint Pins - Fast Budgeting
Phase 2.5 Soft Constraint Pins - Fast Budgeting | Checksum: 2237b707a

Time (s): cpu = 00:00:36 ; elapsed = 00:00:32 . Memory (MB): peak = 3980.074 ; gain = 180.969

Router Utilization Summary
  Global Vertical Routing Utilization    = 0 %
  Global Horizontal Routing Utilization  = 0 %
  Routable Net Status*
  *Does not include unroutable nets such as driverless and loadless.
  Run report_route_status for detailed report.
  Number of Failed Nets               = 9189
    (Failed Nets is the sum of unrouted and partially routed nets)
  Number of Unrouted Nets             = 7617
  Number of Partially Routed Nets     = 1572
  Number of Node Overlaps             = 0

Phase 2 Router Initialization | Checksum: 2b98cdbb5

Time (s): cpu = 00:00:43 ; elapsed = 00:00:36 . Memory (MB): peak = 4005.656 ; gain = 206.551

Phase 3 Global Routing
Phase 3 Global Routing | Checksum: 2b98cdbb5

Time (s): cpu = 00:00:43 ; elapsed = 00:00:36 . Memory (MB): peak = 4005.656 ; gain = 206.551

Phase 4 Initial Routing

Phase 4.1 Initial Net Routing Pass
Phase 4.1 Initial Net Routing Pass | Checksum: 16d5d771c

Time (s): cpu = 00:00:51 ; elapsed = 00:00:41 . Memory (MB): peak = 4005.656 ; gain = 206.551
Phase 4 Initial Routing | Checksum: 17a0e3628

Time (s): cpu = 00:00:52 ; elapsed = 00:00:41 . Memory (MB): peak = 4005.656 ; gain = 206.551

Phase 5 Rip-up And Reroute

Phase 5.1 Global Iteration 0
 Number of Nodes with overlaps = 1774
 Number of Nodes with overlaps = 126
 Number of Nodes with overlaps = 9
 Number of Nodes with overlaps = 2
 Number of Nodes with overlaps = 0
INFO: [Route 35-416] Intermediate Timing Summary | WNS=1.084  | TNS=0.000  | WHS=-0.031 | THS=-0.137 |

Phase 5.1 Global Iteration 0 | Checksum: 2a468165d

Time (s): cpu = 00:01:08 ; elapsed = 00:00:52 . Memory (MB): peak = 4005.656 ; gain = 206.551

Phase 5.2 Additional Iteration for Hold
Phase 5.2 Additional Iteration for Hold | Checksum: 1be970dd6

Time (s): cpu = 00:01:08 ; elapsed = 00:00:52 . Memory (MB): peak = 4005.656 ; gain = 206.551
Phase 5 Rip-up And Reroute | Checksum: 1be970dd6

Time (s): cpu = 00:01:08 ; elapsed = 00:00:52 . Memory (MB): peak = 4005.656 ; gain = 206.551

Phase 6 Delay and Skew Optimization

Phase 6.1 Delay CleanUp
INFO: [Route 35-416] Intermediate Timing Summary | WNS=1.084  | TNS=0.000  | WHS=0.011  | THS=0.000  |

INFO: [Route 35-416] Intermediate Timing Summary | WNS=1.084  | TNS=0.000  | WHS=0.011  | THS=0.000  |

Phase 6.1 Delay CleanUp | Checksum: 1a321c383

Time (s): cpu = 00:01:13 ; elapsed = 00:00:56 . Memory (MB): peak = 4005.656 ; gain = 206.551

Phase 6.2 Clock Skew Optimization
Phase 6.2 Clock Skew Optimization | Checksum: 1a321c383

Time (s): cpu = 00:01:13 ; elapsed = 00:00:56 . Memory (MB): peak = 4005.656 ; gain = 206.551
Phase 6 Delay and Skew Optimization | Checksum: 1a321c383

Time (s): cpu = 00:01:13 ; elapsed = 00:00:56 . Memory (MB): peak = 4005.656 ; gain = 206.551

Phase 7 Post Hold Fix

Phase 7.1 Hold Fix Iter
INFO: [Route 35-416] Intermediate Timing Summary | WNS=1.084  | TNS=0.000  | WHS=0.011  | THS=0.000  |

Phase 7.1 Hold Fix Iter | Checksum: 1a66c7047

Time (s): cpu = 00:01:17 ; elapsed = 00:01:00 . Memory (MB): peak = 4005.656 ; gain = 206.551
Phase 7 Post Hold Fix | Checksum: 1a66c7047

Time (s): cpu = 00:01:17 ; elapsed = 00:01:00 . Memory (MB): peak = 4005.656 ; gain = 206.551

Phase 8 Route finalize

Router Utilization Summary
  Global Vertical Routing Utilization    = 0.0921039 %
  Global Horizontal Routing Utilization  = 0.10467 %
  Routable Net Status*
  *Does not include unroutable nets such as driverless and loadless.
  Run report_route_status for detailed report.
  Number of Failed Nets               = 0
    (Failed Nets is the sum of unrouted and partially routed nets)
  Number of Unrouted Nets             = 0
  Number of Partially Routed Nets     = 0
  Number of Node Overlaps             = 0

Phase 8 Route finalize | Checksum: 1a66c7047

Time (s): cpu = 00:01:19 ; elapsed = 00:01:01 . Memory (MB): peak = 4005.656 ; gain = 206.551

Phase 9 Verifying routed nets

 Verification completed successfully
Phase 9 Verifying routed nets | Checksum: 1a66c7047

Time (s): cpu = 00:01:19 ; elapsed = 00:01:01 . Memory (MB): peak = 4005.656 ; gain = 206.551

Phase 10 Depositing Routes
Phase 10 Depositing Routes | Checksum: 1a66c7047

Time (s): cpu = 00:01:20 ; elapsed = 00:01:02 . Memory (MB): peak = 4005.656 ; gain = 206.551

Phase 11 Resolve XTalk
Phase 11 Resolve XTalk | Checksum: 1a66c7047

Time (s): cpu = 00:01:20 ; elapsed = 00:01:03 . Memory (MB): peak = 4005.656 ; gain = 206.551

Phase 12 Post Process Routing
Phase 12 Post Process Routing | Checksum: 1a66c7047

Time (s): cpu = 00:01:21 ; elapsed = 00:01:03 . Memory (MB): peak = 4005.656 ; gain = 206.551

Phase 13 Post Router Timing
INFO: [Route 35-57] Estimated Timing Summary | WNS=1.084  | TNS=0.000  | WHS=0.011  | THS=0.000  |

INFO: [Route 35-327] The final timing numbers are based on the router estimated timing analysis. For a complete and accurate timing signoff, please run report_timing_summary.
Phase 13 Post Router Timing | Checksum: 1a66c7047

Time (s): cpu = 00:01:21 ; elapsed = 00:01:03 . Memory (MB): peak = 4005.656 ; gain = 206.551
Total Elapsed time in route_design: 62.554 secs

Phase 14 Post-Route Event Processing
Phase 14 Post-Route Event Processing | Checksum: 1b477ac8f

Time (s): cpu = 00:01:21 ; elapsed = 00:01:03 . Memory (MB): peak = 4005.656 ; gain = 206.551
INFO: [Route 35-16] Router Completed Successfully
Ending Routing Task | Checksum: 1b477ac8f

Time (s): cpu = 00:01:21 ; elapsed = 00:01:03 . Memory (MB): peak = 4005.656 ; gain = 206.551

Routing Is Done.
INFO: [Common 17-83] Releasing license: Implementation
99 Infos, 70 Warnings, 0 Critical Warnings and 0 Errors encountered.
route_design completed successfully
route_design: Time (s): cpu = 00:01:21 ; elapsed = 00:01:03 . Memory (MB): peak = 4005.656 ; gain = 206.551
INFO: [Vivado 12-24828] Executing command : report_drc -file xxv_ethernet_0_exdes_drc_routed.rpt -pb xxv_ethernet_0_exdes_drc_routed.pb -rpx xxv_ethernet_0_exdes_drc_routed.rpx
Command: report_drc -file xxv_ethernet_0_exdes_drc_routed.rpt -pb xxv_ethernet_0_exdes_drc_routed.pb -rpx xxv_ethernet_0_exdes_drc_routed.rpx
INFO: [IP_Flow 19-1839] IP Catalog is up to date.
INFO: [DRC 23-27] Running DRC with 2 threads
INFO: [Vivado_Tcl 2-168] The results of DRC are in file c:/Users/lskje/Desktop/FPGA_Orderbook/xxv_ethernet_0_ex/xxv_ethernet_0_ex.runs/impl_1/xxv_ethernet_0_exdes_drc_routed.rpt.
report_drc completed successfully
report_drc: Time (s): cpu = 00:00:17 ; elapsed = 00:00:12 . Memory (MB): peak = 4005.656 ; gain = 0.000
INFO: [Vivado 12-24828] Executing command : report_methodology -file xxv_ethernet_0_exdes_methodology_drc_routed.rpt -pb xxv_ethernet_0_exdes_methodology_drc_routed.pb -rpx xxv_ethernet_0_exdes_methodology_drc_routed.rpx
Command: report_methodology -file xxv_ethernet_0_exdes_methodology_drc_routed.rpt -pb xxv_ethernet_0_exdes_methodology_drc_routed.pb -rpx xxv_ethernet_0_exdes_methodology_drc_routed.rpx
INFO: [Timing 38-35] Done setting XDC timing constraints.
INFO: [DRC 23-133] Running Methodology with 2 threads
INFO: [Vivado_Tcl 2-1520] The results of Report Methodology are in file c:/Users/lskje/Desktop/FPGA_Orderbook/xxv_ethernet_0_ex/xxv_ethernet_0_ex.runs/impl_1/xxv_ethernet_0_exdes_methodology_drc_routed.rpt.
report_methodology completed successfully
report_methodology: Time (s): cpu = 00:00:08 ; elapsed = 00:00:06 . Memory (MB): peak = 4005.656 ; gain = 0.000
INFO: [Vivado 12-24828] Executing command : report_timing_summary -max_paths 10 -routable_nets -report_unconstrained -file xxv_ethernet_0_exdes_timing_summary_routed.rpt -pb xxv_ethernet_0_exdes_timing_summary_routed.pb -rpx xxv_ethernet_0_exdes_timing_summary_routed.rpx -warn_on_violation 
INFO: [Timing 38-35] Done setting XDC timing constraints.
INFO: [Timing 38-91] UpdateTimingParams: Speed grade: -2LV, Temperature grade: E, Delay Type: min_max.
INFO: [Timing 38-191] Multithreading enabled for timing update using a maximum of 2 CPUs
INFO: [Vivado 12-24838] Running report commands "report_incremental_reuse, report_route_status" in parallel.
Running report generation with 2 threads.
INFO: [Vivado 12-24828] Executing command : report_incremental_reuse -file xxv_ethernet_0_exdes_incremental_reuse_routed.rpt
INFO: [Vivado_Tcl 4-1062] Incremental flow is disabled. No incremental reuse Info to report.
INFO: [Vivado 12-24828] Executing command : report_route_status -file xxv_ethernet_0_exdes_route_status.rpt -pb xxv_ethernet_0_exdes_route_status.pb
INFO: [Vivado 12-24828] Executing command : report_power -file xxv_ethernet_0_exdes_power_routed.rpt -pb xxv_ethernet_0_exdes_power_summary_routed.pb -rpx xxv_ethernet_0_exdes_power_routed.rpx
Command: report_power -file xxv_ethernet_0_exdes_power_routed.rpt -pb xxv_ethernet_0_exdes_power_summary_routed.pb -rpx xxv_ethernet_0_exdes_power_routed.rpx
Running Vector-less Activity Propagation...

Finished Running Vector-less Activity Propagation
116 Infos, 70 Warnings, 0 Critical Warnings and 0 Errors encountered.
report_power completed successfully
report_power: Time (s): cpu = 00:00:15 ; elapsed = 00:00:14 . Memory (MB): peak = 4005.656 ; gain = 0.000
INFO: [Vivado 12-24828] Executing command : report_clock_utilization -file xxv_ethernet_0_exdes_clock_utilization_routed.rpt
report_clock_utilization: Time (s): cpu = 00:00:14 ; elapsed = 00:00:14 . Memory (MB): peak = 4005.656 ; gain = 0.000
INFO: [Vivado 12-24828] Executing command : report_bus_skew -warn_on_violation -file xxv_ethernet_0_exdes_bus_skew_routed.rpt -pb xxv_ethernet_0_exdes_bus_skew_routed.pb -rpx xxv_ethernet_0_exdes_bus_skew_routed.rpx
INFO: [Timing 38-91] UpdateTimingParams: Speed grade: -2LV, Temperature grade: E, Delay Type: min_max.
INFO: [Timing 38-191] Multithreading enabled for timing update using a maximum of 2 CPUs
generate_parallel_reports: Time (s): cpu = 00:00:59 ; elapsed = 00:00:52 . Memory (MB): peak = 4005.656 ; gain = 0.000
INFO: [Timing 38-480] Writing timing data to binary archive.
Write ShapeDB Complete: Time (s): cpu = 00:00:00 ; elapsed = 00:00:00.032 . Memory (MB): peak = 4005.656 ; gain = 0.000
Wrote PlaceDB: Time (s): cpu = 00:00:01 ; elapsed = 00:00:00.556 . Memory (MB): peak = 4005.656 ; gain = 0.000
Wrote PulsedLatchDB: Time (s): cpu = 00:00:00 ; elapsed = 00:00:00 . Memory (MB): peak = 4005.656 ; gain = 0.000
Writing XDEF routing.
Writing XDEF routing logical nets.
Writing XDEF routing special nets.
Wrote RouteStorage: Time (s): cpu = 00:00:00 ; elapsed = 00:00:00.151 . Memory (MB): peak = 4005.656 ; gain = 0.000
Wrote Netlist Cache: Time (s): cpu = 00:00:00 ; elapsed = 00:00:00.016 . Memory (MB): peak = 4005.656 ; gain = 0.000
Wrote Device Cache: Time (s): cpu = 00:00:00 ; elapsed = 00:00:00.015 . Memory (MB): peak = 4005.656 ; gain = 0.000
Write Physdb Complete: Time (s): cpu = 00:00:01 ; elapsed = 00:00:00.751 . Memory (MB): peak = 4005.656 ; gain = 0.000
INFO: [Common 17-1381] The checkpoint 'c:/Users/lskje/Desktop/FPGA_Orderbook/xxv_ethernet_0_ex/xxv_ethernet_0_ex.runs/impl_1/xxv_ethernet_0_exdes_routed.dcp' has been generated.
INFO: [Common 17-206] Exiting Vivado at Mon Aug  3 18:42:39 2026...
