Copyright 1986-2022 Xilinx, Inc. All Rights Reserved. Copyright 2022-2025 Advanced Micro Devices, Inc. All Rights Reserved.
---------------------------------------------------------------------------------------------------------------------------------------------
| Tool Version : Vivado v.2025.2 (win64) Build 6299465 Fri Nov 14 19:35:11 GMT 2025
| Date         : Mon Aug  3 18:40:34 2026
| Host         : DESKTOP-MB4FOM3 running 64-bit major release  (build 9200)
| Command      : report_control_sets -verbose -file xxv_ethernet_0_exdes_control_sets_placed.rpt
| Design       : xxv_ethernet_0_exdes
| Device       : xcu26
---------------------------------------------------------------------------------------------------------------------------------------------

Control Set Information

Table of Contents
-----------------
1. Summary
2. Histogram
3. Flip-Flop Distribution
4. Detailed Control Set Information

1. Summary
----------

+----------------------------------------------------------+-------+
|                          Status                          | Count |
+----------------------------------------------------------+-------+
| Total control sets                                       |   112 |
|    Minimum number of control sets                        |   112 |
|    Addition due to synthesis replication                 |     0 |
|    Addition due to physical synthesis replication        |     0 |
| Unused register locations in slices containing registers |   149 |
+----------------------------------------------------------+-------+
* Control sets can be merged at opt_design using control_set_merge or merge_equivalent_drivers
** Run report_qor_suggestions for automated merging and remapping suggestions


2. Histogram
------------

+--------------------+-------+
|       Fanout       | Count |
+--------------------+-------+
| Total control sets |   112 |
| >= 0 to < 4        |    35 |
| >= 4 to < 6        |    10 |
| >= 6 to < 8        |     5 |
| >= 8 to < 10       |     5 |
| >= 10 to < 12      |     0 |
| >= 12 to < 14      |     1 |
| >= 14 to < 16      |     3 |
| >= 16              |    53 |
+--------------------+-------+
* Control sets can be remapped at either synth_design or opt_design


3. Flip-Flop Distribution
-------------------------

+--------------+-----------------------+------------------------+-----------------+--------------+
| Clock Enable | Synchronous Set/Reset | Asynchronous Set/Reset | Total Registers | Total Slices |
+--------------+-----------------------+------------------------+-----------------+--------------+
| No           | No                    | No                     |            1392 |          375 |
| No           | No                    | Yes                    |             384 |           88 |
| No           | Yes                   | No                     |            1126 |          366 |
| Yes          | No                    | No                     |             331 |           77 |
| Yes          | No                    | Yes                    |             438 |           98 |
| Yes          | Yes                   | No                     |            2200 |          501 |
+--------------+-----------------------+------------------------+-----------------+--------------+


4. Detailed Control Set Information
-----------------------------------

+----------------------------------------------------------------+--------------------------------------------------------------------------------------------------------------------------------------+------------------------------------------------------------------------------------------------------------------------------------------+------------------+----------------+--------------+
|                          Clock Signal                          |                                                             Enable Signal                                                            |                                                             Set/Reset Signal                                                             | Slice Load Count | Bel Load Count | Bels / Slice |
+----------------------------------------------------------------+--------------------------------------------------------------------------------------------------------------------------------------+------------------------------------------------------------------------------------------------------------------------------------------+------------------+----------------+--------------+
|  clk_IBUF_BUFG                                                 | DUT/inst/i_xxv_ethernet_0_top_0/i_xxv_ethernet_0_CORE/i_TX_TOP/f                                                                     |                                                                                                                                          |                1 |              1 |         1.00 |
|  clk_IBUF_BUFG                                                 | DUT/inst/i_xxv_ethernet_0_top_0/i_xxv_ethernet_0_CORE/i_RX_TOP/f                                                                     |                                                                                                                                          |                1 |              1 |         1.00 |
|  clk_IBUF_BUFG                                                 | DUT/inst/i_xxv_ethernet_0_top_0/i_xxv_ethernet_0_CORE/i_TX_TOP/i_RESET_FLOP_TX_LBA/fcs_qual_r[0]                                     |                                                                                                                                          |                1 |              1 |         1.00 |
|  clk_IBUF_BUFG                                                 | i_xxv_ethernet_0_pkt_gen_mon_0/i_xxv_ethernet_0_TRAFFIC_GENERATOR/i_xxv_ethernet_0_PKT_CHK/FSM_sequential_state[1]_i_1__1_n_0        | sys_reset_IBUF_inst/O                                                                                                                    |                1 |              2 |         2.00 |
|  clk_IBUF_BUFG                                                 | DUT/inst/i_xxv_ethernet_0_top_0/i_xxv_ethernet_0_CORE/i_TX_TOP/i_TX_LBUS_ADAPTER/i_PAUSE/pause_insert_ack1                           | DUT/inst/i_xxv_ethernet_0_top_0/i_xxv_ethernet_0_CORE/i_TX_TOP/i_TX_LBUS_ADAPTER/eop_qual_r[0]                                           |                1 |              2 |         2.00 |
|  clk_IBUF_BUFG                                                 | i_xxv_ethernet_0_pkt_gen_mon_0/i_xxv_ethernet_0_TRAFFIC_GENERATOR/i_xxv_ethernet_0_TRAF_DATA_CHK/FSM_sequential_state[0][1]_i_1_n_0  | sys_reset_IBUF_inst/O                                                                                                                    |                1 |              2 |         2.00 |
|  clk_IBUF_BUFG                                                 | i_xxv_ethernet_0_pkt_gen_mon_0/i_xxv_ethernet_0_TRAFFIC_GENERATOR/i_xxv_ethernet_0_TRAF_CHK2/FSM_sequential_state[1]_i_1__2_n_0      | sys_reset_IBUF_inst/O                                                                                                                    |                1 |              2 |         2.00 |
|  clk_IBUF_BUFG                                                 | DUT/inst/i_xxv_ethernet_0_top_0/i_xxv_ethernet_0_CORE/i_TX_TOP/i_TX_LBUS_ADAPTER/dic_r[0]                                            | DUT/inst/i_xxv_ethernet_0_top_0/i_xxv_ethernet_0_CORE/i_TX_TOP/i_TX_LBUS_ADAPTER/dic_r[1]_i_1_n_0                                        |                1 |              2 |         2.00 |
|  clk_IBUF_BUFG                                                 | DUT/inst/i_xxv_ethernet_0_top_0/i_xxv_ethernet_0_CORE/i_TX_TOP/i_TX_GMII_ADAPT/FSM_sequential_pkt_state[1]_i_1_n_0                   | sys_reset_IBUF_inst/O                                                                                                                    |                1 |              2 |         2.00 |
|  clk_IBUF_BUFG                                                 | DUT/inst/i_xxv_ethernet_0_top_0/i_xxv_ethernet_0_CORE/i_TX_TOP/i_TX_LBUS_ADAPTER/sh_ctl0_p5_r[2]_i_1_n_0                             | DUT/inst/i_xxv_ethernet_0_top_0/i_xxv_ethernet_0_CORE/i_TX_TOP/i_RESET_FLOP_TX_LBA/reset_flop_out                                        |                2 |              2 |         1.00 |
|  clk_IBUF_BUFG                                                 | DUT/inst/i_xxv_ethernet_0_top_0/i_xxv_ethernet_0_CORE/i_TX_TOP/i_TX_LBUS_ADAPTER/i_PAUSE/pause_insert_ack1                           | DUT/inst/i_xxv_ethernet_0_top_0/i_xxv_ethernet_0_CORE/i_TX_TOP/i_TX_LBUS_ADAPTER/mty_qual_r[1]_i_1_n_0                                   |                1 |              2 |         2.00 |
|  clk_IBUF_BUFG                                                 |                                                                                                                                      | DUT/inst/i_xxv_ethernet_0_top_0/i_xxv_ethernet_0_tx_mii_reset/tx_mii_reset                                                               |                1 |              3 |         3.00 |
|  DUT/inst/i_xxv_ethernet_0_top_0/i_SHARED_CLOCKING/tx_mii_clk0 |                                                                                                                                      | sys_reset_IBUF_inst/O                                                                                                                    |                1 |              3 |         3.00 |
|  DUT/inst/i_xxv_ethernet_0_top_0/i_SHARED_CLOCKING/tx_mii_clk0 |                                                                                                                                      | DUT/inst/i_xxv_ethernet_0_top_0/i_xxv_ethernet_0_tx_mii_reset/tx_mii_reset                                                               |                1 |              3 |         3.00 |
|  DUT/inst/i_xxv_ethernet_0_top_0/i_XGMII_IF/rx_clk0            |                                                                                                                                      | sys_reset_IBUF_inst/O                                                                                                                    |                1 |              3 |         3.00 |
|  DUT/inst/i_xxv_ethernet_0_top_0/i_XGMII_IF/rx_clk0            |                                                                                                                                      | DUT/inst/i_xxv_ethernet_0_top_0/i_xxv_ethernet_0_rx_mii_reset/rx_mii_reset                                                               |                1 |              3 |         3.00 |
|  clk_IBUF_BUFG                                                 | DUT/inst/i_xxv_ethernet_0_top_0/i_xxv_ethernet_0_CORE/i_RX_TOP/i_RX_GMII_ADAPTER/i_RX_GMII_FIFO/rx_gfifo_re                          | DUT/inst/i_xxv_ethernet_0_top_0/i_xxv_ethernet_0_CORE/i_RX_TOP/i_RX_RESET_FLOP_XGMII/SR[0]                                               |                1 |              3 |         3.00 |
|  clk_IBUF_BUFG                                                 | DUT/inst/i_xxv_ethernet_0_top_0/i_xxv_ethernet_0_CORE/i_TX_TOP/i_TX_LBUS_ADAPTER/i_PAUSE/FSM_sequential_pause_pkt_state_0[2]_i_1_n_0 | DUT/inst/i_xxv_ethernet_0_top_0/i_xxv_ethernet_0_CORE/i_TX_TOP/i_RESET_FLOP_TX_LBA/reset_flop_out                                        |                1 |              3 |         3.00 |
|  clk_IBUF_BUFG                                                 | DUT/inst/i_xxv_ethernet_0_top_0/i_xxv_ethernet_0_CORE/i_TX_TOP/i_TX_LBUS_ADAPTER/i_PAUSE/FSM_sequential_pause_pkt_state_7[2]_i_1_n_0 | DUT/inst/i_xxv_ethernet_0_top_0/i_xxv_ethernet_0_CORE/i_TX_TOP/i_RESET_FLOP_TX_LBA/reset_flop_out                                        |                2 |              3 |         1.50 |
|  clk_IBUF_BUFG                                                 |                                                                                                                                      | DUT/inst/i_xxv_ethernet_0_top_0/i_xxv_ethernet_0_rx_mii_reset/rx_mii_reset                                                               |                1 |              3 |         3.00 |
|  clk_IBUF_BUFG                                                 |                                                                                                                                      | DUT/inst/i_xxv_ethernet_0_top_0/i_xxv_ethernet_0_CORE/i_RX_TOP/i_RX_RESET_FLOP_XGMII/reset_flop_out_reg_0                                |                2 |              3 |         1.50 |
|  clk_IBUF_BUFG                                                 | i_xxv_ethernet_0_pkt_gen_mon_0/i_xxv_ethernet_0_TRAFFIC_GENERATOR/i_xxv_ethernet_0_PKT_GEN/FSM_sequential_state[2]_i_1__0_n_0        | sys_reset_IBUF_inst/O                                                                                                                    |                2 |              3 |         1.50 |
|  clk_IBUF_BUFG                                                 | i_xxv_ethernet_0_pkt_gen_mon_0/i_xxv_ethernet_0_TRAFFIC_GENERATOR/i_xxv_ethernet_0_axi_fifo/waddr[2]_i_1_n_0                         | sys_reset_IBUF_inst/O                                                                                                                    |                2 |              3 |         1.50 |
|  clk_IBUF_BUFG                                                 | i_xxv_ethernet_0_pkt_gen_mon_0/i_xxv_ethernet_0_TRAFFIC_GENERATOR/i_xxv_ethernet_0_PKT_GEN/bsy_cntr[2]_i_1_n_0                       | sys_reset_IBUF_inst/O                                                                                                                    |                1 |              3 |         3.00 |
|  clk_IBUF_BUFG                                                 | i_xxv_ethernet_0_pkt_gen_mon_0/i_xxv_ethernet_0_TRAFFIC_GENERATOR/i_xxv_ethernet_0_axi_fifo/waddr_p1[2]_i_1_n_0                      | sys_reset_IBUF_inst/O                                                                                                                    |                3 |              3 |         1.00 |
|  clk_IBUF_BUFG                                                 | DUT/inst/i_xxv_ethernet_0_top_0/i_xxv_ethernet_0_CORE/i_TX_TOP/i_TX_LBUS_ADAPTER/i_PAUSE/FSM_sequential_pause_pkt_state_1[2]_i_1_n_0 | DUT/inst/i_xxv_ethernet_0_top_0/i_xxv_ethernet_0_CORE/i_TX_TOP/i_RESET_FLOP_TX_LBA/reset_flop_out                                        |                1 |              3 |         3.00 |
|  clk_IBUF_BUFG                                                 | DUT/inst/i_xxv_ethernet_0_top_0/i_xxv_ethernet_0_CORE/i_TX_TOP/i_TX_LBUS_ADAPTER/i_PAUSE/FSM_sequential_pause_pkt_state_3[2]_i_1_n_0 | DUT/inst/i_xxv_ethernet_0_top_0/i_xxv_ethernet_0_CORE/i_TX_TOP/i_RESET_FLOP_TX_LBA/reset_flop_out                                        |                1 |              3 |         3.00 |
|  clk_IBUF_BUFG                                                 | DUT/inst/i_xxv_ethernet_0_top_0/i_xxv_ethernet_0_CORE/i_TX_TOP/i_TX_LBUS_ADAPTER/i_PAUSE/FSM_sequential_pause_pkt_state_2[2]_i_1_n_0 | DUT/inst/i_xxv_ethernet_0_top_0/i_xxv_ethernet_0_CORE/i_TX_TOP/i_RESET_FLOP_TX_LBA/reset_flop_out                                        |                1 |              3 |         3.00 |
|  clk_IBUF_BUFG                                                 | DUT/inst/i_xxv_ethernet_0_top_0/i_xxv_ethernet_0_CORE/i_TX_TOP/i_TX_LBUS_ADAPTER/i_PAUSE/FSM_sequential_pause_pkt_state_4[2]_i_1_n_0 | DUT/inst/i_xxv_ethernet_0_top_0/i_xxv_ethernet_0_CORE/i_TX_TOP/i_RESET_FLOP_TX_LBA/reset_flop_out                                        |                2 |              3 |         1.50 |
|  clk_IBUF_BUFG                                                 | DUT/inst/i_xxv_ethernet_0_top_0/i_xxv_ethernet_0_CORE/i_TX_TOP/i_TX_LBUS_ADAPTER/i_PAUSE/pause_insert_ack1                           | DUT/inst/i_xxv_ethernet_0_top_0/i_xxv_ethernet_0_CORE/i_TX_TOP/i_TX_LBUS_ADAPTER/i_PAUSE/word_counter[2]_i_1_n_0                         |                1 |              3 |         3.00 |
|  clk_IBUF_BUFG                                                 |                                                                                                                                      | DUT/inst/i_xxv_ethernet_0_top_0/i_xxv_ethernet_0_CORE/i_RX_TOP/i_RX_RESET_FLOP_XGMII/SR[0]                                               |                1 |              3 |         3.00 |
|  clk_IBUF_BUFG                                                 | DUT/inst/i_xxv_ethernet_0_top_0/i_xxv_ethernet_0_CORE/i_TX_TOP/i_TX_LBUS_ADAPTER/i_PAUSE/FSM_sequential_pause_pkt_state_8[2]_i_1_n_0 | DUT/inst/i_xxv_ethernet_0_top_0/i_xxv_ethernet_0_CORE/i_TX_TOP/i_RESET_FLOP_TX_LBA/reset_flop_out                                        |                1 |              3 |         3.00 |
|  clk_IBUF_BUFG                                                 | DUT/inst/i_xxv_ethernet_0_top_0/i_xxv_ethernet_0_CORE/i_RX_TOP/i_RX_FCS/ena_passthrough_d3_reg_0[0]                                  | DUT/inst/i_xxv_ethernet_0_top_0/i_xxv_ethernet_0_CORE/i_RX_TOP/i_RX_FCS/reset_flop_out_reg_1[0]                                          |                3 |              3 |         1.00 |
|  clk_IBUF_BUFG                                                 | DUT/inst/i_xxv_ethernet_0_top_0/i_xxv_ethernet_0_CORE/i_TX_TOP/i_TX_LBUS_ADAPTER/i_PAUSE/FSM_sequential_pause_pkt_state_6[2]_i_1_n_0 | DUT/inst/i_xxv_ethernet_0_top_0/i_xxv_ethernet_0_CORE/i_TX_TOP/i_RESET_FLOP_TX_LBA/reset_flop_out                                        |                1 |              3 |         3.00 |
|  clk_IBUF_BUFG                                                 | DUT/inst/i_xxv_ethernet_0_top_0/i_xxv_ethernet_0_CORE/i_TX_TOP/i_TX_LBUS_ADAPTER/i_PAUSE/FSM_sequential_pause_pkt_state_5[2]_i_1_n_0 | DUT/inst/i_xxv_ethernet_0_top_0/i_xxv_ethernet_0_CORE/i_TX_TOP/i_RESET_FLOP_TX_LBA/reset_flop_out                                        |                1 |              3 |         3.00 |
|  clk_IBUF_BUFG                                                 | DUT/inst/i_xxv_ethernet_0_top_0/i_xxv_ethernet_0_CORE/i_TX_TOP/i_TX_LBUS_ADAPTER/i_PAUSE/E[0]                                        | DUT/inst/i_xxv_ethernet_0_top_0/i_xxv_ethernet_0_CORE/i_TX_TOP/i_RESET_FLOP_TX_LBA/reset_flop_out                                        |                1 |              4 |         4.00 |
|  clk_IBUF_BUFG                                                 |                                                                                                                                      | DUT/inst/i_xxv_ethernet_0_top_0/i_xxv_ethernet_0_CORE/i_RX_TOP/i_RX_GMII_ADAPTER/stat_rx_bad_code_i_1_n_0                                |                2 |              4 |         2.00 |
|  clk_IBUF_BUFG                                                 |                                                                                                                                      | DUT/inst/i_xxv_ethernet_0_top_0/i_xxv_ethernet_0_CORE/i_RX_TOP/i_RX_GMII_ADAPTER/stop_vector_bot[3]_i_1_n_0                              |                2 |              4 |         2.00 |
|  dclk_IBUF_BUFG                                                |                                                                                                                                      | sys_reset_IBUF_inst/O                                                                                                                    |                2 |              5 |         2.50 |
|  dclk_IBUF_BUFG                                                |                                                                                                                                      | i_xxv_ethernet_0_pkt_gen_mon_0/i_xxv_ethernet_0_EXAMPLE_FSM/fsm_reset0                                                                   |                5 |              5 |         1.00 |
|  dclk_IBUF_BUFG                                                | i_xxv_ethernet_0_pkt_gen_mon_0/i_xxv_ethernet_0_EXAMPLE_FSM/FSM_sequential_state[4]_i_2_n_0                                          | i_xxv_ethernet_0_pkt_gen_mon_0/i_xxv_ethernet_0_EXAMPLE_FSM/fsm_reset0                                                                   |                3 |              5 |         1.67 |
|  dclk_IBUF_BUFG                                                | i_xxv_ethernet_0_pkt_gen_mon_0/i_xxv_ethernet_0_EXAMPLE_FSM/completion_status[4]_i_1_n_0                                             | i_xxv_ethernet_0_pkt_gen_mon_0/i_xxv_ethernet_0_EXAMPLE_FSM/fsm_reset0                                                                   |                2 |              5 |         2.50 |
|  clk_IBUF_BUFG                                                 | DUT/inst/i_xxv_ethernet_0_top_0/i_xxv_ethernet_0_CORE/i_TX_TOP/i_TX_GMII_ADAPT/mii_ena                                               | DUT/inst/i_xxv_ethernet_0_top_0/i_xxv_ethernet_0_CORE/i_TX_TOP/i_TX_GMII_ADAPT/i_TX_GMII_FIFO/i_TX_GFIFO_RESET_SYNC/reset_pipe_out_reg_0 |                1 |              5 |         5.00 |
|  DUT/inst/i_xxv_ethernet_0_top_0/i_SHARED_CLOCKING/tx_mii_clk0 |                                                                                                                                      | DUT/inst/i_xxv_ethernet_0_top_0/i_xxv_ethernet_0_CORE/i_TX_TOP/i_TX_GMII_ADAPT/i_TX_GMII_FIFO/i_TX_GFIFO_RESET_CLKOUT_SYNC/SR[0]         |                2 |              5 |         2.50 |
|  DUT/inst/i_xxv_ethernet_0_top_0/i_SHARED_CLOCKING/tx_mii_clk0 | DUT/inst/i_xxv_ethernet_0_top_0/i_xxv_ethernet_0_CORE/i_TX_TOP/i_TX_GMII_ADAPT/i_TX_GMII_FIFO/tx_gfifo_ready                         | DUT/inst/i_xxv_ethernet_0_top_0/i_xxv_ethernet_0_CORE/i_TX_TOP/i_TX_GMII_ADAPT/i_TX_GMII_FIFO/i_TX_GFIFO_RESET_CLKOUT_SYNC/SR[0]         |                1 |              5 |         5.00 |
|  clk_IBUF_BUFG                                                 | DUT/inst/i_xxv_ethernet_0_top_0/i_xxv_ethernet_0_CORE/i_TX_TOP/i_TX_LBUS_ADAPTER/fcs2gmii_ena                                        | DUT/inst/i_xxv_ethernet_0_top_0/i_xxv_ethernet_0_CORE/i_TX_TOP/i_TX_LBUS_ADAPTER/shift_ptr_p4_r[2]_i_1_n_0                               |                1 |              6 |         6.00 |
|  DUT/inst/i_xxv_ethernet_0_top_0/i_XGMII_IF/rx_clk0            |                                                                                                                                      | DUT/inst/i_xxv_ethernet_0_top_0/i_xxv_ethernet_0_CORE/i_RX_TOP/i_RX_GMII_ADAPTER/i_RX_GMII_FIFO/i_TX_GFIFO_RESET_CLKIN_SYNC/SR[0]        |                2 |              6 |         3.00 |
|  clk_IBUF_BUFG                                                 |                                                                                                                                      | DUT/inst/i_xxv_ethernet_0_top_0/i_xxv_ethernet_0_CORE/i_RX_TOP/i_RX_RESET_FLOP_DELETE_FCS/reset_flop_out                                 |                2 |              6 |         3.00 |
|  clk_IBUF_BUFG                                                 | DUT/inst/i_xxv_ethernet_0_top_0/i_xxv_ethernet_0_CORE/i_TX_TOP/i_TX_LBUS_ADAPTER/E[0]                                                |                                                                                                                                          |                3 |              7 |         2.33 |
|  clk_IBUF_BUFG                                                 | i_xxv_ethernet_0_pkt_gen_mon_0/i_xxv_ethernet_0_TRAFFIC_GENERATOR/i_xxv_ethernet_0_PKT_GEN/header_bit_count[7]_i_1_n_0               | sys_reset_IBUF_inst/O                                                                                                                    |                3 |              7 |         2.33 |
|  clk_IBUF_BUFG                                                 | DUT/inst/i_xxv_ethernet_0_top_0/i_xxv_ethernet_0_CORE/i_RX_TOP/i_RX_GMII_ADAPTER/half_start_d1                                       | DUT/inst/i_xxv_ethernet_0_top_0/i_xxv_ethernet_0_CORE/i_RX_TOP/i_RX_GMII_ADAPTER/term_vector_d3[7]_i_1_n_0                               |                4 |              8 |         2.00 |
|  clk_IBUF_BUFG                                                 | DUT/inst/i_xxv_ethernet_0_top_0/i_xxv_ethernet_0_CORE/i_TX_TOP/i_TX_LBUS_ADAPTER/i_PAUSE/pause_insert_ack1                           | DUT/inst/i_xxv_ethernet_0_top_0/i_xxv_ethernet_0_CORE/i_TX_TOP/i_TX_LBUS_ADAPTER/i_PAUSE/FSM_sequential_pause_pkt_state_8_reg[1]_0       |                4 |              8 |         2.00 |
|  clk_IBUF_BUFG                                                 | DUT/inst/i_xxv_ethernet_0_top_0/i_xxv_ethernet_0_CORE/i_RX_TOP/i_RX_GMII_ADAPTER/half_start_d1                                       |                                                                                                                                          |                3 |              8 |         2.67 |
|  clk_IBUF_BUFG                                                 | DUT/inst/i_xxv_ethernet_0_top_0/i_xxv_ethernet_0_CORE/i_TX_TOP/w                                                                     | DUT/inst/i_xxv_ethernet_0_top_0/i_xxv_ethernet_0_CORE/i_TX_TOP/cy_reg_n_0                                                                |                2 |              9 |         4.50 |
|  clk_IBUF_BUFG                                                 | DUT/inst/i_xxv_ethernet_0_top_0/i_xxv_ethernet_0_CORE/i_RX_TOP/w                                                                     | DUT/inst/i_xxv_ethernet_0_top_0/i_xxv_ethernet_0_CORE/i_RX_TOP/cy_reg_n_0                                                                |                3 |              9 |         3.00 |
|  clk_IBUF_BUFG                                                 |                                                                                                                                      | DUT/inst/i_xxv_ethernet_0_top_0/i_xxv_ethernet_0_CORE/i_RX_TOP/i_RX_RESET_FLOP_XGMII/reset_flop_out                                      |                6 |             12 |         2.00 |
|  clk_IBUF_BUFG                                                 |                                                                                                                                      | DUT/inst/i_xxv_ethernet_0_top_0/i_xxv_ethernet_0_CORE/i_RX_TOP/i_RX_RESET_FLOP_FCS/reset_flop_out                                        |                7 |             14 |         2.00 |
|  clk_IBUF_BUFG                                                 | DUT/inst/i_xxv_ethernet_0_top_0/i_xxv_ethernet_0_CORE/i_RX_TOP/i_RX_FCS/truncate_flag_reg[0]                                         | DUT/inst/i_xxv_ethernet_0_top_0/i_xxv_ethernet_0_CORE/i_RX_TOP/i_RX_FCS/SS[0]                                                            |                3 |             15 |         5.00 |
|  clk_IBUF_BUFG                                                 |                                                                                                                                      | DUT/inst/i_xxv_ethernet_0_top_0/i_xxv_ethernet_0_CORE/i_TX_TOP/i_TX_GMII_ADAPT/i_TX_GMII_FIFO/i_TX_GFIFO_RESET_SYNC/reset_pipe_out_reg_0 |                3 |             15 |         5.00 |
|  clk_IBUF_BUFG                                                 | i_xxv_ethernet_0_pkt_gen_mon_0/i_xxv_ethernet_0_TRAFFIC_GENERATOR/i_xxv_ethernet_0_TRAF_DATA_CHK/crc_ip1[15]_i_1_n_0                 | sys_reset_IBUF_inst/O                                                                                                                    |                5 |             16 |         3.20 |
|  clk_IBUF_BUFG                                                 | i_xxv_ethernet_0_pkt_gen_mon_0/i_xxv_ethernet_0_TRAFFIC_GENERATOR/i_xxv_ethernet_0_TRAF_DATA_CHK/state_reg[0]__0[0]                  | sys_reset_IBUF_inst/O                                                                                                                    |                9 |             16 |         1.78 |
|  clk_IBUF_BUFG                                                 | i_xxv_ethernet_0_pkt_gen_mon_0/i_xxv_ethernet_0_TRAFFIC_GENERATOR/i_xxv_ethernet_0_PKT_GEN/i_xxv_ethernet_0_PKT_LEN_GEN/E[0]         |                                                                                                                                          |                6 |             18 |         3.00 |
|  clk_IBUF_BUFG                                                 | DUT/inst/i_xxv_ethernet_0_top_0/i_xxv_ethernet_0_CORE/i_RX_TOP/i_RX_GMII_ADAPTER/ena_d1                                              | DUT/inst/i_xxv_ethernet_0_top_0/i_xxv_ethernet_0_CORE/i_RX_TOP/i_RX_GMII_ADAPTER/stop_vector_bot[3]_i_1_n_0                              |               12 |             24 |         2.00 |
|  clk_IBUF_BUFG                                                 | i_xxv_ethernet_0_pkt_gen_mon_0/i_xxv_ethernet_0_TRAFFIC_GENERATOR/i_xxv_ethernet_0_PKT_GEN/op_timer[0]                               | sys_reset_IBUF_inst/O                                                                                                                    |               13 |             30 |         2.31 |
|  clk_IBUF_BUFG                                                 | DUT/inst/i_xxv_ethernet_0_top_0/i_xxv_ethernet_0_CORE/i_TX_TOP/i_TX_LBUS_ADAPTER/fcs_crc_hold0                                       |                                                                                                                                          |               14 |             32 |         2.29 |
|  clk_IBUF_BUFG                                                 | i_xxv_ethernet_0_pkt_gen_mon_0/i_xxv_ethernet_0_TRAFFIC_GENERATOR/i_xxv_ethernet_0_PKT_GEN/rand1[31]_i_1_n_0                         | sys_reset_IBUF_inst/O                                                                                                                    |               17 |             32 |         1.88 |
|  dclk_IBUF_BUFG                                                | i_xxv_ethernet_0_pkt_gen_mon_0/i_xxv_ethernet_0_EXAMPLE_FSM/common_timer[0]                                                          | i_xxv_ethernet_0_pkt_gen_mon_0/i_xxv_ethernet_0_EXAMPLE_FSM/fsm_reset0                                                                   |                8 |             32 |         4.00 |
|  clk_IBUF_BUFG                                                 | DUT/inst/i_xxv_ethernet_0_top_0/i_xxv_ethernet_0_CORE/i_TX_TOP/i_TX_LBUS_ADAPTER/i_TX_FCS/o_crc0                                     | DUT/inst/i_xxv_ethernet_0_top_0/i_xxv_ethernet_0_CORE/i_TX_TOP/i_RESET_FLOP_TX_LBA/reset_flop_out                                        |               31 |             32 |         1.03 |
|  clk_IBUF_BUFG                                                 | DUT/inst/i_xxv_ethernet_0_top_0/i_xxv_ethernet_0_CORE/i_RX_TOP/i_RX_FCS/ena_passthrough_d2                                           | DUT/inst/i_xxv_ethernet_0_top_0/i_xxv_ethernet_0_CORE/i_RX_TOP/i_RX_RESET_FLOP_FCS/reset_flop_out                                        |               15 |             32 |         2.13 |
|  clk_IBUF_BUFG                                                 | i_xxv_ethernet_0_pkt_gen_mon_0/i_xxv_ethernet_0_TRAFFIC_GENERATOR/i_xxv_ethernet_0_PKT_GEN/packet_counter[31]_i_1_n_0                | sys_reset_IBUF_inst/O                                                                                                                    |               11 |             32 |         2.91 |
|  clk_IBUF_BUFG                                                 | i_xxv_ethernet_0_pkt_gen_mon_0/i_xxv_ethernet_0_TRAFFIC_GENERATOR/i_xxv_ethernet_0_TRAF_DATA_CHK/p_0_in                              | sys_reset_IBUF_inst/O                                                                                                                    |               18 |             32 |         1.78 |
|  clk_IBUF_BUFG                                                 | i_xxv_ethernet_0_pkt_gen_mon_0/i_xxv_ethernet_0_TRAFFIC_GENERATOR/i_xxv_ethernet_0_PKT_CHK/err_cntr0                                 | sys_reset_IBUF_inst/O                                                                                                                    |                5 |             33 |         6.60 |
|  clk_IBUF_BUFG                                                 | i_xxv_ethernet_0_pkt_gen_mon_0/i_xxv_ethernet_0_TRAFFIC_GENERATOR/i_xxv_ethernet_0_PKT_CHK/perr_cntr0                                | sys_reset_IBUF_inst/O                                                                                                                    |                5 |             33 |         6.60 |
|  clk_IBUF_BUFG                                                 | i_xxv_ethernet_0_pkt_gen_mon_0/i_xxv_ethernet_0_TRAFFIC_GENERATOR/i_xxv_ethernet_0_TRAF_DATA_CHK/err_cntr0                           | sys_reset_IBUF_inst/O                                                                                                                    |                5 |             33 |         6.60 |
|  clk_IBUF_BUFG                                                 | i_xxv_ethernet_0_pkt_gen_mon_0/i_xxv_ethernet_0_TRAFFIC_GENERATOR/rx_enaout                                                          | sys_reset_IBUF_inst/O                                                                                                                    |               25 |             38 |         1.52 |
|  clk_IBUF_BUFG                                                 |                                                                                                                                      | i_xxv_ethernet_0_pkt_gen_mon_0/i_xxv_ethernet_0_TRAFFIC_GENERATOR/i_xxv_ethernet_0_PKT_CHK/pct_cntr_reg[48]_0                            |               22 |             48 |         2.18 |
|  clk_IBUF_BUFG                                                 |                                                                                                                                      | i_xxv_ethernet_0_pkt_gen_mon_0/i_xxv_ethernet_0_TRAFFIC_GENERATOR/i_xxv_ethernet_0_TRAF_CHK2/pct_cntr_reg[48]_0                          |               17 |             48 |         2.82 |
|  clk_IBUF_BUFG                                                 | i_xxv_ethernet_0_pkt_gen_mon_0/i_xxv_ethernet_0_TRAFFIC_GENERATOR/i_xxv_ethernet_0_TRAF_CHK2/pct_cntr0                               | sys_reset_IBUF_inst/O                                                                                                                    |                7 |             49 |         7.00 |
|  clk_IBUF_BUFG                                                 | i_xxv_ethernet_0_pkt_gen_mon_0/i_xxv_ethernet_0_TRAFFIC_GENERATOR/i_xxv_ethernet_0_PKT_CHK/pct_cntr0                                 | sys_reset_IBUF_inst/O                                                                                                                    |                7 |             49 |         7.00 |
|  clk_IBUF_BUFG                                                 | DUT/inst/i_xxv_ethernet_0_top_0/i_xxv_ethernet_0_CORE/i_TX_TOP/i_TX_LBUS_ADAPTER/i_PAUSE/pause_insert_ack1                           | DUT/inst/i_xxv_ethernet_0_top_0/i_xxv_ethernet_0_CORE/i_TX_TOP/i_TX_LBUS_ADAPTER/datain0_p0_r[63]_i_1_n_0                                |               12 |             64 |         5.33 |
|  clk_IBUF_BUFG                                                 |                                                                                                                                      | DUT/inst/i_xxv_ethernet_0_top_0/i_xxv_ethernet_0_CORE/i_RX_TOP/i_RX_DELETE_FCS/dat_d2_nxt[0]                                             |               16 |             64 |         4.00 |
|  clk_IBUF_BUFG                                                 | DUT/inst/i_xxv_ethernet_0_top_0/i_xxv_ethernet_0_CORE/i_RX_TOP/i_RX_FCS/ena_passthrough_d3_reg_0[0]                                  |                                                                                                                                          |               10 |             64 |         6.40 |
|  clk_IBUF_BUFG                                                 | DUT/inst/i_xxv_ethernet_0_top_0/i_xxv_ethernet_0_CORE/i_TX_TOP/i_TX_LBUS_ADAPTER/datain0_r[0]                                        |                                                                                                                                          |               13 |             64 |         4.92 |
|  clk_IBUF_BUFG                                                 | DUT/inst/i_xxv_ethernet_0_top_0/i_xxv_ethernet_0_CORE/i_RX_TOP/i_RX_GMII_ADAPTER/dataout[63]_i_1_n_0                                 | DUT/inst/i_xxv_ethernet_0_top_0/i_xxv_ethernet_0_CORE/i_RX_TOP/i_RX_RESET_FLOP_XGMII/reset_flop_out                                      |               13 |             64 |         4.92 |
|  clk_IBUF_BUFG                                                 |                                                                                                                                      | i_xxv_ethernet_0_pkt_gen_mon_0/i_xxv_ethernet_0_TRAFFIC_GENERATOR/i_xxv_ethernet_0_PKT_CHK/byte_cntr_reg[64]_0[64]                       |               32 |             64 |         2.00 |
|  clk_IBUF_BUFG                                                 |                                                                                                                                      | i_xxv_ethernet_0_pkt_gen_mon_0/i_xxv_ethernet_0_TRAFFIC_GENERATOR/i_xxv_ethernet_0_TRAF_CHK2/byte_cntr[64]                               |               25 |             64 |         2.56 |
|  clk_IBUF_BUFG                                                 | i_xxv_ethernet_0_pkt_gen_mon_0/i_xxv_ethernet_0_TRAFFIC_GENERATOR/i_xxv_ethernet_0_PKT_CHK/sel                                       | sys_reset_IBUF_inst/O                                                                                                                    |                9 |             65 |         7.22 |
|  clk_IBUF_BUFG                                                 | DUT/inst/i_xxv_ethernet_0_top_0/i_xxv_ethernet_0_CORE/i_TX_TOP/i_TX_LBUS_ADAPTER/i_TX_FCS/z_ena__0[1]                                | DUT/inst/i_xxv_ethernet_0_top_0/i_xxv_ethernet_0_CORE/i_TX_TOP/i_RESET_FLOP_TX_LBA/reset_flop_out                                        |               34 |             67 |         1.97 |
|  clk_IBUF_BUFG                                                 |                                                                                                                                      | DUT/inst/i_xxv_ethernet_0_top_0/i_xxv_ethernet_0_CORE/i_TX_TOP/i_TX_GMII_ADAPT/data_d2_nxt[0]                                            |               19 |             69 |         3.63 |
|  clk_IBUF_BUFG                                                 | i_xxv_ethernet_0_pkt_gen_mon_0/i_xxv_ethernet_0_TRAFFIC_GENERATOR/i_xxv_ethernet_0_axi_fifo/rd_buf[3][70]_i_1_n_0                    | sys_reset_IBUF_inst/O                                                                                                                    |               23 |             69 |         3.00 |
|  clk_IBUF_BUFG                                                 | i_xxv_ethernet_0_pkt_gen_mon_0/i_xxv_ethernet_0_TRAFFIC_GENERATOR/i_xxv_ethernet_0_axi_fifo/rd_buf[2][70]_i_1_n_0                    | sys_reset_IBUF_inst/O                                                                                                                    |               21 |             69 |         3.29 |
|  clk_IBUF_BUFG                                                 | i_xxv_ethernet_0_pkt_gen_mon_0/i_xxv_ethernet_0_TRAFFIC_GENERATOR/i_xxv_ethernet_0_axi_fifo/rd_buf[5][70]_i_1_n_0                    | sys_reset_IBUF_inst/O                                                                                                                    |               22 |             69 |         3.14 |
|  clk_IBUF_BUFG                                                 | i_xxv_ethernet_0_pkt_gen_mon_0/i_xxv_ethernet_0_TRAFFIC_GENERATOR/i_xxv_ethernet_0_axi_fifo/rd_buf[1][70]_i_1_n_0                    | sys_reset_IBUF_inst/O                                                                                                                    |               23 |             69 |         3.00 |
|  clk_IBUF_BUFG                                                 | i_xxv_ethernet_0_pkt_gen_mon_0/i_xxv_ethernet_0_TRAFFIC_GENERATOR/i_xxv_ethernet_0_axi_fifo/rd_buf[0][70]_i_1_n_0                    | sys_reset_IBUF_inst/O                                                                                                                    |               21 |             69 |         3.29 |
|  clk_IBUF_BUFG                                                 | i_xxv_ethernet_0_pkt_gen_mon_0/i_xxv_ethernet_0_TRAFFIC_GENERATOR/i_xxv_ethernet_0_axi_fifo/rd_buf[4][70]_i_1_n_0                    | sys_reset_IBUF_inst/O                                                                                                                    |               23 |             69 |         3.00 |
|  clk_IBUF_BUFG                                                 | i_xxv_ethernet_0_pkt_gen_mon_0/i_xxv_ethernet_0_TRAFFIC_GENERATOR/i_xxv_ethernet_0_axi_fifo/p_0_out                                  | sys_reset_IBUF_inst/O                                                                                                                    |               19 |             69 |         3.63 |
|  clk_IBUF_BUFG                                                 | i_xxv_ethernet_0_pkt_gen_mon_0/i_xxv_ethernet_0_TRAFFIC_GENERATOR/i_xxv_ethernet_0_axi_fifo/p_0_in                                   | sys_reset_IBUF_inst/O                                                                                                                    |               19 |             69 |         3.63 |
|  clk_IBUF_BUFG                                                 | DUT/inst/i_xxv_ethernet_0_top_0/i_xxv_ethernet_0_CORE/i_TX_TOP/i_TX_LBUS_ADAPTER/stall_rr_reg_1                                      | DUT/inst/i_xxv_ethernet_0_top_0/i_xxv_ethernet_0_CORE/i_TX_TOP/i_TX_GMII_ADAPT/mty_d1[2]_i_1_n_0                                         |               23 |             71 |         3.09 |
|  clk_IBUF_BUFG                                                 | DUT/inst/i_xxv_ethernet_0_top_0/i_xxv_ethernet_0_CORE/i_TX_TOP/i_TX_GMII_ADAPT/mii_data[63]_i_1_n_0                                  | sys_reset_IBUF_inst/O                                                                                                                    |               22 |             72 |         3.27 |
|  clk_IBUF_BUFG                                                 | DUT/inst/i_xxv_ethernet_0_top_0/i_xxv_ethernet_0_CORE/i_RX_TOP/i_RX_GMII_ADAPTER/i_RX_GMII_FIFO/E[0]                                 | DUT/inst/i_xxv_ethernet_0_top_0/i_xxv_ethernet_0_CORE/i_RX_TOP/i_RX_RESET_FLOP_XGMII/reset_flop_out                                      |               21 |             72 |         3.43 |
|  clk_IBUF_BUFG                                                 | DUT/inst/i_xxv_ethernet_0_top_0/i_xxv_ethernet_0_CORE/i_TX_TOP/i_TX_GMII_ADAPT/i_TX_GMII_FIFO/i_TX_GFIFO_RAM/we_d1                   |                                                                                                                                          |                6 |             96 |        16.00 |
|  clk_IBUF_BUFG                                                 | i_xxv_ethernet_0_pkt_gen_mon_0/i_xxv_ethernet_0_TRAFFIC_GENERATOR/i_xxv_ethernet_0_PKT_GEN/set_sop_i_1_n_0                           | sys_reset_IBUF_inst/O                                                                                                                    |               41 |             98 |         2.39 |
|  clk_IBUF_BUFG                                                 | DUT/inst/i_xxv_ethernet_0_top_0/i_xxv_ethernet_0_CORE/i_TX_TOP/i_TX_LBUS_ADAPTER/i_PAUSE/pause_insert_ack1                           |                                                                                                                                          |               30 |            138 |         4.60 |
|  DUT/inst/i_xxv_ethernet_0_top_0/i_SHARED_CLOCKING/tx_mii_clk0 |                                                                                                                                      |                                                                                                                                          |               19 |            148 |         7.79 |
|  DUT/inst/i_xxv_ethernet_0_top_0/i_XGMII_IF/rx_clk0            |                                                                                                                                      |                                                                                                                                          |               22 |            175 |         7.95 |
|  clk_IBUF_BUFG                                                 | DUT/inst/i_xxv_ethernet_0_top_0/i_xxv_ethernet_0_CORE/i_TX_TOP/i_TX_LBUS_ADAPTER/i_PAUSE/pause_insert_ack1                           | DUT/inst/i_xxv_ethernet_0_top_0/i_xxv_ethernet_0_CORE/i_TX_TOP/i_RESET_FLOP_TX_LBA/reset_flop_out                                        |               63 |            203 |         3.22 |
|  clk_IBUF_BUFG                                                 | DUT/inst/i_xxv_ethernet_0_top_0/i_xxv_ethernet_0_CORE/i_RX_TOP/i_RX_GMII_ADAPTER/ena_d1                                              | DUT/inst/i_xxv_ethernet_0_top_0/i_xxv_ethernet_0_CORE/i_RX_TOP/i_RX_RESET_FLOP_XGMII/reset_flop_out                                      |               48 |            220 |         4.58 |
|  clk_IBUF_BUFG                                                 |                                                                                                                                      | DUT/inst/i_xxv_ethernet_0_top_0/i_xxv_ethernet_0_CORE/i_TX_TOP/i_RESET_FLOP_TX_LBA/reset_flop_out                                        |              141 |            376 |         2.67 |
|  clk_IBUF_BUFG                                                 | DUT/inst/i_xxv_ethernet_0_top_0/i_xxv_ethernet_0_CORE/i_TX_TOP/i_TX_LBUS_ADAPTER/fcs2gmii_ena                                        | DUT/inst/i_xxv_ethernet_0_top_0/i_xxv_ethernet_0_CORE/i_TX_TOP/i_RESET_FLOP_TX_LBA/reset_flop_out                                        |               81 |            427 |         5.27 |
|  dclk_IBUF_BUFG                                                |                                                                                                                                      |                                                                                                                                          |              108 |            461 |         4.27 |
|  clk_IBUF_BUFG                                                 |                                                                                                                                      | sys_reset_IBUF_inst/O                                                                                                                    |              155 |            677 |         4.37 |
|  clk_IBUF_BUFG                                                 |                                                                                                                                      |                                                                                                                                          |              237 |            779 |         3.29 |
+----------------------------------------------------------------+--------------------------------------------------------------------------------------------------------------------------------------+------------------------------------------------------------------------------------------------------------------------------------------+------------------+----------------+--------------+


