Copyright 1986-2022 Xilinx, Inc. All Rights Reserved. Copyright 2022-2025 Advanced Micro Devices, Inc. All Rights Reserved.
--------------------------------------------------------------------------------------------------------------------------------------------------
| Tool Version      : Vivado v.2025.2 (win64) Build 6299465 Fri Nov 14 19:35:11 GMT 2025
| Date              : Mon Aug  3 18:42:37 2026
| Host              : DESKTOP-MB4FOM3 running 64-bit major release  (build 9200)
| Command           : report_clock_utilization -file xxv_ethernet_0_exdes_clock_utilization_routed.rpt
| Design            : xxv_ethernet_0_exdes
| Device            : xcu26-vsva1365
| Speed File        : -2LV  PRODUCTION 1.34 01-25-2022
| Temperature Grade : E
| Design State      : Routed
--------------------------------------------------------------------------------------------------------------------------------------------------

Clock Utilization Report

Table of Contents
-----------------
1. Clock Primitive Utilization
2. Global Clock Resources
3. Global Clock Source Details
4. Clock Regions : Clock Primitives
5. Clock Regions : Load Primitives
6. Clock Regions : Global Clock Summary
7. Clock Regions : Routing Resource Utilization
8. Device Cell Placement Summary for Global Clock g0
9. Device Cell Placement Summary for Global Clock g1
10. Device Cell Placement Summary for Global Clock g2
11. Device Cell Placement Summary for Global Clock g3
12. Device Cell Placement Summary for Global Clock g4
13. Device Cell Placement Summary for Global Clock g5
14. Clock Region Cell Placement per Global Clock: Region X0Y8
15. Clock Region Cell Placement per Global Clock: Region X0Y9
16. Clock Region Cell Placement per Global Clock: Region X0Y10

1. Clock Primitive Utilization
------------------------------

+------------+------+-----------+-----+--------------+--------+
| Type       | Used | Available | LOC | Clock Region | Pblock |
+------------+------+-----------+-----+--------------+--------+
| BUFGCE     |    6 |       276 |   0 |            0 |      0 |
| BUFGCE_DIV |    0 |        44 |   0 |            0 |      0 |
| BUFGCTRL   |    0 |        88 |   0 |            0 |      0 |
| BUFG_GT    |    0 |       264 |   0 |            0 |      0 |
| MMCM       |    2 |        11 |   0 |            0 |      0 |
| PLL        |    0 |        22 |   0 |            0 |      0 |
+------------+------+-----------+-----+--------------+--------+


2. Global Clock Resources
-------------------------

+-----------+-----------+-----------------+------------+---------------+--------------+-------+-------------------+------------------+-------------------+-------------+-----------------+--------------+-------------+--------------------------------------------------------------------------------------------------------------------+---------------------------------------------------------------------------------------------------+
| Global Id | Source Id | Driver Type/Pin | Constraint | Site          | Clock Region | Root  | Clock Delay Group | Clock Low Fanout | Load Clock Region | Clock Loads | Non-Clock Loads | Clock Period | Clock       | Driver Pin                                                                                                         | Net                                                                                               |
+-----------+-----------+-----------------+------------+---------------+--------------+-------+-------------------+------------------+-------------------+-------------+-----------------+--------------+-------------+--------------------------------------------------------------------------------------------------------------------+---------------------------------------------------------------------------------------------------+
| g0        | src0      | BUFGCE/O        | None       | BUFGCE_X0Y240 | X0Y10        | X0Y9  |                   |                  |                 3 |        5193 |               0 |        4.000 | clk         | clk_IBUF_BUFG_inst/O                                                                                               | clk_IBUF_BUFG                                                                                     |
| g1        | src1      | BUFGCE/O        | None       | BUFGCE_X0Y262 | X0Y10        | X0Y10 |                   |                  |                 2 |         513 |               0 |       10.000 | dclk        | dclk_IBUF_BUFG_inst/O                                                                                              | dclk_IBUF_BUFG                                                                                    |
| g2        | src2      | BUFGCE/O        | None       | BUFGCE_X0Y263 | X0Y10        | X0Y10 |                   |                  |                 1 |         200 |               0 |        6.400 | tx_dcm_clk0 | DUT/inst/i_xxv_ethernet_0_top_0/i_SHARED_CLOCKING/tx_bufg0/O                                                       | DUT/inst/i_xxv_ethernet_0_top_0/i_SHARED_CLOCKING/tx_mii_clk0                                     |
| g3        | src3      | BUFGCE/O        | None       | BUFGCE_X0Y227 | X0Y9         | X0Y9  |                   |                  |                 2 |         139 |               0 |        6.400 | rx_dcm_clk0 | DUT/inst/i_xxv_ethernet_0_top_0/i_XGMII_IF/rx_bufg/O                                                               | DUT/inst/i_xxv_ethernet_0_top_0/i_XGMII_IF/rx_clk0                                                |
| g4        | src4      | BUFGCE/O        | None       | BUFGCE_X0Y218 | X0Y9         | X0Y9  | n/a               |                  |                 1 |           0 |               1 |        6.400 | clkfbout    | DUT/inst/i_xxv_ethernet_0_top_0/i_XGMII_IF/clkf_buf/O                                                              | DUT/inst/i_xxv_ethernet_0_top_0/i_XGMII_IF/clkfbout_buf                                           |
| g5        | src5      | BUFGCE/O        | None       | BUFGCE_X0Y248 | X0Y10        | X0Y10 | n/a               |                  |                 1 |           0 |            1138 |          n/a | n/a         | DUT/inst/i_xxv_ethernet_0_top_0/i_xxv_ethernet_0_CORE/i_TX_TOP/i_RESET_FLOP_TX_LBA/reset_flop_out_reg_bufg_place/O | DUT/inst/i_xxv_ethernet_0_top_0/i_xxv_ethernet_0_CORE/i_TX_TOP/i_RESET_FLOP_TX_LBA/reset_flop_out |
+-----------+-----------+-----------------+------------+---------------+--------------+-------+-------------------+------------------+-------------------+-------------+-----------------+--------------+-------------+--------------------------------------------------------------------------------------------------------------------+---------------------------------------------------------------------------------------------------+
* Clock Loads column represents cell count of net connects that connect to a clock pin. Internal cell leaf pins are not considered
** Non-Clock Loads column represents cell count of non-clock pin loads


3. Global Clock Source Details
------------------------------

+-----------+-----------+---------------------+------------+--------------+--------------+-------------+-----------------+---------------------+--------------+---------------------------------------------------------------------------------------------------------+--------------------------------------------------------------------------------------------------------------+
| Source Id | Global Id | Driver Type/Pin     | Constraint | Site         | Clock Region | Clock Loads | Non-Clock Loads | Source Clock Period | Source Clock | Driver Pin                                                                                              | Net                                                                                                          |
+-----------+-----------+---------------------+------------+--------------+--------------+-------------+-----------------+---------------------+--------------+---------------------------------------------------------------------------------------------------------+--------------------------------------------------------------------------------------------------------------+
| src0      | g0        | IBUFCTRL/O          | None       | IOB_X0Y543   | X0Y10        |           1 |               0 |               4.000 | clk          | clk_IBUF_inst/IBUFCTRL_INST/O                                                                           | clk_IBUF_inst/O                                                                                              |
| src1      | g1        | IBUFCTRL/O          | None       | IOB_X0Y546   | X0Y10        |           1 |               0 |              10.000 | dclk         | dclk_IBUF_inst/IBUFCTRL_INST/O                                                                          | dclk_IBUF_inst/O                                                                                             |
| src2      | g2        | MMCME4_ADV/CLKOUT0  | None       | MMCM_X0Y10   | X0Y10        |           1 |               0 |               6.400 | tx_dcm_clk0  | DUT/inst/i_xxv_ethernet_0_top_0/i_SHARED_CLOCKING/tx_mmcm/CLKOUT0                                       | DUT/inst/i_xxv_ethernet_0_top_0/i_SHARED_CLOCKING/tx_dcm_clk0                                                |
| src3      | g3        | MMCME4_ADV/CLKOUT0  | None       | MMCM_X0Y9    | X0Y9         |           1 |               0 |               6.400 | rx_dcm_clk0  | DUT/inst/i_xxv_ethernet_0_top_0/i_XGMII_IF/rx_mmcm/CLKOUT0                                              | DUT/inst/i_xxv_ethernet_0_top_0/i_XGMII_IF/rx_dcm_clk0                                                       |
| src4      | g4        | MMCME4_ADV/CLKFBOUT | None       | MMCM_X0Y9    | X0Y9         |           1 |               0 |               6.400 | clkfbout     | DUT/inst/i_xxv_ethernet_0_top_0/i_XGMII_IF/rx_mmcm/CLKFBOUT                                             | DUT/inst/i_xxv_ethernet_0_top_0/i_XGMII_IF/clkfbout                                                          |
| src5      | g5        | FDRE/Q              | None       | SLICE_X6Y658 | X0Y10        |           1 |               0 |                     |              | DUT/inst/i_xxv_ethernet_0_top_0/i_xxv_ethernet_0_CORE/i_TX_TOP/i_RESET_FLOP_TX_LBA/reset_flop_out_reg/Q | DUT/inst/i_xxv_ethernet_0_top_0/i_xxv_ethernet_0_CORE/i_TX_TOP/i_RESET_FLOP_TX_LBA/reset_flop_out_bufg_place |
+-----------+-----------+---------------------+------------+--------------+--------------+-------------+-----------------+---------------------+--------------+---------------------------------------------------------------------------------------------------------+--------------------------------------------------------------------------------------------------------------+
* Clock Loads column represents cell count of net connects that connect to a clock pin. Internal cell leaf pins are not considered
** Non-Clock Loads column represents cell count of non-clock pin loads


4. Clock Regions : Clock Primitives
-----------------------------------

+-------------------+---------------+---------------+---------------+---------------+---------------+---------------+---------------+
|                   |  Global Clock |     BUFGCE    |   BUFGCE_DIV  |    BUFGCTRL   |    BUFG_GT    |      MMCM     |      PLL      |
+-------------------+-------+-------+-------+-------+-------+-------+-------+-------+-------+-------+-------+-------+-------+-------+
| Clock Region Name | Used  | Avail | Used  | Avail | Used  | Avail | Used  | Avail | Used  | Avail | Used  | Avail | Used  | Avail |
+-------------------+-------+-------+-------+-------+-------+-------+-------+-------+-------+-------+-------+-------+-------+-------+
| X0Y0              |     0 |    24 |     0 |    24 |     0 |     4 |     0 |     8 |     0 |     0 |     0 |     1 |     0 |     2 |
| X1Y0              |     0 |    24 |     0 |     0 |     0 |     0 |     0 |     0 |     0 |     0 |     0 |     0 |     0 |     0 |
| X2Y0              |     0 |    24 |     0 |     0 |     0 |     0 |     0 |     0 |     0 |     0 |     0 |     0 |     0 |     0 |
| X3Y0              |     0 |    24 |     0 |     0 |     0 |     0 |     0 |     0 |     0 |     0 |     0 |     0 |     0 |     0 |
| X4Y0              |     0 |    24 |     0 |     0 |     0 |     0 |     0 |     0 |     0 |    24 |     0 |     0 |     0 |     0 |
| X0Y1              |     0 |    24 |     0 |    24 |     0 |     4 |     0 |     8 |     0 |     0 |     0 |     1 |     0 |     2 |
| X1Y1              |     0 |    24 |     0 |     0 |     0 |     0 |     0 |     0 |     0 |     0 |     0 |     0 |     0 |     0 |
| X2Y1              |     0 |    24 |     0 |     0 |     0 |     0 |     0 |     0 |     0 |     0 |     0 |     0 |     0 |     0 |
| X3Y1              |     0 |    24 |     0 |     0 |     0 |     0 |     0 |     0 |     0 |     0 |     0 |     0 |     0 |     0 |
| X4Y1              |     0 |    24 |     0 |     0 |     0 |     0 |     0 |     0 |     0 |    24 |     0 |     0 |     0 |     0 |
| X0Y2              |     0 |    24 |     0 |    24 |     0 |     4 |     0 |     8 |     0 |     0 |     0 |     1 |     0 |     2 |
| X1Y2              |     0 |    24 |     0 |     0 |     0 |     0 |     0 |     0 |     0 |     0 |     0 |     0 |     0 |     0 |
| X2Y2              |     0 |    24 |     0 |     0 |     0 |     0 |     0 |     0 |     0 |     0 |     0 |     0 |     0 |     0 |
| X3Y2              |     0 |    24 |     0 |     0 |     0 |     0 |     0 |     0 |     0 |     0 |     0 |     0 |     0 |     0 |
| X4Y2              |     0 |    24 |     0 |     0 |     0 |     0 |     0 |     0 |     0 |    24 |     0 |     0 |     0 |     0 |
| X0Y3              |     0 |    24 |     0 |    24 |     0 |     4 |     0 |     8 |     0 |     0 |     0 |     1 |     0 |     2 |
| X1Y3              |     0 |    24 |     0 |     0 |     0 |     0 |     0 |     0 |     0 |     0 |     0 |     0 |     0 |     0 |
| X2Y3              |     0 |    24 |     0 |     0 |     0 |     0 |     0 |     0 |     0 |     0 |     0 |     0 |     0 |     0 |
| X3Y3              |     0 |    24 |     0 |     0 |     0 |     0 |     0 |     0 |     0 |     0 |     0 |     0 |     0 |     0 |
| X4Y3              |     0 |    24 |     0 |     0 |     0 |     0 |     0 |     0 |     0 |    24 |     0 |     0 |     0 |     0 |
| X0Y4              |     0 |    24 |     0 |    24 |     0 |     4 |     0 |     8 |     0 |     0 |     0 |     1 |     0 |     2 |
| X1Y4              |     0 |    24 |     0 |     0 |     0 |     0 |     0 |     0 |     0 |     0 |     0 |     0 |     0 |     0 |
| X2Y4              |     0 |    24 |     0 |     0 |     0 |     0 |     0 |     0 |     0 |     0 |     0 |     0 |     0 |     0 |
| X3Y4              |     0 |    24 |     0 |     0 |     0 |     0 |     0 |     0 |     0 |     0 |     0 |     0 |     0 |     0 |
| X4Y4              |     0 |    24 |     0 |     4 |     0 |     0 |     0 |     0 |     0 |    24 |     0 |     0 |     0 |     0 |
| X0Y5              |     0 |    24 |     0 |    24 |     0 |     4 |     0 |     8 |     0 |     0 |     0 |     1 |     0 |     2 |
| X1Y5              |     0 |    24 |     0 |     0 |     0 |     0 |     0 |     0 |     0 |     0 |     0 |     0 |     0 |     0 |
| X2Y5              |     0 |    24 |     0 |     0 |     0 |     0 |     0 |     0 |     0 |     0 |     0 |     0 |     0 |     0 |
| X3Y5              |     0 |    24 |     0 |     0 |     0 |     0 |     0 |     0 |     0 |     0 |     0 |     0 |     0 |     0 |
| X4Y5              |     0 |    24 |     0 |     0 |     0 |     0 |     0 |     0 |     0 |    24 |     0 |     0 |     0 |     0 |
| X0Y6              |     0 |    24 |     0 |    24 |     0 |     4 |     0 |     8 |     0 |     0 |     0 |     1 |     0 |     2 |
| X1Y6              |     0 |    24 |     0 |     0 |     0 |     0 |     0 |     0 |     0 |     0 |     0 |     0 |     0 |     0 |
| X2Y6              |     0 |    24 |     0 |     0 |     0 |     0 |     0 |     0 |     0 |     0 |     0 |     0 |     0 |     0 |
| X3Y6              |     0 |    24 |     0 |     0 |     0 |     0 |     0 |     0 |     0 |     0 |     0 |     0 |     0 |     0 |
| X4Y6              |     0 |    24 |     0 |     4 |     0 |     0 |     0 |     0 |     0 |    24 |     0 |     0 |     0 |     0 |
| X0Y7              |     0 |    24 |     0 |    24 |     0 |     4 |     0 |     8 |     0 |     0 |     0 |     1 |     0 |     2 |
| X1Y7              |     0 |    24 |     0 |     0 |     0 |     0 |     0 |     0 |     0 |     0 |     0 |     0 |     0 |     0 |
| X2Y7              |     0 |    24 |     0 |     0 |     0 |     0 |     0 |     0 |     0 |     0 |     0 |     0 |     0 |     0 |
| X3Y7              |     0 |    24 |     0 |     0 |     0 |     0 |     0 |     0 |     0 |     0 |     0 |     0 |     0 |     0 |
| X4Y7              |     0 |    24 |     0 |     0 |     0 |     0 |     0 |     0 |     0 |    24 |     0 |     0 |     0 |     0 |
| X0Y8              |     1 |    24 |     0 |    24 |     0 |     4 |     0 |     8 |     0 |     0 |     0 |     1 |     0 |     2 |
| X1Y8              |     0 |    24 |     0 |     0 |     0 |     0 |     0 |     0 |     0 |     0 |     0 |     0 |     0 |     0 |
| X2Y8              |     0 |    24 |     0 |     0 |     0 |     0 |     0 |     0 |     0 |     0 |     0 |     0 |     0 |     0 |
| X3Y8              |     0 |    24 |     0 |     0 |     0 |     0 |     0 |     0 |     0 |     0 |     0 |     0 |     0 |     0 |
| X4Y8              |     0 |    24 |     0 |     4 |     0 |     0 |     0 |     0 |     0 |    24 |     0 |     0 |     0 |     0 |
| X0Y9              |     4 |    24 |     2 |    24 |     0 |     4 |     0 |     8 |     0 |     0 |     1 |     1 |     0 |     2 |
| X1Y9              |     0 |    24 |     0 |     0 |     0 |     0 |     0 |     0 |     0 |     0 |     0 |     0 |     0 |     0 |
| X2Y9              |     0 |    24 |     0 |     0 |     0 |     0 |     0 |     0 |     0 |     0 |     0 |     0 |     0 |     0 |
| X3Y9              |     0 |    24 |     0 |     0 |     0 |     0 |     0 |     0 |     0 |     0 |     0 |     0 |     0 |     0 |
| X4Y9              |     0 |    24 |     0 |     0 |     0 |     0 |     0 |     0 |     0 |    24 |     0 |     0 |     0 |     0 |
| X0Y10             |     5 |    24 |     4 |    24 |     0 |     4 |     0 |     8 |     0 |     0 |     1 |     1 |     0 |     2 |
| X1Y10             |     0 |    24 |     0 |     0 |     0 |     0 |     0 |     0 |     0 |     0 |     0 |     0 |     0 |     0 |
| X2Y10             |     0 |    24 |     0 |     0 |     0 |     0 |     0 |     0 |     0 |     0 |     0 |     0 |     0 |     0 |
| X3Y10             |     0 |    24 |     0 |     0 |     0 |     0 |     0 |     0 |     0 |     0 |     0 |     0 |     0 |     0 |
| X4Y10             |     0 |    24 |     0 |     0 |     0 |     0 |     0 |     0 |     0 |    24 |     0 |     0 |     0 |     0 |
+-------------------+-------+-------+-------+-------+-------+-------+-------+-------+-------+-------+-------+-------+-------+-------+
* Global Clock column represents track count; while other columns represents cell counts


5. Clock Regions : Load Primitives
----------------------------------

+-------------------+------------------+------------------+------------------+------------------+------------------+------------------+------------------+------------------+
|                   |   Global Clock   |        FF        |      LUTRAM      |  Block RAM (18K) |       URAM       |        DSP       |        GT        |      HARD IP     |
+-------------------+--------+---------+--------+---------+--------+---------+--------+---------+--------+---------+--------+---------+--------+---------+--------+---------+
| Clock Region Name | Used   | Avail   | Used   | Avail   | Used   | Avail   | Used   | Avail   | Used   | Avail   | Used   | Avail   | Used   | Avail   | Used   | Avail   |
+-------------------+--------+---------+--------+---------+--------+---------+--------+---------+--------+---------+--------+---------+--------+---------+--------+---------+
| X0Y0              |      0 |      24 |      0 |   42240 |      0 |    4320 |      0 |      48 |      0 |      16 |      0 |      24 |      0 |       0 |      0 |       0 |
| X1Y0              |      0 |      24 |      0 |   41280 |      0 |    4320 |      0 |      96 |      0 |       0 |      0 |      24 |      0 |       0 |      0 |       0 |
| X2Y0              |      0 |      24 |      0 |   41280 |      0 |    4320 |      0 |      96 |      0 |       0 |      0 |      24 |      0 |       0 |      0 |       0 |
| X3Y0              |      0 |      24 |      0 |   41280 |      0 |    4320 |      0 |      96 |      0 |       0 |      0 |      24 |      0 |       0 |      0 |       0 |
| X4Y0              |      0 |      24 |      0 |   21120 |      0 |    3840 |      0 |      48 |      0 |      16 |      0 |      24 |      0 |       4 |      0 |       1 |
| X0Y1              |      0 |      24 |      0 |   42240 |      0 |    4320 |      0 |      48 |      0 |      16 |      0 |      24 |      0 |       0 |      0 |       0 |
| X1Y1              |      0 |      24 |      0 |   41280 |      0 |    4320 |      0 |      96 |      0 |       0 |      0 |      24 |      0 |       0 |      0 |       0 |
| X2Y1              |      0 |      24 |      0 |   41280 |      0 |    4320 |      0 |      96 |      0 |       0 |      0 |      24 |      0 |       0 |      0 |       0 |
| X3Y1              |      0 |      24 |      0 |   41280 |      0 |    4320 |      0 |      96 |      0 |       0 |      0 |      24 |      0 |       0 |      0 |       0 |
| X4Y1              |      0 |      24 |      0 |   21120 |      0 |    3840 |      0 |      48 |      0 |      16 |      0 |      24 |      0 |       4 |      0 |       0 |
| X0Y2              |      0 |      24 |      0 |   42240 |      0 |    4320 |      0 |      48 |      0 |      16 |      0 |      24 |      0 |       0 |      0 |       0 |
| X1Y2              |      0 |      24 |      0 |   41280 |      0 |    4320 |      0 |      96 |      0 |       0 |      0 |      24 |      0 |       0 |      0 |       0 |
| X2Y2              |      0 |      24 |      0 |   41280 |      0 |    4320 |      0 |      96 |      0 |       0 |      0 |      24 |      0 |       0 |      0 |       0 |
| X3Y2              |      0 |      24 |      0 |   41280 |      0 |    4320 |      0 |      96 |      0 |       0 |      0 |      24 |      0 |       0 |      0 |       0 |
| X4Y2              |      0 |      24 |      0 |   21120 |      0 |    3840 |      0 |      48 |      0 |      16 |      0 |      24 |      0 |       4 |      0 |       0 |
| X0Y3              |      0 |      24 |      0 |   42240 |      0 |    4320 |      0 |      48 |      0 |      16 |      0 |      24 |      0 |       0 |      0 |       0 |
| X1Y3              |      0 |      24 |      0 |   41280 |      0 |    4320 |      0 |      96 |      0 |       0 |      0 |      24 |      0 |       0 |      0 |       0 |
| X2Y3              |      0 |      24 |      0 |   41280 |      0 |    4320 |      0 |      96 |      0 |       0 |      0 |      24 |      0 |       0 |      0 |       0 |
| X3Y3              |      0 |      24 |      0 |   41280 |      0 |    4320 |      0 |      96 |      0 |       0 |      0 |      24 |      0 |       0 |      0 |       0 |
| X4Y3              |      0 |      24 |      0 |   21120 |      0 |    3840 |      0 |      48 |      0 |      16 |      0 |      24 |      0 |       4 |      0 |       1 |
| X0Y4              |      0 |      24 |      0 |   42240 |      0 |    4320 |      0 |      48 |      0 |      16 |      0 |      24 |      0 |       0 |      0 |       0 |
| X1Y4              |      0 |      24 |      0 |   41280 |      0 |    4320 |      0 |      96 |      0 |       0 |      0 |      24 |      0 |       0 |      0 |       0 |
| X2Y4              |      0 |      24 |      0 |   41280 |      0 |    4320 |      0 |      96 |      0 |       0 |      0 |      24 |      0 |       0 |      0 |       0 |
| X3Y4              |      0 |      24 |      0 |   41280 |      0 |    4320 |      0 |      96 |      0 |       0 |      0 |      24 |      0 |       0 |      0 |       0 |
| X4Y4              |      0 |      24 |      0 |   21120 |      0 |    3840 |      0 |      48 |      0 |      16 |      0 |      24 |      0 |       4 |      0 |       0 |
| X0Y5              |      0 |      24 |      0 |   42240 |      0 |    4320 |      0 |      48 |      0 |      16 |      0 |      24 |      0 |       0 |      0 |       0 |
| X1Y5              |      0 |      24 |      0 |   41280 |      0 |    4320 |      0 |      96 |      0 |       0 |      0 |      24 |      0 |       0 |      0 |       0 |
| X2Y5              |      0 |      24 |      0 |   41280 |      0 |    4320 |      0 |      96 |      0 |       0 |      0 |      24 |      0 |       0 |      0 |       0 |
| X3Y5              |      0 |      24 |      0 |   41280 |      0 |    4320 |      0 |      96 |      0 |       0 |      0 |      24 |      0 |       0 |      0 |       0 |
| X4Y5              |      0 |      24 |      0 |   21120 |      0 |    3840 |      0 |      48 |      0 |      16 |      0 |      24 |      0 |       4 |      0 |       1 |
| X0Y6              |      0 |      24 |      0 |   42240 |      0 |    4320 |      0 |      48 |      0 |      16 |      0 |      24 |      0 |       0 |      0 |       0 |
| X1Y6              |      0 |      24 |      0 |   41280 |      0 |    4320 |      0 |      96 |      0 |       0 |      0 |      24 |      0 |       0 |      0 |       0 |
| X2Y6              |      0 |      24 |      0 |   41280 |      0 |    4320 |      0 |      96 |      0 |       0 |      0 |      24 |      0 |       0 |      0 |       0 |
| X3Y6              |      0 |      24 |      0 |   41280 |      0 |    4320 |      0 |      96 |      0 |       0 |      0 |      24 |      0 |       0 |      0 |       0 |
| X4Y6              |      0 |      24 |      0 |   21120 |      0 |    3840 |      0 |      48 |      0 |      16 |      0 |      24 |      0 |       4 |      0 |       0 |
| X0Y7              |      0 |      24 |      0 |   42240 |      0 |    4320 |      0 |      48 |      0 |      16 |      0 |      24 |      0 |       0 |      0 |       0 |
| X1Y7              |      0 |      24 |      0 |   41280 |      0 |    4320 |      0 |      96 |      0 |       0 |      0 |      24 |      0 |       0 |      0 |       0 |
| X2Y7              |      0 |      24 |      0 |   41280 |      0 |    4320 |      0 |      96 |      0 |       0 |      0 |      24 |      0 |       0 |      0 |       0 |
| X3Y7              |      0 |      24 |      0 |   41280 |      0 |    4320 |      0 |      96 |      0 |       0 |      0 |      24 |      0 |       0 |      0 |       0 |
| X4Y7              |      0 |      24 |      0 |   21120 |      0 |    3840 |      0 |      48 |      0 |      16 |      0 |      24 |      0 |       4 |      0 |       1 |
| X0Y8              |      1 |      24 |    100 |   42240 |      0 |    4320 |      0 |      48 |      0 |      16 |      0 |      24 |      0 |       0 |      0 |       0 |
| X1Y8              |      0 |      24 |      0 |   41280 |      0 |    4320 |      0 |      96 |      0 |       0 |      0 |      24 |      0 |       0 |      0 |       0 |
| X2Y8              |      0 |      24 |      0 |   41280 |      0 |    4320 |      0 |      96 |      0 |       0 |      0 |      24 |      0 |       0 |      0 |       0 |
| X3Y8              |      0 |      24 |      0 |   41280 |      0 |    4320 |      0 |      96 |      0 |       0 |      0 |      24 |      0 |       0 |      0 |       0 |
| X4Y8              |      0 |      24 |      0 |   21120 |      0 |    3840 |      0 |      48 |      0 |      16 |      0 |      24 |      0 |       4 |      0 |       0 |
| X0Y9              |      4 |      24 |   2082 |   42240 |     83 |    4320 |      0 |      48 |      0 |      16 |      0 |      24 |      0 |       0 |      0 |       0 |
| X1Y9              |      0 |      24 |      0 |   41280 |      0 |    4320 |      0 |      96 |      0 |       0 |      0 |      24 |      0 |       0 |      0 |       0 |
| X2Y9              |      0 |      24 |      0 |   41280 |      0 |    4320 |      0 |      96 |      0 |       0 |      0 |      24 |      0 |       0 |      0 |       0 |
| X3Y9              |      0 |      24 |      0 |   41280 |      0 |    4320 |      0 |      96 |      0 |       0 |      0 |      24 |      0 |       0 |      0 |       0 |
| X4Y9              |      0 |      24 |      0 |   21120 |      0 |    3840 |      0 |      48 |      0 |      16 |      0 |      24 |      0 |       0 |      0 |       1 |
| X0Y10             |      5 |      24 |   3689 |   42240 |     19 |    4320 |      0 |      48 |      0 |      16 |      0 |      24 |      0 |       0 |      0 |       0 |
| X1Y10             |      0 |      24 |      0 |   41280 |      0 |    4320 |      0 |      96 |      0 |       0 |      0 |      24 |      0 |       0 |      0 |       0 |
| X2Y10             |      0 |      24 |      0 |   41280 |      0 |    4320 |      0 |      96 |      0 |       0 |      0 |      24 |      0 |       0 |      0 |       0 |
| X3Y10             |      0 |      24 |      0 |   41280 |      0 |    4320 |      0 |      96 |      0 |       0 |      0 |      24 |      0 |       0 |      0 |       0 |
| X4Y10             |      0 |      24 |      0 |   21120 |      0 |    3840 |      0 |      48 |      0 |      16 |      0 |      24 |      0 |       0 |      0 |       1 |
+-------------------+--------+---------+--------+---------+--------+---------+--------+---------+--------+---------+--------+---------+--------+---------+--------+---------+
* Global Clock column represents track count; while other columns represents cell counts


6. Clock Regions : Global Clock Summary
---------------------------------------

All Modules
+-----+----+----+----+----+----+
|     | X0 | X1 | X2 | X3 | X4 |
+-----+----+----+----+----+----+
| Y10 |  5 |  0 |  0 |  0 |  0 |
| Y9  |  4 |  0 |  0 |  0 |  0 |
| Y8  |  1 |  0 |  0 |  0 |  0 |
| Y7  |  0 |  0 |  0 |  0 |  0 |
| Y6  |  0 |  0 |  0 |  0 |  0 |
| Y5  |  0 |  0 |  0 |  0 |  0 |
| Y4  |  0 |  0 |  0 |  0 |  0 |
| Y3  |  0 |  0 |  0 |  0 |  0 |
| Y2  |  0 |  0 |  0 |  0 |  0 |
| Y1  |  0 |  0 |  0 |  0 |  0 |
| Y0  |  0 |  0 |  0 |  0 |  0 |
+-----+----+----+----+----+----+


7. Clock Regions : Routing Resource Utilization
-----------------------------------------------

All Modules
+-------------------+----------------------+----------------------+----------------------+----------------------+
|                   |        HROUTES       |        HDISTRS       |        VROUTES       |        VDISTRS       |
+-------------------+------+-------+-------+------+-------+-------+------+-------+-------+------+-------+-------+
| Clock Region Name | Used | Avail | Util% | Used | Avail | Util% | Used | Avail | Util% | Used | Avail | Util% |
+-------------------+------+-------+-------+------+-------+-------+------+-------+-------+------+-------+-------+
| X0Y0              |    0 |    24 |  0.00 |    0 |    24 |  0.00 |    0 |    24 |  0.00 |    0 |    24 |  0.00 |
| X1Y0              |    0 |    24 |  0.00 |    0 |    24 |  0.00 |    0 |    24 |  0.00 |    0 |    24 |  0.00 |
| X2Y0              |    0 |    24 |  0.00 |    0 |    24 |  0.00 |    0 |    24 |  0.00 |    0 |    24 |  0.00 |
| X3Y0              |    0 |    24 |  0.00 |    0 |    24 |  0.00 |    0 |    24 |  0.00 |    0 |    24 |  0.00 |
| X4Y0              |    0 |    24 |  0.00 |    0 |    24 |  0.00 |    0 |    24 |  0.00 |    0 |    24 |  0.00 |
| X0Y1              |    0 |    24 |  0.00 |    0 |    24 |  0.00 |    0 |    24 |  0.00 |    0 |    24 |  0.00 |
| X1Y1              |    0 |    24 |  0.00 |    0 |    24 |  0.00 |    0 |    24 |  0.00 |    0 |    24 |  0.00 |
| X2Y1              |    0 |    24 |  0.00 |    0 |    24 |  0.00 |    0 |    24 |  0.00 |    0 |    24 |  0.00 |
| X3Y1              |    0 |    24 |  0.00 |    0 |    24 |  0.00 |    0 |    24 |  0.00 |    0 |    24 |  0.00 |
| X4Y1              |    0 |    24 |  0.00 |    0 |    24 |  0.00 |    0 |    24 |  0.00 |    0 |    24 |  0.00 |
| X0Y2              |    0 |    24 |  0.00 |    0 |    24 |  0.00 |    0 |    24 |  0.00 |    0 |    24 |  0.00 |
| X1Y2              |    0 |    24 |  0.00 |    0 |    24 |  0.00 |    0 |    24 |  0.00 |    0 |    24 |  0.00 |
| X2Y2              |    0 |    24 |  0.00 |    0 |    24 |  0.00 |    0 |    24 |  0.00 |    0 |    24 |  0.00 |
| X3Y2              |    0 |    24 |  0.00 |    0 |    24 |  0.00 |    0 |    24 |  0.00 |    0 |    24 |  0.00 |
| X4Y2              |    0 |    24 |  0.00 |    0 |    24 |  0.00 |    0 |    24 |  0.00 |    0 |    24 |  0.00 |
| X0Y3              |    0 |    24 |  0.00 |    0 |    24 |  0.00 |    0 |    24 |  0.00 |    0 |    24 |  0.00 |
| X1Y3              |    0 |    24 |  0.00 |    0 |    24 |  0.00 |    0 |    24 |  0.00 |    0 |    24 |  0.00 |
| X2Y3              |    0 |    24 |  0.00 |    0 |    24 |  0.00 |    0 |    24 |  0.00 |    0 |    24 |  0.00 |
| X3Y3              |    0 |    24 |  0.00 |    0 |    24 |  0.00 |    0 |    24 |  0.00 |    0 |    24 |  0.00 |
| X4Y3              |    0 |    24 |  0.00 |    0 |    24 |  0.00 |    0 |    24 |  0.00 |    0 |    24 |  0.00 |
| X0Y4              |    0 |    24 |  0.00 |    0 |    24 |  0.00 |    0 |    24 |  0.00 |    0 |    24 |  0.00 |
| X1Y4              |    0 |    24 |  0.00 |    0 |    24 |  0.00 |    0 |    24 |  0.00 |    0 |    24 |  0.00 |
| X2Y4              |    0 |    24 |  0.00 |    0 |    24 |  0.00 |    0 |    24 |  0.00 |    0 |    24 |  0.00 |
| X3Y4              |    0 |    24 |  0.00 |    0 |    24 |  0.00 |    0 |    24 |  0.00 |    0 |    24 |  0.00 |
| X4Y4              |    0 |    24 |  0.00 |    0 |    24 |  0.00 |    0 |    24 |  0.00 |    0 |    24 |  0.00 |
| X0Y5              |    0 |    24 |  0.00 |    0 |    24 |  0.00 |    0 |    24 |  0.00 |    0 |    24 |  0.00 |
| X1Y5              |    0 |    24 |  0.00 |    0 |    24 |  0.00 |    0 |    24 |  0.00 |    0 |    24 |  0.00 |
| X2Y5              |    0 |    24 |  0.00 |    0 |    24 |  0.00 |    0 |    24 |  0.00 |    0 |    24 |  0.00 |
| X3Y5              |    0 |    24 |  0.00 |    0 |    24 |  0.00 |    0 |    24 |  0.00 |    0 |    24 |  0.00 |
| X4Y5              |    0 |    24 |  0.00 |    0 |    24 |  0.00 |    0 |    24 |  0.00 |    0 |    24 |  0.00 |
| X0Y6              |    0 |    24 |  0.00 |    0 |    24 |  0.00 |    0 |    24 |  0.00 |    0 |    24 |  0.00 |
| X1Y6              |    0 |    24 |  0.00 |    0 |    24 |  0.00 |    0 |    24 |  0.00 |    0 |    24 |  0.00 |
| X2Y6              |    0 |    24 |  0.00 |    0 |    24 |  0.00 |    0 |    24 |  0.00 |    0 |    24 |  0.00 |
| X3Y6              |    0 |    24 |  0.00 |    0 |    24 |  0.00 |    0 |    24 |  0.00 |    0 |    24 |  0.00 |
| X4Y6              |    0 |    24 |  0.00 |    0 |    24 |  0.00 |    0 |    24 |  0.00 |    0 |    24 |  0.00 |
| X0Y7              |    0 |    24 |  0.00 |    0 |    24 |  0.00 |    0 |    24 |  0.00 |    0 |    24 |  0.00 |
| X1Y7              |    0 |    24 |  0.00 |    0 |    24 |  0.00 |    0 |    24 |  0.00 |    0 |    24 |  0.00 |
| X2Y7              |    0 |    24 |  0.00 |    0 |    24 |  0.00 |    0 |    24 |  0.00 |    0 |    24 |  0.00 |
| X3Y7              |    0 |    24 |  0.00 |    0 |    24 |  0.00 |    0 |    24 |  0.00 |    0 |    24 |  0.00 |
| X4Y7              |    0 |    24 |  0.00 |    0 |    24 |  0.00 |    0 |    24 |  0.00 |    0 |    24 |  0.00 |
| X0Y8              |    0 |    24 |  0.00 |    1 |    24 |  4.17 |    0 |    24 |  0.00 |    1 |    24 |  4.17 |
| X1Y8              |    0 |    24 |  0.00 |    0 |    24 |  0.00 |    0 |    24 |  0.00 |    0 |    24 |  0.00 |
| X2Y8              |    0 |    24 |  0.00 |    0 |    24 |  0.00 |    0 |    24 |  0.00 |    0 |    24 |  0.00 |
| X3Y8              |    0 |    24 |  0.00 |    0 |    24 |  0.00 |    0 |    24 |  0.00 |    0 |    24 |  0.00 |
| X4Y8              |    0 |    24 |  0.00 |    0 |    24 |  0.00 |    0 |    24 |  0.00 |    0 |    24 |  0.00 |
| X0Y9              |    0 |    24 |  0.00 |    4 |    24 | 16.67 |    1 |    24 |  4.17 |    4 |    24 | 16.67 |
| X1Y9              |    0 |    24 |  0.00 |    0 |    24 |  0.00 |    0 |    24 |  0.00 |    0 |    24 |  0.00 |
| X2Y9              |    0 |    24 |  0.00 |    0 |    24 |  0.00 |    0 |    24 |  0.00 |    0 |    24 |  0.00 |
| X3Y9              |    0 |    24 |  0.00 |    0 |    24 |  0.00 |    0 |    24 |  0.00 |    0 |    24 |  0.00 |
| X4Y9              |    0 |    24 |  0.00 |    0 |    24 |  0.00 |    0 |    24 |  0.00 |    0 |    24 |  0.00 |
| X0Y10             |    1 |    24 |  4.17 |    5 |    24 | 20.83 |    1 |    24 |  4.17 |    1 |    24 |  4.17 |
| X1Y10             |    0 |    24 |  0.00 |    0 |    24 |  0.00 |    0 |    24 |  0.00 |    0 |    24 |  0.00 |
| X2Y10             |    0 |    24 |  0.00 |    0 |    24 |  0.00 |    0 |    24 |  0.00 |    0 |    24 |  0.00 |
| X3Y10             |    0 |    24 |  0.00 |    0 |    24 |  0.00 |    0 |    24 |  0.00 |    0 |    24 |  0.00 |
| X4Y10             |    0 |    24 |  0.00 |    0 |    24 |  0.00 |    0 |    24 |  0.00 |    0 |    24 |  0.00 |
+-------------------+------+-------+-------+------+-------+-------+------+-------+-------+------+-------+-------+


8. Device Cell Placement Summary for Global Clock g0
----------------------------------------------------

+-----------+-----------------+-------------------+-------+-------------+---------------+----------+-------------+----------+----------------+----------+---------------+
| Global Id | Driver Type/Pin | Driver Region (D) | Clock | Period (ns) | Waveform (ns) | Root (R) | Slice Loads | IO Loads | Clocking Loads | GT Loads | Net           |
+-----------+-----------------+-------------------+-------+-------------+---------------+----------+-------------+----------+----------------+----------+---------------+
| g0        | BUFGCE/O        | X0Y10             | clk   |       4.000 | {0.000 2.000} | X0Y9     |        5193 |        0 |              0 |        0 | clk_IBUF_BUFG |
+-----------+-----------------+-------------------+-------+-------------+---------------+----------+-------------+----------+----------------+----------+---------------+
* Slice Loads column represents load cell count of all cell types other than IO, GT and clock resources
** IO Loads column represents load cell count of IO types
*** Clocking Loads column represents load cell count that are clock resources (global clock buffer, MMCM, PLL, etc)
**** GT Loads column represents load cell count of GT types


+-----+-----------+----+----+----+----+-----------------------+
|     | X0        | X1 | X2 | X3 | X4 | HORIZONTAL PROG DELAY |
+-----+-----------+----+----+----+----+-----------------------+
| Y10 |  (D) 3230 |  0 |  0 |  0 |  0 |                     1 |
| Y9  |  (R) 1863 |  0 |  0 |  0 |  0 |                     1 |
| Y8  |       100 |  0 |  0 |  0 |  0 |                     0 |
| Y7  |         0 |  0 |  0 |  0 |  0 |                     - |
| Y6  |         0 |  0 |  0 |  0 |  0 |                     - |
| Y5  |         0 |  0 |  0 |  0 |  0 |                     - |
| Y4  |         0 |  0 |  0 |  0 |  0 |                     - |
| Y3  |         0 |  0 |  0 |  0 |  0 |                     - |
| Y2  |         0 |  0 |  0 |  0 |  0 |                     - |
| Y1  |         0 |  0 |  0 |  0 |  0 |                     - |
| Y0  |         0 |  0 |  0 |  0 |  0 |                     - |
+-----+-----------+----+----+----+----+-----------------------+


9. Device Cell Placement Summary for Global Clock g1
----------------------------------------------------

+-----------+-----------------+-------------------+-------+-------------+---------------+----------+-------------+----------+----------------+----------+----------------+
| Global Id | Driver Type/Pin | Driver Region (D) | Clock | Period (ns) | Waveform (ns) | Root (R) | Slice Loads | IO Loads | Clocking Loads | GT Loads | Net            |
+-----------+-----------------+-------------------+-------+-------------+---------------+----------+-------------+----------+----------------+----------+----------------+
| g1        | BUFGCE/O        | X0Y10             | dclk  |      10.000 | {0.000 5.000} | X0Y10    |         513 |        0 |              0 |        0 | dclk_IBUF_BUFG |
+-----------+-----------------+-------------------+-------+-------------+---------------+----------+-------------+----------+----------------+----------+----------------+
* Slice Loads column represents load cell count of all cell types other than IO, GT and clock resources
** IO Loads column represents load cell count of IO types
*** Clocking Loads column represents load cell count that are clock resources (global clock buffer, MMCM, PLL, etc)
**** GT Loads column represents load cell count of GT types


+-----+-------------+----+----+----+----+-----------------------+
|     | X0          | X1 | X2 | X3 | X4 | HORIZONTAL PROG DELAY |
+-----+-------------+----+----+----+----+-----------------------+
| Y10 | (R) (D) 314 |  0 |  0 |  0 |  0 |                     1 |
| Y9  |         199 |  0 |  0 |  0 |  0 |                     0 |
| Y8  |           0 |  0 |  0 |  0 |  0 |                     - |
| Y7  |           0 |  0 |  0 |  0 |  0 |                     - |
| Y6  |           0 |  0 |  0 |  0 |  0 |                     - |
| Y5  |           0 |  0 |  0 |  0 |  0 |                     - |
| Y4  |           0 |  0 |  0 |  0 |  0 |                     - |
| Y3  |           0 |  0 |  0 |  0 |  0 |                     - |
| Y2  |           0 |  0 |  0 |  0 |  0 |                     - |
| Y1  |           0 |  0 |  0 |  0 |  0 |                     - |
| Y0  |           0 |  0 |  0 |  0 |  0 |                     - |
+-----+-------------+----+----+----+----+-----------------------+


10. Device Cell Placement Summary for Global Clock g2
-----------------------------------------------------

+-----------+-----------------+-------------------+-------------+-------------+---------------+----------+-------------+----------+----------------+----------+---------------------------------------------------------------+
| Global Id | Driver Type/Pin | Driver Region (D) | Clock       | Period (ns) | Waveform (ns) | Root (R) | Slice Loads | IO Loads | Clocking Loads | GT Loads | Net                                                           |
+-----------+-----------------+-------------------+-------------+-------------+---------------+----------+-------------+----------+----------------+----------+---------------------------------------------------------------+
| g2        | BUFGCE/O        | X0Y10             | tx_dcm_clk0 |       6.400 | {0.000 3.200} | X0Y10    |         164 |       36 |              0 |        0 | DUT/inst/i_xxv_ethernet_0_top_0/i_SHARED_CLOCKING/tx_mii_clk0 |
+-----------+-----------------+-------------------+-------------+-------------+---------------+----------+-------------+----------+----------------+----------+---------------------------------------------------------------+
* Slice Loads column represents load cell count of all cell types other than IO, GT and clock resources
** IO Loads column represents load cell count of IO types
*** Clocking Loads column represents load cell count that are clock resources (global clock buffer, MMCM, PLL, etc)
**** GT Loads column represents load cell count of GT types


+-----+-------------+----+----+----+----+-----------------------+
|     | X0          | X1 | X2 | X3 | X4 | HORIZONTAL PROG DELAY |
+-----+-------------+----+----+----+----+-----------------------+
| Y10 | (R) (D) 200 |  0 |  0 |  0 |  0 |                     0 |
| Y9  |           0 |  0 |  0 |  0 |  0 |                     - |
| Y8  |           0 |  0 |  0 |  0 |  0 |                     - |
| Y7  |           0 |  0 |  0 |  0 |  0 |                     - |
| Y6  |           0 |  0 |  0 |  0 |  0 |                     - |
| Y5  |           0 |  0 |  0 |  0 |  0 |                     - |
| Y4  |           0 |  0 |  0 |  0 |  0 |                     - |
| Y3  |           0 |  0 |  0 |  0 |  0 |                     - |
| Y2  |           0 |  0 |  0 |  0 |  0 |                     - |
| Y1  |           0 |  0 |  0 |  0 |  0 |                     - |
| Y0  |           0 |  0 |  0 |  0 |  0 |                     - |
+-----+-------------+----+----+----+----+-----------------------+


11. Device Cell Placement Summary for Global Clock g3
-----------------------------------------------------

+-----------+-----------------+-------------------+-------------+-------------+---------------+----------+-------------+----------+----------------+----------+----------------------------------------------------+
| Global Id | Driver Type/Pin | Driver Region (D) | Clock       | Period (ns) | Waveform (ns) | Root (R) | Slice Loads | IO Loads | Clocking Loads | GT Loads | Net                                                |
+-----------+-----------------+-------------------+-------------+-------------+---------------+----------+-------------+----------+----------------+----------+----------------------------------------------------+
| g3        | BUFGCE/O        | X0Y9              | rx_dcm_clk0 |       6.400 | {0.000 3.200} | X0Y9     |         139 |        0 |              0 |        0 | DUT/inst/i_xxv_ethernet_0_top_0/i_XGMII_IF/rx_clk0 |
+-----------+-----------------+-------------------+-------------+-------------+---------------+----------+-------------+----------+----------------+----------+----------------------------------------------------+
* Slice Loads column represents load cell count of all cell types other than IO, GT and clock resources
** IO Loads column represents load cell count of IO types
*** Clocking Loads column represents load cell count that are clock resources (global clock buffer, MMCM, PLL, etc)
**** GT Loads column represents load cell count of GT types


+-----+-------------+----+----+----+----+-----------------------+
|     | X0          | X1 | X2 | X3 | X4 | HORIZONTAL PROG DELAY |
+-----+-------------+----+----+----+----+-----------------------+
| Y10 |           4 |  0 |  0 |  0 |  0 |                     0 |
| Y9  | (R) (D) 135 |  0 |  0 |  0 |  0 |                     0 |
| Y8  |           0 |  0 |  0 |  0 |  0 |                     - |
| Y7  |           0 |  0 |  0 |  0 |  0 |                     - |
| Y6  |           0 |  0 |  0 |  0 |  0 |                     - |
| Y5  |           0 |  0 |  0 |  0 |  0 |                     - |
| Y4  |           0 |  0 |  0 |  0 |  0 |                     - |
| Y3  |           0 |  0 |  0 |  0 |  0 |                     - |
| Y2  |           0 |  0 |  0 |  0 |  0 |                     - |
| Y1  |           0 |  0 |  0 |  0 |  0 |                     - |
| Y0  |           0 |  0 |  0 |  0 |  0 |                     - |
+-----+-------------+----+----+----+----+-----------------------+


12. Device Cell Placement Summary for Global Clock g4
-----------------------------------------------------

+-----------+-----------------+-------------------+----------+-------------+---------------+----------+-------------+----------+----------------+----------+---------------------------------------------------------+
| Global Id | Driver Type/Pin | Driver Region (D) | Clock    | Period (ns) | Waveform (ns) | Root (R) | Slice Loads | IO Loads | Clocking Loads | GT Loads | Net                                                     |
+-----------+-----------------+-------------------+----------+-------------+---------------+----------+-------------+----------+----------------+----------+---------------------------------------------------------+
| g4        | BUFGCE/O        | X0Y9              | clkfbout |       6.400 | {0.000 3.200} | X0Y9     |           0 |        0 |              1 |        0 | DUT/inst/i_xxv_ethernet_0_top_0/i_XGMII_IF/clkfbout_buf |
+-----------+-----------------+-------------------+----------+-------------+---------------+----------+-------------+----------+----------------+----------+---------------------------------------------------------+
* Slice Loads column represents load cell count of all cell types other than IO, GT and clock resources
** IO Loads column represents load cell count of IO types
*** Clocking Loads column represents load cell count that are clock resources (global clock buffer, MMCM, PLL, etc)
**** GT Loads column represents load cell count of GT types


+-----+-----------+----+----+----+----+-----------------------+
|     | X0        | X1 | X2 | X3 | X4 | HORIZONTAL PROG DELAY |
+-----+-----------+----+----+----+----+-----------------------+
| Y10 |         0 |  0 |  0 |  0 |  0 |                     - |
| Y9  | (R) (D) 1 |  0 |  0 |  0 |  0 |                     0 |
| Y8  |         0 |  0 |  0 |  0 |  0 |                     - |
| Y7  |         0 |  0 |  0 |  0 |  0 |                     - |
| Y6  |         0 |  0 |  0 |  0 |  0 |                     - |
| Y5  |         0 |  0 |  0 |  0 |  0 |                     - |
| Y4  |         0 |  0 |  0 |  0 |  0 |                     - |
| Y3  |         0 |  0 |  0 |  0 |  0 |                     - |
| Y2  |         0 |  0 |  0 |  0 |  0 |                     - |
| Y1  |         0 |  0 |  0 |  0 |  0 |                     - |
| Y0  |         0 |  0 |  0 |  0 |  0 |                     - |
+-----+-----------+----+----+----+----+-----------------------+


13. Device Cell Placement Summary for Global Clock g5
-----------------------------------------------------

+-----------+-----------------+-------------------+-------+-------------+---------------+----------+-------------+----------+----------------+----------+---------------------------------------------------------------------------------------------------+
| Global Id | Driver Type/Pin | Driver Region (D) | Clock | Period (ns) | Waveform (ns) | Root (R) | Slice Loads | IO Loads | Clocking Loads | GT Loads | Net                                                                                               |
+-----------+-----------------+-------------------+-------+-------------+---------------+----------+-------------+----------+----------------+----------+---------------------------------------------------------------------------------------------------+
| g5        | BUFGCE/O        | X0Y10             |       |             |               | X0Y10    |        1138 |        0 |              0 |        0 | DUT/inst/i_xxv_ethernet_0_top_0/i_xxv_ethernet_0_CORE/i_TX_TOP/i_RESET_FLOP_TX_LBA/reset_flop_out |
+-----------+-----------------+-------------------+-------+-------------+---------------+----------+-------------+----------+----------------+----------+---------------------------------------------------------------------------------------------------+
* Slice Loads column represents load cell count of all cell types other than IO, GT and clock resources
** IO Loads column represents load cell count of IO types
*** Clocking Loads column represents load cell count that are clock resources (global clock buffer, MMCM, PLL, etc)
**** GT Loads column represents load cell count of GT types


+-----+--------------+----+----+----+----+-----------------------+
|     | X0           | X1 | X2 | X3 | X4 | HORIZONTAL PROG DELAY |
+-----+--------------+----+----+----+----+-----------------------+
| Y10 | (R) (D) 1138 |  0 |  0 |  0 |  0 |                     0 |
| Y9  |            0 |  0 |  0 |  0 |  0 |                     - |
| Y8  |            0 |  0 |  0 |  0 |  0 |                     - |
| Y7  |            0 |  0 |  0 |  0 |  0 |                     - |
| Y6  |            0 |  0 |  0 |  0 |  0 |                     - |
| Y5  |            0 |  0 |  0 |  0 |  0 |                     - |
| Y4  |            0 |  0 |  0 |  0 |  0 |                     - |
| Y3  |            0 |  0 |  0 |  0 |  0 |                     - |
| Y2  |            0 |  0 |  0 |  0 |  0 |                     - |
| Y1  |            0 |  0 |  0 |  0 |  0 |                     - |
| Y0  |            0 |  0 |  0 |  0 |  0 |                     - |
+-----+--------------+----+----+----+----+-----------------------+


14. Clock Region Cell Placement per Global Clock: Region X0Y8
-------------------------------------------------------------

+-----------+-------+-----------------+------------+-------------+-----------------+-----+-------------+------+------+-----+----+------+-----+---------+---------------+
| Global Id | Track | Driver Type/Pin | Constraint | Clock Loads | Non-Clock Loads | FF  | Memory LUTs | RAMB | URAM | DSP | GT | MMCM | PLL | Hard IP | Net           |
+-----------+-------+-----------------+------------+-------------+-----------------+-----+-------------+------+------+-----+----+------+-----+---------+---------------+
| g0        | 0     | BUFGCE/O        | None       |         100 |               0 | 100 |           0 |    0 |    0 |   0 |  0 |    0 |   0 |       0 | clk_IBUF_BUFG |
+-----------+-------+-----------------+------------+-------------+-----------------+-----+-------------+------+------+-----+----+------+-----+---------+---------------+
* Clock Loads column represents cell count of net connects that connect to a clock pin. Internal cell leaf pins are not considered
** Non-Clock Loads column represents cell count of non-clock pin loads
*** Columns FF, LUTRAM, RAMB through 'Hard IP' represents load cell counts


15. Clock Region Cell Placement per Global Clock: Region X0Y9
-------------------------------------------------------------

+-----------+-------+-----------------+------------+-------------+-----------------+------+-------------+------+------+-----+----+------+-----+---------+---------------------------------------------------------+
| Global Id | Track | Driver Type/Pin | Constraint | Clock Loads | Non-Clock Loads | FF   | Memory LUTs | RAMB | URAM | DSP | GT | MMCM | PLL | Hard IP | Net                                                     |
+-----------+-------+-----------------+------------+-------------+-----------------+------+-------------+------+------+-----+----+------+-----+---------+---------------------------------------------------------+
| g0        | 0     | BUFGCE/O        | None       |        1863 |               0 | 1792 |          71 |    0 |    0 |   0 |  0 |    0 |   0 |       0 | clk_IBUF_BUFG                                           |
| g1        | 22    | BUFGCE/O        | None       |         199 |               0 |  199 |           0 |    0 |    0 |   0 |  0 |    0 |   0 |       0 | dclk_IBUF_BUFG                                          |
| g3        | 11    | BUFGCE/O        | None       |         135 |               0 |   91 |          12 |    0 |    0 |   0 |  0 |    0 |   0 |       0 | DUT/inst/i_xxv_ethernet_0_top_0/i_XGMII_IF/rx_clk0      |
| g4        | 2     | BUFGCE/O        | None       |           0 |               1 |    0 |           0 |    0 |    0 |   0 |  0 |    1 |   0 |       0 | DUT/inst/i_xxv_ethernet_0_top_0/i_XGMII_IF/clkfbout_buf |
+-----------+-------+-----------------+------------+-------------+-----------------+------+-------------+------+------+-----+----+------+-----+---------+---------------------------------------------------------+
* Clock Loads column represents cell count of net connects that connect to a clock pin. Internal cell leaf pins are not considered
** Non-Clock Loads column represents cell count of non-clock pin loads
*** Columns FF, LUTRAM, RAMB through 'Hard IP' represents load cell counts


16. Clock Region Cell Placement per Global Clock: Region X0Y10
--------------------------------------------------------------

+-----------+-------+-----------------+------------+-------------+-----------------+------+-------------+------+------+-----+----+------+-----+---------+---------------------------------------------------------------------------------------------------+
| Global Id | Track | Driver Type/Pin | Constraint | Clock Loads | Non-Clock Loads | FF   | Memory LUTs | RAMB | URAM | DSP | GT | MMCM | PLL | Hard IP | Net                                                                                               |
+-----------+-------+-----------------+------------+-------------+-----------------+------+-------------+------+------+-----+----+------+-----+---------+---------------------------------------------------------------------------------------------------+
| g0        | 0     | BUFGCE/O        | None       |        3230 |               0 | 3211 |          19 |    0 |    0 |   0 |  0 |    0 |   0 |       0 | clk_IBUF_BUFG                                                                                     |
| g1        | 22    | BUFGCE/O        | None       |         314 |               0 |  314 |           0 |    0 |    0 |   0 |  0 |    0 |   0 |       0 | dclk_IBUF_BUFG                                                                                    |
| g2        | 23    | BUFGCE/O        | None       |         200 |               0 |  164 |           0 |    0 |    0 |   0 |  0 |    0 |   0 |       0 | DUT/inst/i_xxv_ethernet_0_top_0/i_SHARED_CLOCKING/tx_mii_clk0                                     |
| g3        | 11    | BUFGCE/O        | None       |           4 |               0 |    0 |           0 |    0 |    0 |   0 |  0 |    0 |   0 |       0 | DUT/inst/i_xxv_ethernet_0_top_0/i_XGMII_IF/rx_clk0                                                |
| g5        | 8     | BUFGCE/O        | None       |           0 |            1138 | 1138 |           0 |    0 |    0 |   0 |  0 |    0 |   0 |       0 | DUT/inst/i_xxv_ethernet_0_top_0/i_xxv_ethernet_0_CORE/i_TX_TOP/i_RESET_FLOP_TX_LBA/reset_flop_out |
+-----------+-------+-----------------+------------+-------------+-----------------+------+-------------+------+------+-----+----+------+-----+---------+---------------------------------------------------------------------------------------------------+
* Clock Loads column represents cell count of net connects that connect to a clock pin. Internal cell leaf pins are not considered
** Non-Clock Loads column represents cell count of non-clock pin loads
*** Columns FF, LUTRAM, RAMB through 'Hard IP' represents load cell counts


