Copyright 1986-2022 Xilinx, Inc. All Rights Reserved. Copyright 2022-2025 Advanced Micro Devices, Inc. All Rights Reserved.
---------------------------------------------------------------------------------------------------------------------------------------------
| Tool Version : Vivado v.2025.2 (win64) Build 6299465 Fri Nov 14 19:35:11 GMT 2025
| Date         : Mon Aug  3 18:40:34 2026
| Host         : DESKTOP-MB4FOM3 running 64-bit major release  (build 9200)
| Command      : report_utilization -file xxv_ethernet_0_exdes_utilization_placed.rpt -pb xxv_ethernet_0_exdes_utilization_placed.pb
| Design       : xxv_ethernet_0_exdes
| Device       : xcu26-vsva1365-2LV-e
| Speed File   : -2LV
| Design State : Fully Placed
---------------------------------------------------------------------------------------------------------------------------------------------

Utilization Design Information

Table of Contents
-----------------
1. CLB Logic
1.1 Summary of Registers by Type
2. CLB Logic Distribution
3. BLOCKRAM
4. ARITHMETIC
5. I/O
6. CLOCK
7. ADVANCED
8. CONFIGURATION
9. Primitives
10. Black Boxes
11. Instantiated Netlists

1. CLB Logic
------------

+----------------------------+------+-------+------------+-----------+-------+
|          Site Type         | Used | Fixed | Prohibited | Available | Util% |
+----------------------------+------+-------+------------+-----------+-------+
| CLB LUTs                   | 5175 |     0 |          0 |   1029600 |  0.50 |
|   LUT as Logic             | 5033 |     0 |          0 |   1029600 |  0.49 |
|   LUT as Memory            |  142 |     0 |          0 |    232320 |  0.06 |
|     LUT as Distributed RAM |   98 |     0 |            |           |       |
|     LUT as Shift Register  |   44 |     0 |            |           |       |
| CLB Registers              | 5871 |     0 |          0 |   2059200 |  0.29 |
|   Register as Flip Flop    | 5871 |     0 |          0 |   2059200 |  0.29 |
|   Register as Latch        |    0 |     0 |          0 |   2059200 |  0.00 |
| CARRY8                     |   95 |     0 |          0 |    128700 |  0.07 |
| F7 Muxes                   |   70 |     0 |          0 |    514800 |  0.01 |
| F8 Muxes                   |    0 |     0 |          0 |    257400 |  0.00 |
| F9 Muxes                   |    0 |     0 |          0 |    128700 |  0.00 |
| Unique Control Sets        |  112 |       |          0 |    257400 |  0.04 |
+----------------------------+------+-------+------------+-----------+-------+
* Warning! LUT value is adjusted to account for LUT combining.
** Note: Available Control Sets calculated as Slices * 2, Review the Control Sets Report for more information regarding control sets.


1.1 Summary of Registers by Type
--------------------------------

+-------+--------------+-------------+--------------+
| Total | Clock Enable | Synchronous | Asynchronous |
+-------+--------------+-------------+--------------+
| 0     |            _ |           - |            - |
| 0     |            _ |           - |          Set |
| 0     |            _ |           - |        Reset |
| 0     |            _ |         Set |            - |
| 0     |            _ |       Reset |            - |
| 0     |          Yes |           - |            - |
| 69    |          Yes |           - |          Set |
| 753   |          Yes |           - |        Reset |
| 517   |          Yes |         Set |            - |
| 4532  |          Yes |       Reset |            - |
+-------+--------------+-------------+--------------+


2. CLB Logic Distribution
-------------------------

+--------------------------------------------+------+-------+------------+-----------+-------+
|                  Site Type                 | Used | Fixed | Prohibited | Available | Util% |
+--------------------------------------------+------+-------+------------+-----------+-------+
| CLB                                        | 1199 |     0 |          0 |    128700 |  0.93 |
|   CLBL                                     |  969 |     0 |            |           |       |
|   CLBM                                     |  230 |     0 |            |           |       |
| LUT as Logic                               | 5033 |     0 |          0 |   1029600 |  0.49 |
|   using O5 output only                     |   85 |       |            |           |       |
|   using O6 output only                     | 4012 |       |            |           |       |
|   using O5 and O6                          |  936 |       |            |           |       |
| LUT as Memory                              |  142 |     0 |          0 |    232320 |  0.06 |
|   LUT as Distributed RAM                   |   98 |     0 |            |           |       |
|     using O5 output only                   |    0 |       |            |           |       |
|     using O6 output only                   |    2 |       |            |           |       |
|     using O5 and O6                        |   96 |       |            |           |       |
|   LUT as Shift Register                    |   44 |     0 |            |           |       |
|     using O5 output only                   |    0 |       |            |           |       |
|     using O6 output only                   |   12 |       |            |           |       |
|     using O5 and O6                        |   32 |       |            |           |       |
| CLB Registers                              | 5871 |     0 |          0 |   2059200 |  0.29 |
|   Register driven from within the CLB      | 3497 |       |            |           |       |
|   Register driven from outside the CLB     | 2374 |       |            |           |       |
|     LUT in front of the register is unused | 2056 |       |            |           |       |
|     LUT in front of the register is used   |  318 |       |            |           |       |
+--------------------------------------------+------+-------+------------+-----------+-------+


3. BLOCKRAM
-----------

+----------------+------+-------+------------+-----------+-------+
|    Site Type   | Used | Fixed | Prohibited | Available | Util% |
+----------------+------+-------+------------+-----------+-------+
| Block RAM Tile |    0 |     0 |          0 |      2112 |  0.00 |
|   RAMB36/FIFO* |    0 |     0 |          0 |      2112 |  0.00 |
|   RAMB18       |    0 |     0 |          0 |      4224 |  0.00 |
| URAM           |    0 |     0 |          0 |       352 |  0.00 |
+----------------+------+-------+------------+-----------+-------+
* Note: Each Block RAM Tile only has one FIFO logic available and therefore can accommodate only one FIFO36E2 or one FIFO18E2. However, if a FIFO18E2 occupies a Block RAM Tile, that tile can still accommodate a RAMB18E2


4. ARITHMETIC
-------------

+-----------+------+-------+------------+-----------+-------+
| Site Type | Used | Fixed | Prohibited | Available | Util% |
+-----------+------+-------+------------+-----------+-------+
| DSPs      |    0 |     0 |          0 |      1320 |  0.00 |
+-----------+------+-------+------------+-----------+-------+


5. I/O
------

+------------------+------+-------+------------+-----------+-------+
|     Site Type    | Used | Fixed | Prohibited | Available | Util% |
+------------------+------+-------+------------+-----------+-------+
| Bonded IOB       |   83 |     0 |          0 |       364 | 22.80 |
|   HPIOB_M        |   41 |     0 |          0 |       168 | 24.40 |
|     INPUT        |   22 |       |            |           |       |
|     OUTPUT       |   19 |       |            |           |       |
|     BIDIR        |    0 |       |            |           |       |
|   HPIOB_S        |   40 |     0 |          0 |       168 | 23.81 |
|     INPUT        |   18 |       |            |           |       |
|     OUTPUT       |   22 |       |            |           |       |
|     BIDIR        |    0 |       |            |           |       |
|   HPIOB_SNGL     |    2 |     0 |          0 |        28 |  7.14 |
|     INPUT        |    2 |       |            |           |       |
|     OUTPUT       |    0 |       |            |           |       |
|     BIDIR        |    0 |       |            |           |       |
| HPIOBDIFFINBUF   |    0 |     0 |          0 |       264 |  0.00 |
| HPIOBDIFFOUTBUF  |    0 |     0 |          0 |       264 |  0.00 |
| HDIOBDIFFINBUF   |    0 |     0 |          0 |        36 |  0.00 |
| BITSLICE_CONTROL |    0 |     0 |          0 |        88 |  0.00 |
| BITSLICE_RX_TX   |   72 |     0 |          0 |      3432 |  2.10 |
|   OSERDES        |   36 |       |            |           |       |
|   IDDR           |   36 |       |            |           |       |
| BITSLICE_TX      |    0 |     0 |          0 |        88 |  0.00 |
| RIU_OR           |    0 |     0 |          0 |        44 |  0.00 |
+------------------+------+-------+------------+-----------+-------+


6. CLOCK
--------

+------------+------+-------+------------+-----------+-------+
|  Site Type | Used | Fixed | Prohibited | Available | Util% |
+------------+------+-------+------------+-----------+-------+
| BUFGCE     |    6 |     0 |          0 |       276 |  2.17 |
| BUFGCE_DIV |    0 |     0 |          0 |        44 |  0.00 |
| BUFG_GT    |    0 |     0 |          0 |       264 |  0.00 |
| BUFGCTRL*  |    0 |     0 |          0 |        88 |  0.00 |
| PLL        |    0 |     0 |          0 |        22 |  0.00 |
| MMCM       |    2 |     0 |          0 |        11 | 18.18 |
+------------+------+-------+------------+-----------+-------+
* Note: Each used BUFGCTRL counts as two GLOBAL CLOCK BUFFERs. This table does not include global clocking resources, only buffer cell usage. See the Clock Utilization Report (report_clock_utilization) for detailed accounting of global clocking resource availability.


7. ADVANCED
-----------

+-----------------+------+-------+------------+-----------+-------+
|    Site Type    | Used | Fixed | Prohibited | Available | Util% |
+-----------------+------+-------+------------+-----------+-------+
| CMACE4          |    0 |     0 |          0 |         2 |  0.00 |
| GTM_DUAL        |    0 |     0 |          0 |         2 |  0.00 |
| GTYE4_CHANNEL   |    0 |     0 |          0 |        34 |  0.00 |
| GTYE4_COMMON    |    0 |     0 |          0 |         9 |  0.00 |
| OBUFDS_GTE4     |    0 |     0 |          0 |        18 |  0.00 |
| OBUFDS_GTE4_ADV |    0 |     0 |          0 |        18 |  0.00 |
| OBUFDS_GTM      |    0 |     0 |          0 |         2 |  0.00 |
| OBUFDS_GTM_ADV  |    0 |     0 |          0 |         2 |  0.00 |
| PCIE4CE4        |    0 |     0 |          0 |         4 |  0.00 |
| SYSMONE4        |    0 |     0 |          0 |         1 |  0.00 |
+-----------------+------+-------+------------+-----------+-------+


8. CONFIGURATION
----------------

+-------------+------+-------+------------+-----------+-------+
|  Site Type  | Used | Fixed | Prohibited | Available | Util% |
+-------------+------+-------+------------+-----------+-------+
| BSCANE2     |    0 |     0 |          0 |         4 |  0.00 |
| DNA_PORTE2  |    0 |     0 |          0 |         1 |  0.00 |
| EFUSE_USR   |    0 |     0 |          0 |         1 |  0.00 |
| FRAME_ECCE4 |    0 |     0 |          0 |         1 |  0.00 |
| ICAPE3      |    0 |     0 |          0 |         2 |  0.00 |
| MASTER_JTAG |    0 |     0 |          0 |         1 |  0.00 |
| STARTUPE3   |    0 |     0 |          0 |         1 |  0.00 |
+-------------+------+-------+------------+-----------+-------+


9. Primitives
-------------

+------------+------+---------------------+
|  Ref Name  | Used | Functional Category |
+------------+------+---------------------+
| FDRE       | 4532 |            Register |
| LUT6       | 2489 |                 CLB |
| LUT4       | 1078 |                 CLB |
| LUT5       |  811 |                 CLB |
| LUT2       |  801 |                 CLB |
| FDCE       |  753 |            Register |
| LUT3       |  647 |                 CLB |
| FDSE       |  517 |            Register |
| RAMD32     |  144 |                 CLB |
| LUT1       |  143 |                 CLB |
| CARRY8     |   95 |                 CLB |
| SRL16E     |   76 |                 CLB |
| MUXF7      |   70 |                 CLB |
| FDPE       |   69 |            Register |
| RAMS32     |   48 |                 CLB |
| INBUF      |   42 |                 I/O |
| IBUFCTRL   |   42 |              Others |
| OBUF       |   41 |                 I/O |
| OSERDESE3  |   36 |                 I/O |
| IDDRE1     |   36 |            Register |
| BUFGCE     |    6 |               Clock |
| RAMS64E    |    2 |                 CLB |
| MMCME4_ADV |    2 |               Clock |
+------------+------+---------------------+


10. Black Boxes
---------------

+----------+------+
| Ref Name | Used |
+----------+------+


11. Instantiated Netlists
-------------------------

+----------------+------+
|    Ref Name    | Used |
+----------------+------+
| xxv_ethernet_0 |    1 |
+----------------+------+


