Copyright 1986-2022 Xilinx, Inc. All Rights Reserved. Copyright 2022-2025 Advanced Micro Devices, Inc. All Rights Reserved.
--------------------------------------------------------------------------------------------------------------------------------------------------------------------------------------------------
| Tool Version : Vivado v.2025.2 (win64) Build 6299465 Fri Nov 14 19:35:11 GMT 2025
| Date         : Mon Aug  3 18:42:04 2026
| Host         : DESKTOP-MB4FOM3 running 64-bit major release  (build 9200)
| Command      : report_methodology -file xxv_ethernet_0_exdes_methodology_drc_routed.rpt -pb xxv_ethernet_0_exdes_methodology_drc_routed.pb -rpx xxv_ethernet_0_exdes_methodology_drc_routed.rpx
| Design       : xxv_ethernet_0_exdes
| Device       : xcu26-vsva1365-2LV-e
| Speed File   : -2LV
| Design State : Fully Routed
--------------------------------------------------------------------------------------------------------------------------------------------------------------------------------------------------

Report Methodology

Table of Contents
-----------------
1. REPORT SUMMARY
2. REPORT DETAILS

1. REPORT SUMMARY
-----------------
            Netlist: netlist
          Floorplan: design_1
      Design limits: <entire design considered>
             Max checks: <unlimited>
             Checks found: 80
+-----------+----------+-------------------------------+--------+
| Rule      | Severity | Description                   | Checks |
+-----------+----------+-------------------------------+--------+
| TIMING-9  | Warning  | Unknown CDC Logic             | 1      |
| TIMING-18 | Warning  | Missing input or output delay | 79     |
+-----------+----------+-------------------------------+--------+

2. REPORT DETAILS
-----------------
TIMING-9#1 Warning
Unknown CDC Logic  
One or more asynchronous Clock Domain Crossing has been detected between 2 clock domains through a set_false_path or a set_clock_groups or set_max_delay -datapath_only constraint but no double-registers logic synchronizer has been found on the side of the capture clock. It is recommended to run report_cdc for a complete and detailed CDC coverage. Please consider using XPM_CDC to avoid Critical severities
Related violations: <none>

TIMING-18#1 Warning
Missing input or output delay  
An input delay is missing on restart_tx_rx_0 relative to the rising and/or falling clock edge(s) of dclk.
Related violations: <none>

TIMING-18#2 Warning
Missing input or output delay  
An input delay is missing on rx_mac_mii_c_0[0] relative to the rising and/or falling clock edge(s) of rx_mac_mii_clk_0.
Related violations: <none>

TIMING-18#3 Warning
Missing input or output delay  
An input delay is missing on rx_mac_mii_c_0[1] relative to the rising and/or falling clock edge(s) of rx_mac_mii_clk_0.
Related violations: <none>

TIMING-18#4 Warning
Missing input or output delay  
An input delay is missing on rx_mac_mii_c_0[2] relative to the rising and/or falling clock edge(s) of rx_mac_mii_clk_0.
Related violations: <none>

TIMING-18#5 Warning
Missing input or output delay  
An input delay is missing on rx_mac_mii_c_0[3] relative to the rising and/or falling clock edge(s) of rx_mac_mii_clk_0.
Related violations: <none>

TIMING-18#6 Warning
Missing input or output delay  
An input delay is missing on rx_mac_mii_d_0[0] relative to the rising and/or falling clock edge(s) of rx_mac_mii_clk_0.
Related violations: <none>

TIMING-18#7 Warning
Missing input or output delay  
An input delay is missing on rx_mac_mii_d_0[10] relative to the rising and/or falling clock edge(s) of rx_mac_mii_clk_0.
Related violations: <none>

TIMING-18#8 Warning
Missing input or output delay  
An input delay is missing on rx_mac_mii_d_0[11] relative to the rising and/or falling clock edge(s) of rx_mac_mii_clk_0.
Related violations: <none>

TIMING-18#9 Warning
Missing input or output delay  
An input delay is missing on rx_mac_mii_d_0[12] relative to the rising and/or falling clock edge(s) of rx_mac_mii_clk_0.
Related violations: <none>

TIMING-18#10 Warning
Missing input or output delay  
An input delay is missing on rx_mac_mii_d_0[13] relative to the rising and/or falling clock edge(s) of rx_mac_mii_clk_0.
Related violations: <none>

TIMING-18#11 Warning
Missing input or output delay  
An input delay is missing on rx_mac_mii_d_0[14] relative to the rising and/or falling clock edge(s) of rx_mac_mii_clk_0.
Related violations: <none>

TIMING-18#12 Warning
Missing input or output delay  
An input delay is missing on rx_mac_mii_d_0[15] relative to the rising and/or falling clock edge(s) of rx_mac_mii_clk_0.
Related violations: <none>

TIMING-18#13 Warning
Missing input or output delay  
An input delay is missing on rx_mac_mii_d_0[16] relative to the rising and/or falling clock edge(s) of rx_mac_mii_clk_0.
Related violations: <none>

TIMING-18#14 Warning
Missing input or output delay  
An input delay is missing on rx_mac_mii_d_0[17] relative to the rising and/or falling clock edge(s) of rx_mac_mii_clk_0.
Related violations: <none>

TIMING-18#15 Warning
Missing input or output delay  
An input delay is missing on rx_mac_mii_d_0[18] relative to the rising and/or falling clock edge(s) of rx_mac_mii_clk_0.
Related violations: <none>

TIMING-18#16 Warning
Missing input or output delay  
An input delay is missing on rx_mac_mii_d_0[19] relative to the rising and/or falling clock edge(s) of rx_mac_mii_clk_0.
Related violations: <none>

TIMING-18#17 Warning
Missing input or output delay  
An input delay is missing on rx_mac_mii_d_0[1] relative to the rising and/or falling clock edge(s) of rx_mac_mii_clk_0.
Related violations: <none>

TIMING-18#18 Warning
Missing input or output delay  
An input delay is missing on rx_mac_mii_d_0[20] relative to the rising and/or falling clock edge(s) of rx_mac_mii_clk_0.
Related violations: <none>

TIMING-18#19 Warning
Missing input or output delay  
An input delay is missing on rx_mac_mii_d_0[21] relative to the rising and/or falling clock edge(s) of rx_mac_mii_clk_0.
Related violations: <none>

TIMING-18#20 Warning
Missing input or output delay  
An input delay is missing on rx_mac_mii_d_0[22] relative to the rising and/or falling clock edge(s) of rx_mac_mii_clk_0.
Related violations: <none>

TIMING-18#21 Warning
Missing input or output delay  
An input delay is missing on rx_mac_mii_d_0[23] relative to the rising and/or falling clock edge(s) of rx_mac_mii_clk_0.
Related violations: <none>

TIMING-18#22 Warning
Missing input or output delay  
An input delay is missing on rx_mac_mii_d_0[24] relative to the rising and/or falling clock edge(s) of rx_mac_mii_clk_0.
Related violations: <none>

TIMING-18#23 Warning
Missing input or output delay  
An input delay is missing on rx_mac_mii_d_0[25] relative to the rising and/or falling clock edge(s) of rx_mac_mii_clk_0.
Related violations: <none>

TIMING-18#24 Warning
Missing input or output delay  
An input delay is missing on rx_mac_mii_d_0[26] relative to the rising and/or falling clock edge(s) of rx_mac_mii_clk_0.
Related violations: <none>

TIMING-18#25 Warning
Missing input or output delay  
An input delay is missing on rx_mac_mii_d_0[27] relative to the rising and/or falling clock edge(s) of rx_mac_mii_clk_0.
Related violations: <none>

TIMING-18#26 Warning
Missing input or output delay  
An input delay is missing on rx_mac_mii_d_0[28] relative to the rising and/or falling clock edge(s) of rx_mac_mii_clk_0.
Related violations: <none>

TIMING-18#27 Warning
Missing input or output delay  
An input delay is missing on rx_mac_mii_d_0[29] relative to the rising and/or falling clock edge(s) of rx_mac_mii_clk_0.
Related violations: <none>

TIMING-18#28 Warning
Missing input or output delay  
An input delay is missing on rx_mac_mii_d_0[2] relative to the rising and/or falling clock edge(s) of rx_mac_mii_clk_0.
Related violations: <none>

TIMING-18#29 Warning
Missing input or output delay  
An input delay is missing on rx_mac_mii_d_0[30] relative to the rising and/or falling clock edge(s) of rx_mac_mii_clk_0.
Related violations: <none>

TIMING-18#30 Warning
Missing input or output delay  
An input delay is missing on rx_mac_mii_d_0[31] relative to the rising and/or falling clock edge(s) of rx_mac_mii_clk_0.
Related violations: <none>

TIMING-18#31 Warning
Missing input or output delay  
An input delay is missing on rx_mac_mii_d_0[3] relative to the rising and/or falling clock edge(s) of rx_mac_mii_clk_0.
Related violations: <none>

TIMING-18#32 Warning
Missing input or output delay  
An input delay is missing on rx_mac_mii_d_0[4] relative to the rising and/or falling clock edge(s) of rx_mac_mii_clk_0.
Related violations: <none>

TIMING-18#33 Warning
Missing input or output delay  
An input delay is missing on rx_mac_mii_d_0[5] relative to the rising and/or falling clock edge(s) of rx_mac_mii_clk_0.
Related violations: <none>

TIMING-18#34 Warning
Missing input or output delay  
An input delay is missing on rx_mac_mii_d_0[6] relative to the rising and/or falling clock edge(s) of rx_mac_mii_clk_0.
Related violations: <none>

TIMING-18#35 Warning
Missing input or output delay  
An input delay is missing on rx_mac_mii_d_0[7] relative to the rising and/or falling clock edge(s) of rx_mac_mii_clk_0.
Related violations: <none>

TIMING-18#36 Warning
Missing input or output delay  
An input delay is missing on rx_mac_mii_d_0[8] relative to the rising and/or falling clock edge(s) of rx_mac_mii_clk_0.
Related violations: <none>

TIMING-18#37 Warning
Missing input or output delay  
An input delay is missing on rx_mac_mii_d_0[9] relative to the rising and/or falling clock edge(s) of rx_mac_mii_clk_0.
Related violations: <none>

TIMING-18#38 Warning
Missing input or output delay  
An input delay is missing on sys_reset relative to the rising and/or falling clock edge(s) of clk, dclk, rx_mac_mii_clk_0, tx_mac_mii_clk_0.
Related violations: <none>

TIMING-18#39 Warning
Missing input or output delay  
An output delay is missing on completion_status[0] relative to the rising and/or falling clock edge(s) of dclk.
Related violations: <none>

TIMING-18#40 Warning
Missing input or output delay  
An output delay is missing on completion_status[1] relative to the rising and/or falling clock edge(s) of dclk.
Related violations: <none>

TIMING-18#41 Warning
Missing input or output delay  
An output delay is missing on completion_status[2] relative to the rising and/or falling clock edge(s) of dclk.
Related violations: <none>

TIMING-18#42 Warning
Missing input or output delay  
An output delay is missing on completion_status[3] relative to the rising and/or falling clock edge(s) of dclk.
Related violations: <none>

TIMING-18#43 Warning
Missing input or output delay  
An output delay is missing on completion_status[4] relative to the rising and/or falling clock edge(s) of dclk.
Related violations: <none>

TIMING-18#44 Warning
Missing input or output delay  
An output delay is missing on tx_mac_mii_c_0[0] relative to the rising and/or falling clock edge(s) of tx_mac_mii_clk_0.
Related violations: <none>

TIMING-18#45 Warning
Missing input or output delay  
An output delay is missing on tx_mac_mii_c_0[1] relative to the rising and/or falling clock edge(s) of tx_mac_mii_clk_0.
Related violations: <none>

TIMING-18#46 Warning
Missing input or output delay  
An output delay is missing on tx_mac_mii_c_0[2] relative to the rising and/or falling clock edge(s) of tx_mac_mii_clk_0.
Related violations: <none>

TIMING-18#47 Warning
Missing input or output delay  
An output delay is missing on tx_mac_mii_c_0[3] relative to the rising and/or falling clock edge(s) of tx_mac_mii_clk_0.
Related violations: <none>

TIMING-18#48 Warning
Missing input or output delay  
An output delay is missing on tx_mac_mii_d_0[0] relative to the rising and/or falling clock edge(s) of tx_mac_mii_clk_0.
Related violations: <none>

TIMING-18#49 Warning
Missing input or output delay  
An output delay is missing on tx_mac_mii_d_0[10] relative to the rising and/or falling clock edge(s) of tx_mac_mii_clk_0.
Related violations: <none>

TIMING-18#50 Warning
Missing input or output delay  
An output delay is missing on tx_mac_mii_d_0[11] relative to the rising and/or falling clock edge(s) of tx_mac_mii_clk_0.
Related violations: <none>

TIMING-18#51 Warning
Missing input or output delay  
An output delay is missing on tx_mac_mii_d_0[12] relative to the rising and/or falling clock edge(s) of tx_mac_mii_clk_0.
Related violations: <none>

TIMING-18#52 Warning
Missing input or output delay  
An output delay is missing on tx_mac_mii_d_0[13] relative to the rising and/or falling clock edge(s) of tx_mac_mii_clk_0.
Related violations: <none>

TIMING-18#53 Warning
Missing input or output delay  
An output delay is missing on tx_mac_mii_d_0[14] relative to the rising and/or falling clock edge(s) of tx_mac_mii_clk_0.
Related violations: <none>

TIMING-18#54 Warning
Missing input or output delay  
An output delay is missing on tx_mac_mii_d_0[15] relative to the rising and/or falling clock edge(s) of tx_mac_mii_clk_0.
Related violations: <none>

TIMING-18#55 Warning
Missing input or output delay  
An output delay is missing on tx_mac_mii_d_0[16] relative to the rising and/or falling clock edge(s) of tx_mac_mii_clk_0.
Related violations: <none>

TIMING-18#56 Warning
Missing input or output delay  
An output delay is missing on tx_mac_mii_d_0[17] relative to the rising and/or falling clock edge(s) of tx_mac_mii_clk_0.
Related violations: <none>

TIMING-18#57 Warning
Missing input or output delay  
An output delay is missing on tx_mac_mii_d_0[18] relative to the rising and/or falling clock edge(s) of tx_mac_mii_clk_0.
Related violations: <none>

TIMING-18#58 Warning
Missing input or output delay  
An output delay is missing on tx_mac_mii_d_0[19] relative to the rising and/or falling clock edge(s) of tx_mac_mii_clk_0.
Related violations: <none>

TIMING-18#59 Warning
Missing input or output delay  
An output delay is missing on tx_mac_mii_d_0[1] relative to the rising and/or falling clock edge(s) of tx_mac_mii_clk_0.
Related violations: <none>

TIMING-18#60 Warning
Missing input or output delay  
An output delay is missing on tx_mac_mii_d_0[20] relative to the rising and/or falling clock edge(s) of tx_mac_mii_clk_0.
Related violations: <none>

TIMING-18#61 Warning
Missing input or output delay  
An output delay is missing on tx_mac_mii_d_0[21] relative to the rising and/or falling clock edge(s) of tx_mac_mii_clk_0.
Related violations: <none>

TIMING-18#62 Warning
Missing input or output delay  
An output delay is missing on tx_mac_mii_d_0[22] relative to the rising and/or falling clock edge(s) of tx_mac_mii_clk_0.
Related violations: <none>

TIMING-18#63 Warning
Missing input or output delay  
An output delay is missing on tx_mac_mii_d_0[23] relative to the rising and/or falling clock edge(s) of tx_mac_mii_clk_0.
Related violations: <none>

TIMING-18#64 Warning
Missing input or output delay  
An output delay is missing on tx_mac_mii_d_0[24] relative to the rising and/or falling clock edge(s) of tx_mac_mii_clk_0.
Related violations: <none>

TIMING-18#65 Warning
Missing input or output delay  
An output delay is missing on tx_mac_mii_d_0[25] relative to the rising and/or falling clock edge(s) of tx_mac_mii_clk_0.
Related violations: <none>

TIMING-18#66 Warning
Missing input or output delay  
An output delay is missing on tx_mac_mii_d_0[26] relative to the rising and/or falling clock edge(s) of tx_mac_mii_clk_0.
Related violations: <none>

TIMING-18#67 Warning
Missing input or output delay  
An output delay is missing on tx_mac_mii_d_0[27] relative to the rising and/or falling clock edge(s) of tx_mac_mii_clk_0.
Related violations: <none>

TIMING-18#68 Warning
Missing input or output delay  
An output delay is missing on tx_mac_mii_d_0[28] relative to the rising and/or falling clock edge(s) of tx_mac_mii_clk_0.
Related violations: <none>

TIMING-18#69 Warning
Missing input or output delay  
An output delay is missing on tx_mac_mii_d_0[29] relative to the rising and/or falling clock edge(s) of tx_mac_mii_clk_0.
Related violations: <none>

TIMING-18#70 Warning
Missing input or output delay  
An output delay is missing on tx_mac_mii_d_0[2] relative to the rising and/or falling clock edge(s) of tx_mac_mii_clk_0.
Related violations: <none>

TIMING-18#71 Warning
Missing input or output delay  
An output delay is missing on tx_mac_mii_d_0[30] relative to the rising and/or falling clock edge(s) of tx_mac_mii_clk_0.
Related violations: <none>

TIMING-18#72 Warning
Missing input or output delay  
An output delay is missing on tx_mac_mii_d_0[31] relative to the rising and/or falling clock edge(s) of tx_mac_mii_clk_0.
Related violations: <none>

TIMING-18#73 Warning
Missing input or output delay  
An output delay is missing on tx_mac_mii_d_0[3] relative to the rising and/or falling clock edge(s) of tx_mac_mii_clk_0.
Related violations: <none>

TIMING-18#74 Warning
Missing input or output delay  
An output delay is missing on tx_mac_mii_d_0[4] relative to the rising and/or falling clock edge(s) of tx_mac_mii_clk_0.
Related violations: <none>

TIMING-18#75 Warning
Missing input or output delay  
An output delay is missing on tx_mac_mii_d_0[5] relative to the rising and/or falling clock edge(s) of tx_mac_mii_clk_0.
Related violations: <none>

TIMING-18#76 Warning
Missing input or output delay  
An output delay is missing on tx_mac_mii_d_0[6] relative to the rising and/or falling clock edge(s) of tx_mac_mii_clk_0.
Related violations: <none>

TIMING-18#77 Warning
Missing input or output delay  
An output delay is missing on tx_mac_mii_d_0[7] relative to the rising and/or falling clock edge(s) of tx_mac_mii_clk_0.
Related violations: <none>

TIMING-18#78 Warning
Missing input or output delay  
An output delay is missing on tx_mac_mii_d_0[8] relative to the rising and/or falling clock edge(s) of tx_mac_mii_clk_0.
Related violations: <none>

TIMING-18#79 Warning
Missing input or output delay  
An output delay is missing on tx_mac_mii_d_0[9] relative to the rising and/or falling clock edge(s) of tx_mac_mii_clk_0.
Related violations: <none>


