Copyright 1986-2022 Xilinx, Inc. All Rights Reserved. Copyright 2022-2025 Advanced Micro Devices, Inc. All Rights Reserved.
--------------------------------------------------------------------------------------------------------------------------------------------------------------------------------------------------
| Tool Version      : Vivado v.2025.2 (win64) Build 6299465 Fri Nov 14 19:35:11 GMT 2025
| Date              : Mon Aug  3 18:42:37 2026
| Host              : DESKTOP-MB4FOM3 running 64-bit major release  (build 9200)
| Command           : report_bus_skew -warn_on_violation -file xxv_ethernet_0_exdes_bus_skew_routed.rpt -pb xxv_ethernet_0_exdes_bus_skew_routed.pb -rpx xxv_ethernet_0_exdes_bus_skew_routed.rpx
| Design            : xxv_ethernet_0_exdes
| Device            : xcu26-vsva1365
| Speed File        : -2LV  PRODUCTION 1.34 01-25-2022
| Design State      : Routed
| Temperature Grade : E
--------------------------------------------------------------------------------------------------------------------------------------------------------------------------------------------------

Bus Skew Report

No bus skew constraints

