Copyright 1986-2022 Xilinx, Inc. All Rights Reserved. Copyright 2022-2025 Advanced Micro Devices, Inc. All Rights Reserved.
----------------------------------------------------------------------------------------------------------------------------------------------------------------------------------
| Tool Version     : Vivado v.2025.2 (win64) Build 6299465 Fri Nov 14 19:35:11 GMT 2025
| Date             : Mon Aug  3 18:42:22 2026
| Host             : DESKTOP-MB4FOM3 running 64-bit major release  (build 9200)
| Command          : report_power -file xxv_ethernet_0_exdes_power_routed.rpt -pb xxv_ethernet_0_exdes_power_summary_routed.pb -rpx xxv_ethernet_0_exdes_power_routed.rpx
| Design           : xxv_ethernet_0_exdes
| Device           : xcu26-vsva1365-2LV-e
| Design State     : routed
| Grade            : extended
| Process          : typical
| Characterization : Production
----------------------------------------------------------------------------------------------------------------------------------------------------------------------------------

Power Report

Table of Contents
-----------------
1. Summary
1.1 On-Chip Components
1.2 Power Supply Summary
1.3 Confidence Level
2. Settings
2.1 Environment
2.2 Clock Constraints
3. Detailed Reports
3.1 By Hierarchy

1. Summary
----------

+--------------------------+--------------+
| Total On-Chip Power (W)  | 1.920        |
| Design Power Budget (W)  | Unspecified* |
| Power Budget Margin (W)  | NA           |
| Dynamic (W)              | 0.304        |
| Device Static (W)        | 1.616        |
| Effective TJA (C/W)      | 0.9          |
| Max Ambient (C)          | 98.2         |
| Junction Temperature (C) | 26.8         |
| Confidence Level         | Low          |
| Setting File             | ---          |
| Simulation Activity File | ---          |
| Design Nets Matched      | NA           |
+--------------------------+--------------+
* Specify Design Power Budget using, set_operating_conditions -design_power_budget <value in Watts>


1.1 On-Chip Components
----------------------

+--------------------------+-----------+----------+-----------+-----------------+
| On-Chip                  | Power (W) | Used     | Available | Utilization (%) |
+--------------------------+-----------+----------+-----------+-----------------+
| Clocks                   |     0.037 |        9 |       --- |             --- |
| CLB Logic                |     0.036 |    12380 |       --- |             --- |
|   LUT as Logic           |     0.028 |     5033 |   1029600 |            0.49 |
|   LUT as Distributed RAM |     0.005 |       98 |    232320 |            0.04 |
|   Register               |     0.002 |     5871 |   2059200 |            0.29 |
|   CARRY8                 |    <0.001 |       95 |    128700 |            0.07 |
|   LUT as Shift Register  |    <0.001 |       44 |    232320 |            0.02 |
|   BUFG                   |    <0.001 |        1 |        88 |            1.14 |
|   Others                 |     0.000 |      104 |       --- |             --- |
|   F7/F8 Muxes            |     0.000 |       70 |   1029600 |           <0.01 |
| Signals                  |     0.022 |     9186 |       --- |             --- |
| MMCM                     |     0.170 |        0 |       --- |             --- |
| I/O                      |     0.039 |       83 |       364 |           22.80 |
| Static Power             |     1.616 |          |           |                 |
| Total                    |     1.920 |          |           |                 |
+--------------------------+-----------+----------+-----------+-----------------+


1.2 Power Supply Summary
------------------------

+------------------+-------------+-----------+-------------+------------+-------------+-------------+------------+
| Source           | Voltage (V) | Total (A) | Dynamic (A) | Static (A) | Powerup (A) | Budget (A)  | Margin (A) |
+------------------+-------------+-----------+-------------+------------+-------------+-------------+------------+
| Vccint           |       0.720 |     0.825 |       0.132 |      0.693 |       NA    | Unspecified | NA         |
| Vccint_io        |       0.850 |     0.151 |       0.015 |      0.135 |       NA    | Unspecified | NA         |
| Vccbram          |       0.850 |     0.012 |       0.000 |      0.012 |       NA    | Unspecified | NA         |
| Vccaux           |       1.800 |     0.537 |       0.094 |      0.443 |       NA    | Unspecified | NA         |
| Vccaux_io        |       1.800 |     0.107 |       0.008 |      0.099 |       NA    | Unspecified | NA         |
| Vcco33           |       3.300 |     0.000 |       0.000 |      0.000 |       NA    | Unspecified | NA         |
| Vcco25           |       2.500 |     0.000 |       0.000 |      0.000 |       NA    | Unspecified | NA         |
| Vcco18           |       1.800 |     0.006 |       0.006 |      0.000 |       NA    | Unspecified | NA         |
| Vcco15           |       1.500 |     0.000 |       0.000 |      0.000 |       NA    | Unspecified | NA         |
| Vcco135          |       1.350 |     0.000 |       0.000 |      0.000 |       NA    | Unspecified | NA         |
| Vcco12           |       1.200 |     0.000 |       0.000 |      0.000 |       NA    | Unspecified | NA         |
| Vcco10           |       1.000 |     0.000 |       0.000 |      0.000 |       NA    | Unspecified | NA         |
| Vccadc           |       1.800 |     0.008 |       0.000 |      0.008 |       NA    | Unspecified | NA         |
| VMGTAVCC (GTY)   |       0.900 |     0.000 |       0.000 |      0.000 |       NA    | Unspecified | NA         |
| VMGTAVTT (GTY)   |       1.200 |     0.000 |       0.000 |      0.000 |       NA    | Unspecified | NA         |
| VMGTVCCAUX (GTY) |       1.800 |     0.000 |       0.000 |      0.000 |       NA    | Unspecified | NA         |
| Vccint_gt        |       0.850 |     0.003 |       0.000 |      0.003 |       NA    | Unspecified | NA         |
| VMGTAVCC (GTM)   |       0.900 |     0.000 |       0.000 |      0.000 |       NA    | Unspecified | NA         |
| VMGTAVTT (GTM)   |       1.200 |     0.000 |       0.000 |      0.000 |       NA    | Unspecified | NA         |
| VMGTVCCAUX (GTM) |       1.800 |     0.000 |       0.000 |      0.000 |       NA    | Unspecified | NA         |
+------------------+-------------+-----------+-------------+------------+-------------+-------------+------------+


1.3 Confidence Level
--------------------

+-----------------------------+------------+--------------------------------------------------------+------------------------------------------------------------------------------------------------------------+
| User Input Data             | Confidence | Details                                                | Action                                                                                                     |
+-----------------------------+------------+--------------------------------------------------------+------------------------------------------------------------------------------------------------------------+
| Design implementation state | High       | Design is routed                                       |                                                                                                            |
| Clock nodes activity        | High       | User specified more than 95% of clocks                 |                                                                                                            |
| I/O nodes activity          | Low        | More than 75% of inputs are missing user specification | Provide missing input activity with simulation results or by editing the "By Resource Type -> I/Os" view   |
| Internal nodes activity     | Medium     | User specified less than 25% of internal nodes         | Provide missing internal nodes activity with simulation results or by editing the "By Resource Type" views |
| Device models               | High       | Device models are Production                           |                                                                                                            |
|                             |            |                                                        |                                                                                                            |
| Overall confidence level    | Low        |                                                        |                                                                                                            |
+-----------------------------+------------+--------------------------------------------------------+------------------------------------------------------------------------------------------------------------+


2. Settings
-----------

2.1 Environment
---------------

+-----------------------+--------------------------+
| Ambient Temp (C)      | 25.0                     |
| ThetaJA (C/W)         | 0.9                      |
| Airflow (LFM)         | 250                      |
| Heat Sink             | medium (Medium Profile)  |
| ThetaSA (C/W)         | 1.5                      |
| Board Selection       | medium (10"x10")         |
| # of Board Layers     | 12to15 (12 to 15 Layers) |
| Board Temperature (C) | 25.0                     |
+-----------------------+--------------------------+


2.2 Clock Constraints
---------------------

+------------------+---------------------------------------------------------------+-----------------+
| Clock            | Domain                                                        | Constraint (ns) |
+------------------+---------------------------------------------------------------+-----------------+
| clk              | clk                                                           |             4.0 |
| clkfbout         | DUT/inst/i_xxv_ethernet_0_top_0/i_XGMII_IF/clkfbout           |             6.4 |
| dclk             | dclk                                                          |            10.0 |
| rx_dcm_clk0      | DUT/inst/i_xxv_ethernet_0_top_0/i_XGMII_IF/rx_dcm_clk0        |             6.4 |
| rx_mac_mii_clk_0 | rx_mac_mii_clk_0                                              |             6.4 |
| tx_dcm_clk0      | DUT/inst/i_xxv_ethernet_0_top_0/i_SHARED_CLOCKING/tx_dcm_clk0 |             6.4 |
| tx_mac_mii_clk_0 | tx_mac_mii_clk_0                                              |             6.4 |
+------------------+---------------------------------------------------------------+-----------------+


3. Detailed Reports
-------------------

3.1 By Hierarchy
----------------

+----------------------------------------+-----------+
| Name                                   | Power (W) |
+----------------------------------------+-----------+
| xxv_ethernet_0_exdes                   |     0.304 |
|   DUT                                  |     0.246 |
|     inst                               |     0.246 |
|       i_xxv_ethernet_0_top_0           |     0.246 |
|   i_xxv_ethernet_0_pkt_gen_mon_0       |     0.031 |
|     i_xxv_ethernet_0_TRAFFIC_GENERATOR |     0.026 |
|       i_xxv_ethernet_0_PKT_CHK         |     0.001 |
|       i_xxv_ethernet_0_PKT_GEN         |     0.014 |
|       i_xxv_ethernet_0_TRAF_DATA_CHK   |     0.005 |
|       i_xxv_ethernet_0_axi_fifo        |     0.004 |
+----------------------------------------+-----------+


