Copyright 1986-2022 Xilinx, Inc. All Rights Reserved. Copyright 2022-2025 Advanced Micro Devices, Inc. All Rights Reserved.
---------------------------------------------------------------------------------------------------------------------------------------------
| Tool Version : Vivado v.2025.2 (win64) Build 6299465 Fri Nov 14 19:35:11 GMT 2025
| Date         : Mon Aug  3 18:21:02 2026
| Host         : DESKTOP-MB4FOM3 running 64-bit major release  (build 9200)
| Command      : report_utilization -file xxv_ethernet_0_utilization_synth.rpt -pb xxv_ethernet_0_utilization_synth.pb
| Design       : xxv_ethernet_0
| Device       : xcu26-vsva1365-2LV-e
| Speed File   : -2LV
| Design State : Synthesized
---------------------------------------------------------------------------------------------------------------------------------------------

Utilization Design Information

Table of Contents
-----------------
1. CLB Logic
1.1 Summary of Registers by Type
2. BLOCKRAM
3. ARITHMETIC
4. I/O
5. CLOCK
6. ADVANCED
7. CONFIGURATION
8. Primitives
9. Black Boxes
10. Instantiated Netlists

1. CLB Logic
------------

+----------------------------+------+-------+------------+-----------+-------+
|          Site Type         | Used | Fixed | Prohibited | Available | Util% |
+----------------------------+------+-------+------------+-----------+-------+
| CLB LUTs*                  | 4105 |     0 |          0 |   1029600 |  0.40 |
|   LUT as Logic             | 3815 |     0 |          0 |   1029600 |  0.37 |
|   LUT as Memory            |  290 |     0 |          0 |    232320 |  0.12 |
|     LUT as Distributed RAM |   98 |     0 |            |           |       |
|     LUT as Shift Register  |  192 |     0 |            |           |       |
| CLB Registers              | 3898 |     0 |          0 |   2059200 |  0.19 |
|   Register as Flip Flop    | 3898 |     0 |          0 |   2059200 |  0.19 |
|   Register as Latch        |    0 |     0 |          0 |   2059200 |  0.00 |
| CARRY8                     |   10 |     0 |          0 |    128700 | <0.01 |
| F7 Muxes                   |   68 |     0 |          0 |    514800 |  0.01 |
| F8 Muxes                   |    0 |     0 |          0 |    257400 |  0.00 |
| F9 Muxes                   |    0 |     0 |          0 |    128700 |  0.00 |
| Unique Control Sets        |  101 |       |          0 |    257400 |  0.04 |
+----------------------------+------+-------+------------+-----------+-------+
* Warning! The Final LUT count, after physical optimizations and full implementation, is typically lower. Run opt_design after synthesis, if not already completed, for a more realistic count.
Warning! LUT value is adjusted to account for LUT combining.
Warning! For any ECO changes, please run place_design if there are unplaced instances
** Note: Available Control Sets calculated as Slices * 2, Review the Control Sets Report for more information regarding control sets.


1.1 Summary of Registers by Type
--------------------------------

+-------+--------------+-------------+--------------+
| Total | Clock Enable | Synchronous | Asynchronous |
+-------+--------------+-------------+--------------+
| 0     |            _ |           - |            - |
| 0     |            _ |           - |          Set |
| 0     |            _ |           - |        Reset |
| 0     |            _ |         Set |            - |
| 0     |            _ |       Reset |            - |
| 0     |          Yes |           - |            - |
| 12    |          Yes |           - |          Set |
| 0     |          Yes |           - |        Reset |
| 284   |          Yes |         Set |            - |
| 3602  |          Yes |       Reset |            - |
+-------+--------------+-------------+--------------+


2. BLOCKRAM
-----------

+----------------+------+-------+------------+-----------+-------+
|    Site Type   | Used | Fixed | Prohibited | Available | Util% |
+----------------+------+-------+------------+-----------+-------+
| Block RAM Tile |    0 |     0 |          0 |      2112 |  0.00 |
|   RAMB36/FIFO* |    0 |     0 |          0 |      2112 |  0.00 |
|   RAMB18       |    0 |     0 |          0 |      4224 |  0.00 |
| URAM           |    0 |     0 |          0 |       352 |  0.00 |
+----------------+------+-------+------------+-----------+-------+
* Note: Each Block RAM Tile only has one FIFO logic available and therefore can accommodate only one FIFO36E2 or one FIFO18E2. However, if a FIFO18E2 occupies a Block RAM Tile, that tile can still accommodate a RAMB18E2


3. ARITHMETIC
-------------

+-----------+------+-------+------------+-----------+-------+
| Site Type | Used | Fixed | Prohibited | Available | Util% |
+-----------+------+-------+------------+-----------+-------+
| DSPs      |    0 |     0 |          0 |      1320 |  0.00 |
+-----------+------+-------+------------+-----------+-------+


4. I/O
------

+------------------+------+-------+------------+-----------+-------+
|     Site Type    | Used | Fixed | Prohibited | Available | Util% |
+------------------+------+-------+------------+-----------+-------+
| Bonded IOB       |    1 |     0 |          0 |       364 |  0.27 |
|   HPIOB_M        |    0 |     0 |          0 |       168 |  0.00 |
|   HPIOB_S        |    0 |     0 |          0 |       168 |  0.00 |
|   HPIOB_SNGL     |    0 |     0 |          0 |        28 |  0.00 |
| HPIOBDIFFINBUF   |    0 |     0 |          0 |       264 |  0.00 |
| HPIOBDIFFOUTBUF  |    0 |     0 |          0 |       264 |  0.00 |
| HDIOBDIFFINBUF   |    0 |     0 |          0 |        36 |  0.00 |
| BITSLICE_CONTROL |    0 |     0 |          0 |        88 |  0.00 |
| BITSLICE_RX_TX   |    0 |     0 |          0 |      3432 |  0.00 |
| BITSLICE_TX      |    0 |     0 |          0 |        88 |  0.00 |
| RIU_OR           |    0 |     0 |          0 |        44 |  0.00 |
+------------------+------+-------+------------+-----------+-------+


5. CLOCK
--------

+------------+------+-------+------------+-----------+-------+
|  Site Type | Used | Fixed | Prohibited | Available | Util% |
+------------+------+-------+------------+-----------+-------+
| BUFGCE     |    4 |     0 |          0 |       276 |  1.45 |
| BUFGCE_DIV |    0 |     0 |          0 |        44 |  0.00 |
| BUFG_GT    |    0 |     0 |          0 |       264 |  0.00 |
| BUFGCTRL*  |    0 |     0 |          0 |        88 |  0.00 |
| PLL        |    0 |     0 |          0 |        22 |  0.00 |
| MMCM       |    2 |     0 |          0 |        11 | 18.18 |
+------------+------+-------+------------+-----------+-------+
* Note: Each used BUFGCTRL counts as two GLOBAL CLOCK BUFFERs. This table does not include global clocking resources, only buffer cell usage. See the Clock Utilization Report (report_clock_utilization) for detailed accounting of global clocking resource availability.


6. ADVANCED
-----------

+-----------------+------+-------+------------+-----------+-------+
|    Site Type    | Used | Fixed | Prohibited | Available | Util% |
+-----------------+------+-------+------------+-----------+-------+
| CMACE4          |    0 |     0 |          0 |         2 |  0.00 |
| GTM_DUAL        |    0 |     0 |          0 |         2 |  0.00 |
| GTYE4_CHANNEL   |    0 |     0 |          0 |        34 |  0.00 |
| GTYE4_COMMON    |    0 |     0 |          0 |         9 |  0.00 |
| OBUFDS_GTE4     |    0 |     0 |          0 |        18 |  0.00 |
| OBUFDS_GTE4_ADV |    0 |     0 |          0 |        18 |  0.00 |
| OBUFDS_GTM      |    0 |     0 |          0 |         2 |  0.00 |
| OBUFDS_GTM_ADV  |    0 |     0 |          0 |         2 |  0.00 |
| PCIE4CE4        |    0 |     0 |          0 |         4 |  0.00 |
| SYSMONE4        |    0 |     0 |          0 |         1 |  0.00 |
+-----------------+------+-------+------------+-----------+-------+


7. CONFIGURATION
----------------

+-------------+------+-------+------------+-----------+-------+
|  Site Type  | Used | Fixed | Prohibited | Available | Util% |
+-------------+------+-------+------------+-----------+-------+
| BSCANE2     |    0 |     0 |          0 |         4 |  0.00 |
| DNA_PORTE2  |    0 |     0 |          0 |         1 |  0.00 |
| EFUSE_USR   |    0 |     0 |          0 |         1 |  0.00 |
| FRAME_ECCE4 |    0 |     0 |          0 |         1 |  0.00 |
| ICAPE3      |    0 |     0 |          0 |         2 |  0.00 |
| MASTER_JTAG |    0 |     0 |          0 |         1 |  0.00 |
| STARTUPE3   |    0 |     0 |          0 |         1 |  0.00 |
+-------------+------+-------+------------+-----------+-------+


8. Primitives
-------------

+------------+------+---------------------+
|  Ref Name  | Used | Functional Category |
+------------+------+---------------------+
| FDRE       | 3602 |            Register |
| LUT6       | 2273 |                 CLB |
| LUT5       |  667 |                 CLB |
| LUT2       |  612 |                 CLB |
| LUT3       |  501 |                 CLB |
| LUT4       |  497 |                 CLB |
| FDSE       |  284 |            Register |
| SRL16E     |  192 |                 CLB |
| RAMD32     |  144 |                 CLB |
| MUXF7      |   68 |                 CLB |
| RAMS32     |   48 |                 CLB |
| OSERDESE3  |   37 |                 I/O |
| IDDRE1     |   36 |            Register |
| LUT1       |   29 |                 CLB |
| FDPE       |   12 |            Register |
| CARRY8     |   10 |                 CLB |
| BUFGCE     |    4 |               Clock |
| RAMS64E    |    2 |                 CLB |
| MMCME4_ADV |    2 |               Clock |
| INBUF      |    1 |                 I/O |
| IBUFCTRL   |    1 |              Others |
+------------+------+---------------------+


9. Black Boxes
--------------

+----------+------+
| Ref Name | Used |
+----------+------+


10. Instantiated Netlists
-------------------------

+----------+------+
| Ref Name | Used |
+----------+------+


