Vivado Simulator v2025.2
Copyright 1986-2022 Xilinx, Inc. All Rights Reserved.
Copyright 2022-2025 Advanced Micro Devices, Inc. All Rights Reserved.
Running: D:/AMDDesignTools/2025.2/Vivado/bin/unwrapped/win64.o/xelab.exe --incr --debug typical --relax --mt 2 -L xil_defaultlib -L unisims_ver -L unimacro_ver -L secureip -L xpm --snapshot xxv_ethernet_0_exdes_tb_behav xil_defaultlib.xxv_ethernet_0_exdes_tb xil_defaultlib.glbl -log elaborate.log 
Using 2 slave threads.
Starting static elaboration
Pass Through NonSizing Optimizer
WARNING: [VRFC 10-9180] module 'SIP_OSERDESE3_D1' is instantiated multiple times from VHDL or from both Verilog and VHDL; elaboration result may be incorrect [/proj/xbuilds/SWIP/2025.2_1113_1742/installs/lin64/2025.2/data/secureip/oserdese3_d1/oserdese3_d1_001.vp:16]
Completed static elaboration
Starting simulation data flow analysis
Completed simulation data flow analysis
Time Resolution for simulation is 1fs
Compiling package std.standard
Compiling package std.textio
Compiling package ieee.std_logic_1164
Compiling package ieee.numeric_std
Compiling package unisim.vcomponents
Compiling package ieee.vital_timing
Compiling package ieee.vital_primitives
Compiling package unisim.vpkg
Compiling architecture gnd_v of entity unisim.GND [gnd_default]
Compiling architecture vcc_v of entity unisim.VCC [vcc_default]
Compiling architecture bufgce_v of entity unisim.BUFGCE [\BUFGCE(ce_type="ASYNC",sim_devi...]
Compiling architecture mmcme4_adv_v of entity unisim.MMCME4_ADV [\MMCME4_ADV(clkfbout_mult_f=6.0,...]
Compiling architecture structure of entity xil_defaultlib.xxv_ethernet_0_shared_clocking [xxv_ethernet_0_shared_clocking_d...]
Compiling architecture mmcme4_adv_v of entity unisim.MMCME4_ADV [\MMCME4_ADV(clkfbout_mult_f=6.0,...]
Compiling architecture iddre1_v of entity unisim.IDDRE1 [\IDDRE1(ddr_clk_edge="SAME_EDGE"...]
Compiling architecture oserdese3_v of entity unisim.OSERDESE3 [\OSERDESE3(oddr_mode="TRUE",oser...]
Compiling architecture oserdese3_v of entity unisim.OSERDESE3 [\OSERDESE3(init='1',oddr_mode="T...]
Compiling architecture ibuf_v of entity unisim.IBUF [\IBUF(1,9)(1,1)(1,4)(1,7)\]
Compiling architecture structure of entity xil_defaultlib.xxv_ethernet_0_xgmii_if [xxv_ethernet_0_xgmii_if_default]
Compiling architecture lut4_v of entity unisim.LUT4 [\LUT4(init="0000100000000000")(0...]
Compiling architecture fdre_v of entity unisim.FDRE [fdre_default]
Compiling architecture lut3_v of entity unisim.LUT3 [\LUT3(init="10111010")(0,7)\]
Compiling architecture ram64x1s_v of entity unisim.RAM64X1S [\RAM64X1S(init="1000000000000000...]
Compiling architecture lut1_v of entity unisim.LUT1 [\LUT1(init="0001")(0,3)\]
Compiling architecture lut2_v of entity unisim.LUT2 [\LUT2(init="0110")(0,3)\]
Compiling architecture lut3_v of entity unisim.LUT3 [\LUT3(init="01111000")(0,7)\]
Compiling architecture lut4_v of entity unisim.LUT4 [\LUT4(init="0111111110000000")(0...]
Compiling architecture lut5_v of entity unisim.LUT5 [\LUT5(init="01111111111111111000...]
Compiling architecture lut6_v of entity unisim.LUT6 [\LUT6(init="01111111111111111111...]
Compiling architecture lut3_v of entity unisim.LUT3 [\LUT3(init="01111111")(0,7)\]
Compiling architecture lut2_v of entity unisim.LUT2 [\LUT2(init="0111")(0,3)\]
Compiling architecture lut3_v of entity unisim.LUT3 [\LUT3(init="01010111")(0,7)\]
Compiling architecture lut3_v of entity unisim.LUT3 [\LUT3(init="00000111")(0,7)\]
Compiling architecture lut2_v of entity unisim.LUT2 [\LUT2(init="0001")(0,3)\]
Compiling architecture lut3_v of entity unisim.LUT3 [\LUT3(init="00000001")(0,7)\]
Compiling architecture structure of entity xil_defaultlib.xxv_ethernet_0_x_ethernet_v2_0_mac_rx_axis_adapter [xxv_ethernet_0_x_ethernet_v2_0_m...]
Compiling architecture lut5_v of entity unisim.LUT5 [\LUT5(init="10101010111100001100...]
Compiling architecture lut3_v of entity unisim.LUT3 [\LUT3(init="11101111")(0,7)\]
Compiling architecture lut6_v of entity unisim.LUT6 [\LUT6(init="00000000000000000000...]
Compiling architecture lut2_v of entity unisim.LUT2 [\LUT2(init="1110")(0,3)\]
Compiling architecture lut3_v of entity unisim.LUT3 [\LUT3(init="11111110")(0,7)\]
Compiling architecture lut4_v of entity unisim.LUT4 [\LUT4(init="1111111111111110")(0...]
Compiling architecture lut5_v of entity unisim.LUT5 [\LUT5(init="00000001111111110000...]
Compiling architecture lut6_v of entity unisim.LUT6 [\LUT6(init="10101001101010011111...]
Compiling architecture lut6_v of entity unisim.LUT6 [\LUT6(init="11111111111111111111...]
Compiling architecture lut6_v of entity unisim.LUT6 [\LUT6(init="10011001111100001001...]
Compiling architecture lut5_v of entity unisim.LUT5 [\LUT5(init="10011001111100001001...]
Compiling architecture lut5_v of entity unisim.LUT5 [\LUT5(init="11111111111111111111...]
Compiling architecture lut6_v of entity unisim.LUT6 [\LUT6(init="00000000000000010000...]
Compiling architecture lut5_v of entity unisim.LUT5 [\LUT5(init="10011001100110011111...]
Compiling architecture lut5_v of entity unisim.LUT5 [\LUT5(init="00000000000000000000...]
Compiling architecture lut6_v of entity unisim.LUT6 [\LUT6(init="00000000000000000000...]
Compiling architecture fdse_v of entity unisim.FDSE [fdse_default]
Compiling architecture lut4_v of entity unisim.LUT4 [\LUT4(init="0000000010101000")(0...]
Compiling architecture lut3_v of entity unisim.LUT3 [\LUT3(init="00011110")(0,7)\]
Compiling architecture lut4_v of entity unisim.LUT4 [\LUT4(init="0000000000000100")(0...]
Compiling architecture lut3_v of entity unisim.LUT3 [\LUT3(init="00111010")(0,7)\]
Compiling architecture lut6_v of entity unisim.LUT6 [\LUT6(init="00000100000000000000...]
Compiling architecture structure of entity xil_defaultlib.xxv_ethernet_0_x_ethernet_v2_0_mac_rx_delete_fcs [xxv_ethernet_0_x_ethernet_v2_0_m...]
Compiling architecture lut6_v of entity unisim.LUT6 [\LUT6(init="11111111111111111111...]
Compiling architecture lut6_v of entity unisim.LUT6 [\LUT6(init="01010101010101011111...]
Compiling architecture lut6_v of entity unisim.LUT6 [\LUT6(init="11111111100001001111...]
Compiling architecture lut4_v of entity unisim.LUT4 [\LUT4(init="0000000000000001")(0...]
Compiling architecture lut3_v of entity unisim.LUT3 [\LUT3(init="10111000")(0,7)\]
Compiling architecture lut5_v of entity unisim.LUT5 [\LUT5(init="00000000000000001010...]
Compiling architecture lut3_v of entity unisim.LUT3 [\LUT3(init="11000100")(0,7)\]
Compiling architecture lut3_v of entity unisim.LUT3 [\LUT3(init="01000111")(0,7)\]
Compiling architecture lut4_v of entity unisim.LUT4 [\LUT4(init="1000000011000000")(0...]
Compiling architecture srl16e_v of entity unisim.SRL16E [\SRL16E(0,15)\]
Compiling architecture lut6_v of entity unisim.LUT6 [\LUT6(init="00000000000000000000...]
Compiling architecture lut5_v of entity unisim.LUT5 [\LUT5(init="00000000000000001011...]
Compiling architecture lut6_v of entity unisim.LUT6 [\LUT6(init="00000000000010001000...]
Compiling architecture lut2_v of entity unisim.LUT2 [\LUT2(init="1000")(0,3)\]
Compiling architecture lut6_v of entity unisim.LUT6 [\LUT6(init="00000000000001001111...]
Compiling architecture lut6_v of entity unisim.LUT6 [\LUT6(init="11101010111010101010...]
Compiling architecture lut4_v of entity unisim.LUT4 [\LUT4(init="1111111111110111")(0...]
Compiling architecture lut6_v of entity unisim.LUT6 [\LUT6(init="00000000000000001000...]
Compiling architecture lut6_v of entity unisim.LUT6 [\LUT6(init="00000001010101000001...]
Compiling architecture lut2_v of entity unisim.LUT2 [\LUT2(init="0010")(0,3)\]
Compiling architecture lut4_v of entity unisim.LUT4 [\LUT4(init="1111000000100000")(0...]
Compiling architecture lut6_v of entity unisim.LUT6 [\LUT6(init="11111011111110111111...]
Compiling architecture lut6_v of entity unisim.LUT6 [\LUT6(init="11101000100010001110...]
Compiling architecture lut6_v of entity unisim.LUT6 [\LUT6(init="11101011101111101011...]
Compiling architecture lut4_v of entity unisim.LUT4 [\LUT4(init="0110100110010110")(0...]
Compiling architecture lut6_v of entity unisim.LUT6 [\LUT6(init="01101001100101101001...]
Compiling architecture lut4_v of entity unisim.LUT4 [\LUT4(init="1110101110111110")(0...]
Compiling architecture lut6_v of entity unisim.LUT6 [\LUT6(init="11111111111111111111...]
Compiling architecture lut5_v of entity unisim.LUT5 [\LUT5(init="10010110011010010110...]
Compiling architecture lut3_v of entity unisim.LUT3 [\LUT3(init="10010110")(0,7)\]
Compiling architecture lut6_v of entity unisim.LUT6 [\LUT6(init="10101010100000001111...]
Compiling architecture lut6_v of entity unisim.LUT6 [\LUT6(init="11111111001111111111...]
Compiling architecture lut6_v of entity unisim.LUT6 [\LUT6(init="00000000000000001111...]
Compiling architecture lut6_v of entity unisim.LUT6 [\LUT6(init="11111111111111111100...]
Compiling architecture lut6_v of entity unisim.LUT6 [\LUT6(init="10111011101110111011...]
Compiling architecture lut5_v of entity unisim.LUT5 [\LUT5(init="11111111111110110000...]
Compiling architecture lut6_v of entity unisim.LUT6 [\LUT6(init="10101111101000001100...]
Compiling architecture lut6_v of entity unisim.LUT6 [\LUT6(init="10001000100010001000...]
Compiling architecture lut5_v of entity unisim.LUT5 [\LUT5(init="00000000000000000100...]
Compiling architecture lut5_v of entity unisim.LUT5 [\LUT5(init="10111111111111111111...]
Compiling architecture muxf7_v of entity unisim.MUXF7 [muxf7_default]
Compiling architecture lut4_v of entity unisim.LUT4 [\LUT4(init="1101111111111111")(0...]
Compiling architecture lut4_v of entity unisim.LUT4 [\LUT4(init="0111111111111111")(0...]
Compiling architecture lut4_v of entity unisim.LUT4 [\LUT4(init="0000000010000000")(0...]
Compiling architecture lut6_v of entity unisim.LUT6 [\LUT6(init="11111111111111111111...]
Compiling architecture lut5_v of entity unisim.LUT5 [\LUT5(init="11111111111111110111...]
Compiling architecture lut6_v of entity unisim.LUT6 [\LUT6(init="00000000000001000000...]
Compiling architecture lut5_v of entity unisim.LUT5 [\LUT5(init="00000000000000000000...]
Compiling architecture structure of entity xil_defaultlib.xxv_ethernet_0_x_ethernet_v2_0_mac_fcs_64_full [xxv_ethernet_0_x_ethernet_v2_0_m...]
Compiling architecture lut6_v of entity unisim.LUT6 [\LUT6(init="00000001000100011111...]
Compiling architecture lut4_v of entity unisim.LUT4 [\LUT4(init="0000000100010001")(0...]
Compiling architecture lut5_v of entity unisim.LUT5 [\LUT5(init="00100000001000000010...]
Compiling architecture lut6_v of entity unisim.LUT6 [\LUT6(init="00000000000000000000...]
Compiling architecture lut6_v of entity unisim.LUT6 [\LUT6(init="00000110000000000000...]
Compiling architecture lut5_v of entity unisim.LUT5 [\LUT5(init="10000000000000000000...]
Compiling architecture lut6_v of entity unisim.LUT6 [\LUT6(init="10101010101010101010...]
Compiling architecture lut6_v of entity unisim.LUT6 [\LUT6(init="00000000000000000000...]
Compiling architecture lut3_v of entity unisim.LUT3 [\LUT3(init="00011111")(0,7)\]
Compiling architecture lut6_v of entity unisim.LUT6 [\LUT6(init="00000000011010101111...]
Compiling architecture lut6_v of entity unisim.LUT6 [\LUT6(init="10000000000000000000...]
Compiling architecture lut6_v of entity unisim.LUT6 [\LUT6(init="00000000000000000000...]
Compiling architecture lut4_v of entity unisim.LUT4 [\LUT4(init="0000000001101010")(0...]
Compiling architecture lut5_v of entity unisim.LUT5 [\LUT5(init="00000000000000000110...]
Compiling architecture lut5_v of entity unisim.LUT5 [\LUT5(init="00010000000100000001...]
Compiling architecture lut6_v of entity unisim.LUT6 [\LUT6(init="00000110000000000000...]
Compiling architecture lut4_v of entity unisim.LUT4 [\LUT4(init="0000000001010110")(0...]
Compiling architecture lut5_v of entity unisim.LUT5 [\LUT5(init="00000000000000001001...]
Compiling architecture lut5_v of entity unisim.LUT5 [\LUT5(init="00000000000000001001...]
Compiling architecture lut6_v of entity unisim.LUT6 [\LUT6(init="00000000000000000000...]
Compiling architecture lut6_v of entity unisim.LUT6 [\LUT6(init="00000000000000000000...]
Compiling architecture lut6_v of entity unisim.LUT6 [\LUT6(init="10111110111111111011...]
Compiling architecture lut5_v of entity unisim.LUT5 [\LUT5(init="10101000100010001000...]
Compiling architecture lut6_v of entity unisim.LUT6 [\LUT6(init="00000000000111111111...]
Compiling architecture lut6_v of entity unisim.LUT6 [\LUT6(init="10101010101010101000...]
Compiling architecture lut6_v of entity unisim.LUT6 [\LUT6(init="10100010100000001010...]
Compiling architecture lut5_v of entity unisim.LUT5 [\LUT5(init="00000000000000001010...]
Compiling architecture lut6_v of entity unisim.LUT6 [\LUT6(init="00000000000000000000...]
Compiling architecture lut6_v of entity unisim.LUT6 [\LUT6(init="00001000000010001010...]
Compiling architecture lut5_v of entity unisim.LUT5 [\LUT5(init="00000000000000000011...]
Compiling architecture lut4_v of entity unisim.LUT4 [\LUT4(init="0001010001011100")(0...]
Compiling architecture lut5_v of entity unisim.LUT5 [\LUT5(init="10101010110011001100...]
Compiling architecture lut6_v of entity unisim.LUT6 [\LUT6(init="11111111000000001111...]
Compiling architecture lut6_v of entity unisim.LUT6 [\LUT6(init="11111111111111110000...]
Compiling architecture lut3_v of entity unisim.LUT3 [\LUT3(init="10111111")(0,7)\]
Compiling architecture lut3_v of entity unisim.LUT3 [\LUT3(init="01000000")(0,7)\]
Compiling architecture lut6_v of entity unisim.LUT6 [\LUT6(init="00000000000000000000...]
Compiling architecture lut6_v of entity unisim.LUT6 [\LUT6(init="00000000010001000000...]
Compiling architecture lut5_v of entity unisim.LUT5 [\LUT5(init="11111111111101111111...]
Compiling architecture structure of entity xil_defaultlib.xxv_ethernet_0_x_ethernet_v2_0_mac_rx_fcs [xxv_ethernet_0_x_ethernet_v2_0_m...]
Compiling architecture lut5_v of entity unisim.LUT5 [\LUT5(init="10101111111111111000...]
Compiling architecture lut5_v of entity unisim.LUT5 [\LUT5(init="00010101000101010101...]
Compiling architecture lut6_v of entity unisim.LUT6 [\LUT6(init="00000000000000000111...]
Compiling architecture lut6_v of entity unisim.LUT6 [\LUT6(init="00000000101011101010...]
Compiling architecture lut4_v of entity unisim.LUT4 [\LUT4(init="1111111111111101")(0...]
Compiling architecture lut6_v of entity unisim.LUT6 [\LUT6(init="01110111111101110000...]
Compiling architecture lut5_v of entity unisim.LUT5 [\LUT5(init="01111111111111111111...]
Compiling architecture lut6_v of entity unisim.LUT6 [\LUT6(init="10001010000000000000...]
Compiling architecture lut5_v of entity unisim.LUT5 [\LUT5(init="00000000000000000001...]
Compiling architecture lut6_v of entity unisim.LUT6 [\LUT6(init="01111111111111111111...]
Compiling architecture lut5_v of entity unisim.LUT5 [\LUT5(init="00000000000000000010...]
Compiling architecture lut5_v of entity unisim.LUT5 [\LUT5(init="10111000111111111011...]
Compiling architecture lut5_v of entity unisim.LUT5 [\LUT5(init="00110000101110110011...]
Compiling architecture lut4_v of entity unisim.LUT4 [\LUT4(init="0000000010111000")(0...]
Compiling architecture lut6_v of entity unisim.LUT6 [\LUT6(init="00000000000000000000...]
Compiling architecture lut6_v of entity unisim.LUT6 [\LUT6(init="00000000000010111111...]
Compiling architecture lut6_v of entity unisim.LUT6 [\LUT6(init="11111111111111111111...]
Compiling architecture lut6_v of entity unisim.LUT6 [\LUT6(init="00000000000000000000...]
Compiling architecture lut3_v of entity unisim.LUT3 [\LUT3(init="10000000")(0,7)\]
Compiling architecture lut4_v of entity unisim.LUT4 [\LUT4(init="1110110000001100")(0...]
Compiling architecture lut6_v of entity unisim.LUT6 [\LUT6(init="00000000000000000000...]
Compiling architecture lut6_v of entity unisim.LUT6 [\LUT6(init="01000100010001000100...]
Compiling architecture lut6_v of entity unisim.LUT6 [\LUT6(init="11111111111111110000...]
Compiling architecture lut4_v of entity unisim.LUT4 [\LUT4(init="0000111100011110")(0...]
Compiling architecture lut3_v of entity unisim.LUT3 [\LUT3(init="00000100")(0,7)\]
Compiling architecture lut3_v of entity unisim.LUT3 [\LUT3(init="00110110")(0,7)\]
Compiling architecture lut6_v of entity unisim.LUT6 [\LUT6(init="00000000000000000000...]
Compiling architecture lut6_v of entity unisim.LUT6 [\LUT6(init="00000000000000000000...]
Compiling architecture lut5_v of entity unisim.LUT5 [\LUT5(init="10101010101010111010...]
Compiling architecture lut5_v of entity unisim.LUT5 [\LUT5(init="10111010101110111011...]
Compiling architecture lut6_v of entity unisim.LUT6 [\LUT6(init="11111111111111101111...]
Compiling architecture lut5_v of entity unisim.LUT5 [\LUT5(init="11111111111111110000...]
Compiling architecture lut6_v of entity unisim.LUT6 [\LUT6(init="00000000000000100000...]
Compiling architecture lut6_v of entity unisim.LUT6 [\LUT6(init="00000000111111110000...]
Compiling architecture lut6_v of entity unisim.LUT6 [\LUT6(init="11111111111111111111...]
Compiling architecture lut6_v of entity unisim.LUT6 [\LUT6(init="11111111000000001111...]
Compiling architecture lut6_v of entity unisim.LUT6 [\LUT6(init="00000000000000000000...]
Compiling architecture lut6_v of entity unisim.LUT6 [\LUT6(init="10001000100000001000...]
Compiling architecture lut6_v of entity unisim.LUT6 [\LUT6(init="11111111111110111011...]
Compiling architecture lut5_v of entity unisim.LUT5 [\LUT5(init="10001010100010101000...]
Compiling architecture lut6_v of entity unisim.LUT6 [\LUT6(init="01010101010000000101...]
Compiling architecture lut2_v of entity unisim.LUT2 [\LUT2(init="1011")(0,3)\]
Compiling architecture lut3_v of entity unisim.LUT3 [\LUT3(init="00000010")(0,7)\]
Compiling architecture lut6_v of entity unisim.LUT6 [\LUT6(init="11111111111111110101...]
Compiling architecture lut6_v of entity unisim.LUT6 [\LUT6(init="11111111111111111111...]
Compiling architecture lut6_v of entity unisim.LUT6 [\LUT6(init="00000000000000001111...]
Compiling architecture lut6_v of entity unisim.LUT6 [\LUT6(init="01010101000000000101...]
Compiling architecture lut6_v of entity unisim.LUT6 [\LUT6(init="11111111111111110100...]
Compiling architecture lut5_v of entity unisim.LUT5 [\LUT5(init="00001101111111110000...]
Compiling architecture lut5_v of entity unisim.LUT5 [\LUT5(init="10001111100011111111...]
Compiling architecture lut4_v of entity unisim.LUT4 [\LUT4(init="1111111100000100")(0...]
Compiling architecture lut6_v of entity unisim.LUT6 [\LUT6(init="11110010000000000000...]
Compiling architecture lut5_v of entity unisim.LUT5 [\LUT5(init="11111111111111110100...]
Compiling architecture lut3_v of entity unisim.LUT3 [\LUT3(init="11111101")(0,7)\]
Compiling architecture lut6_v of entity unisim.LUT6 [\LUT6(init="10001000100010001000...]
Compiling architecture lut6_v of entity unisim.LUT6 [\LUT6(init="00011111000100010001...]
Compiling architecture lut6_v of entity unisim.LUT6 [\LUT6(init="00000000101010100000...]
Compiling architecture lut6_v of entity unisim.LUT6 [\LUT6(init="00000000000000000000...]
Compiling architecture lut4_v of entity unisim.LUT4 [\LUT4(init="1111111101111111")(0...]
Compiling architecture ram32m_v of entity unisim.RAM32M [ram32m_default]
Compiling architecture structure of entity xil_defaultlib.xxv_ethernet_0_x_ethernet_v2_0_mac_rx_gfifo_RAM_C2_P1_W72_D8_FL [xxv_ethernet_0_x_ethernet_v2_0_m...]
Compiling architecture fdpe_v of entity unisim.FDPE [fdpe_default]
Compiling architecture structure of entity xil_defaultlib.xxv_ethernet_0_x_ethernet_v2_0_mac_syncer_reset_7 [xxv_ethernet_0_x_ethernet_v2_0_m...]
Compiling architecture structure of entity xil_defaultlib.\xxv_ethernet_0_x_ethernet_v2_0_mac_syncer_level__parameterized2\ [\xxv_ethernet_0_x_ethernet_v2_0_...]
Compiling architecture structure of entity xil_defaultlib.\xxv_ethernet_0_x_ethernet_v2_0_mac_syncer_level__parameterized0_8\ [\xxv_ethernet_0_x_ethernet_v2_0_...]
Compiling architecture lut6_v of entity unisim.LUT6 [\LUT6(init="01101111111101101111...]
Compiling architecture lut3_v of entity unisim.LUT3 [\LUT3(init="01101010")(0,7)\]
Compiling architecture lut6_v of entity unisim.LUT6 [\LUT6(init="10010000000010010000...]
Compiling architecture structure of entity xil_defaultlib.xxv_ethernet_0_x_ethernet_v2_0_mac_rx_gmii_fifo [xxv_ethernet_0_x_ethernet_v2_0_m...]
Compiling architecture lut4_v of entity unisim.LUT4 [\LUT4(init="0001110111111111")(0...]
Compiling architecture lut6_v of entity unisim.LUT6 [\LUT6(init="00000000000000000000...]
Compiling architecture lut5_v of entity unisim.LUT5 [\LUT5(init="11111111111111111111...]
Compiling architecture lut6_v of entity unisim.LUT6 [\LUT6(init="00000000000000000000...]
Compiling architecture lut5_v of entity unisim.LUT5 [\LUT5(init="11111111111111101111...]
Compiling architecture lut5_v of entity unisim.LUT5 [\LUT5(init="11111111111011111111...]
Compiling architecture lut5_v of entity unisim.LUT5 [\LUT5(init="11111111111111111111...]
Compiling architecture lut4_v of entity unisim.LUT4 [\LUT4(init="1111111111011111")(0...]
Compiling architecture lut6_v of entity unisim.LUT6 [\LUT6(init="11111111111111111111...]
Compiling architecture lut6_v of entity unisim.LUT6 [\LUT6(init="11111111111111111111...]
Compiling architecture lut6_v of entity unisim.LUT6 [\LUT6(init="11111111111111111111...]
Compiling architecture lut4_v of entity unisim.LUT4 [\LUT4(init="1010100110101010")(0...]
Compiling architecture lut6_v of entity unisim.LUT6 [\LUT6(init="11111111111111111111...]
Compiling architecture lut6_v of entity unisim.LUT6 [\LUT6(init="11100000111000001110...]
Compiling architecture lut6_v of entity unisim.LUT6 [\LUT6(init="11111111111111111111...]
Compiling architecture lut6_v of entity unisim.LUT6 [\LUT6(init="00000000001100000000...]
Compiling architecture lut6_v of entity unisim.LUT6 [\LUT6(init="00110110010011001111...]
Compiling architecture lut4_v of entity unisim.LUT4 [\LUT4(init="0000001000000000")(0...]
Compiling architecture lut6_v of entity unisim.LUT6 [\LUT6(init="11111111111111111110...]
Compiling architecture lut3_v of entity unisim.LUT3 [\LUT3(init="00001000")(0,7)\]
Compiling architecture lut4_v of entity unisim.LUT4 [\LUT4(init="0000000011100010")(0...]
Compiling architecture lut6_v of entity unisim.LUT6 [\LUT6(init="00000000000000000000...]
Compiling architecture lut6_v of entity unisim.LUT6 [\LUT6(init="10101010101010001010...]
Compiling architecture lut6_v of entity unisim.LUT6 [\LUT6(init="00000000000000000000...]
Compiling architecture lut6_v of entity unisim.LUT6 [\LUT6(init="10001000100011111000...]
Compiling architecture lut4_v of entity unisim.LUT4 [\LUT4(init="0000000000110110")(0...]
Compiling architecture lut3_v of entity unisim.LUT3 [\LUT3(init="00000110")(0,7)\]
Compiling architecture lut4_v of entity unisim.LUT4 [\LUT4(init="0000001010100010")(0...]
Compiling architecture lut5_v of entity unisim.LUT5 [\LUT5(init="11011111110011111111...]
Compiling architecture lut5_v of entity unisim.LUT5 [\LUT5(init="11111111111111010111...]
Compiling architecture lut5_v of entity unisim.LUT5 [\LUT5(init="00000000000001000100...]
Compiling architecture lut4_v of entity unisim.LUT4 [\LUT4(init="1110111111111011")(0...]
Compiling architecture lut6_v of entity unisim.LUT6 [\LUT6(init="10101010000010000000...]
Compiling architecture lut6_v of entity unisim.LUT6 [\LUT6(init="00000010000000100000...]
Compiling architecture lut5_v of entity unisim.LUT5 [\LUT5(init="11101110111100001111...]
Compiling architecture lut5_v of entity unisim.LUT5 [\LUT5(init="10100000101000001010...]
Compiling architecture lut5_v of entity unisim.LUT5 [\LUT5(init="01000100010001000100...]
Compiling architecture lut6_v of entity unisim.LUT6 [\LUT6(init="00010000000000000000...]
Compiling architecture lut6_v of entity unisim.LUT6 [\LUT6(init="00000000000000000000...]
Compiling architecture lut6_v of entity unisim.LUT6 [\LUT6(init="11111111111111110111...]
Compiling architecture lut5_v of entity unisim.LUT5 [\LUT5(init="00000000001000000000...]
Compiling architecture lut6_v of entity unisim.LUT6 [\LUT6(init="00000000000000110000...]
Compiling architecture lut5_v of entity unisim.LUT5 [\LUT5(init="00000000000000000000...]
Compiling architecture lut5_v of entity unisim.LUT5 [\LUT5(init="00000000000100000000...]
Compiling architecture lut6_v of entity unisim.LUT6 [\LUT6(init="11101110111011110000...]
Compiling architecture lut6_v of entity unisim.LUT6 [\LUT6(init="10101010101010101010...]
Compiling architecture lut6_v of entity unisim.LUT6 [\LUT6(init="10101010101010101010...]
Compiling architecture lut6_v of entity unisim.LUT6 [\LUT6(init="00000000000000001000...]
Compiling architecture lut6_v of entity unisim.LUT6 [\LUT6(init="01010100000000000101...]
Compiling architecture lut6_v of entity unisim.LUT6 [\LUT6(init="00100010001000000010...]
Compiling architecture lut6_v of entity unisim.LUT6 [\LUT6(init="00000001000000001111...]
Compiling architecture lut4_v of entity unisim.LUT4 [\LUT4(init="0000000001000000")(0...]
Compiling architecture lut5_v of entity unisim.LUT5 [\LUT5(init="11111111111111111011...]
Compiling architecture lut5_v of entity unisim.LUT5 [\LUT5(init="11111111111111111110...]
Compiling architecture lut5_v of entity unisim.LUT5 [\LUT5(init="11111111111111111111...]
Compiling architecture lut6_v of entity unisim.LUT6 [\LUT6(init="00000000000000000000...]
Compiling architecture lut6_v of entity unisim.LUT6 [\LUT6(init="11111111111111111111...]
Compiling architecture lut6_v of entity unisim.LUT6 [\LUT6(init="00000000000000000001...]
Compiling architecture lut6_v of entity unisim.LUT6 [\LUT6(init="01000100010001000100...]
Compiling architecture lut4_v of entity unisim.LUT4 [\LUT4(init="1110111111111111")(0...]
Compiling architecture lut6_v of entity unisim.LUT6 [\LUT6(init="11111111111111111111...]
Compiling architecture lut6_v of entity unisim.LUT6 [\LUT6(init="00000000000000000000...]
Compiling architecture lut6_v of entity unisim.LUT6 [\LUT6(init="11111111111011111111...]
Compiling architecture lut6_v of entity unisim.LUT6 [\LUT6(init="11111111111111111111...]
Compiling architecture lut6_v of entity unisim.LUT6 [\LUT6(init="11110001111011111111...]
Compiling architecture lut4_v of entity unisim.LUT4 [\LUT4(init="1111000111101111")(0...]
Compiling architecture lut3_v of entity unisim.LUT3 [\LUT3(init="11011111")(0,7)\]
Compiling architecture lut6_v of entity unisim.LUT6 [\LUT6(init="11111111111110111110...]
Compiling architecture lut6_v of entity unisim.LUT6 [\LUT6(init="00000000000000000000...]
Compiling architecture lut6_v of entity unisim.LUT6 [\LUT6(init="10101010101010101010...]
Compiling architecture lut6_v of entity unisim.LUT6 [\LUT6(init="10101010101010100010...]
Compiling architecture lut6_v of entity unisim.LUT6 [\LUT6(init="11111111111111001010...]
Compiling architecture lut6_v of entity unisim.LUT6 [\LUT6(init="10101110101011101010...]
Compiling architecture lut6_v of entity unisim.LUT6 [\LUT6(init="00000000000000000000...]
Compiling architecture lut6_v of entity unisim.LUT6 [\LUT6(init="11111111111111111111...]
Compiling architecture lut6_v of entity unisim.LUT6 [\LUT6(init="00000000000000000000...]
Compiling architecture lut4_v of entity unisim.LUT4 [\LUT4(init="0001000000000000")(0...]
Compiling architecture lut6_v of entity unisim.LUT6 [\LUT6(init="11111111111111111111...]
Compiling architecture lut5_v of entity unisim.LUT5 [\LUT5(init="00000000000000001111...]
Compiling architecture lut6_v of entity unisim.LUT6 [\LUT6(init="01000100010001010100...]
Compiling architecture lut6_v of entity unisim.LUT6 [\LUT6(init="11111111111111111111...]
Compiling architecture lut6_v of entity unisim.LUT6 [\LUT6(init="11111111111111111111...]
Compiling architecture lut6_v of entity unisim.LUT6 [\LUT6(init="00000000000000000000...]
Compiling architecture lut6_v of entity unisim.LUT6 [\LUT6(init="10111011101110111010...]
Compiling architecture lut3_v of entity unisim.LUT3 [\LUT3(init="01001111")(0,7)\]
Compiling architecture lut4_v of entity unisim.LUT4 [\LUT4(init="0100000000000000")(0...]
Compiling architecture lut6_v of entity unisim.LUT6 [\LUT6(init="10101010101010101110...]
Compiling architecture lut6_v of entity unisim.LUT6 [\LUT6(init="10001000100010001000...]
Compiling architecture lut5_v of entity unisim.LUT5 [\LUT5(init="00100000000000000000...]
Compiling architecture lut6_v of entity unisim.LUT6 [\LUT6(init="00000000000000000000...]
Compiling architecture lut5_v of entity unisim.LUT5 [\LUT5(init="00000000000000000000...]
Compiling architecture lut4_v of entity unisim.LUT4 [\LUT4(init="1111111111101111")(0...]
Compiling architecture lut3_v of entity unisim.LUT3 [\LUT3(init="01000101")(0,7)\]
Compiling architecture lut6_v of entity unisim.LUT6 [\LUT6(init="10111010101110101011...]
Compiling architecture lut6_v of entity unisim.LUT6 [\LUT6(init="00000001000000010000...]
Compiling architecture lut5_v of entity unisim.LUT5 [\LUT5(init="01010101010101010101...]
Compiling architecture lut6_v of entity unisim.LUT6 [\LUT6(init="11001100111011111100...]
Compiling architecture lut6_v of entity unisim.LUT6 [\LUT6(init="01010101010101010101...]
Compiling architecture lut6_v of entity unisim.LUT6 [\LUT6(init="10101000101010101010...]
Compiling architecture lut4_v of entity unisim.LUT4 [\LUT4(init="1000101010101010")(0...]
Compiling architecture lut6_v of entity unisim.LUT6 [\LUT6(init="10001010101010101010...]
Compiling architecture lut5_v of entity unisim.LUT5 [\LUT5(init="00000000000000001000...]
Compiling architecture structure of entity xil_defaultlib.xxv_ethernet_0_x_ethernet_v2_0_mac_rx_gmii_adapter [xxv_ethernet_0_x_ethernet_v2_0_m...]
Compiling architecture lut4_v of entity unisim.LUT4 [\LUT4(init="0000000000110111")(0...]
Compiling architecture lut4_v of entity unisim.LUT4 [\LUT4(init="0000011000001010")(0...]
Compiling architecture lut5_v of entity unisim.LUT5 [\LUT5(init="00010010000000000000...]
Compiling architecture lut6_v of entity unisim.LUT6 [\LUT6(init="11111110111111111111...]
Compiling architecture structure of entity xil_defaultlib.xxv_ethernet_0_x_ethernet_v2_0_mac_pause_parser [xxv_ethernet_0_x_ethernet_v2_0_m...]
Compiling architecture structure of entity xil_defaultlib.xxv_ethernet_0_x_ethernet_v2_0_mac_reset_flop_4 [xxv_ethernet_0_x_ethernet_v2_0_m...]
Compiling architecture structure of entity xil_defaultlib.xxv_ethernet_0_x_ethernet_v2_0_mac_reset_flop_5 [xxv_ethernet_0_x_ethernet_v2_0_m...]
Compiling architecture structure of entity xil_defaultlib.xxv_ethernet_0_x_ethernet_v2_0_mac_reset_flop_6 [xxv_ethernet_0_x_ethernet_v2_0_m...]
Compiling architecture lut6_v of entity unisim.LUT6 [\LUT6(init="00000000000000000000...]
Compiling architecture lut6_v of entity unisim.LUT6 [\LUT6(init="00000000000000000000...]
Compiling architecture lut4_v of entity unisim.LUT4 [\LUT4(init="1000000000000000")(0...]
Compiling architecture lut6_v of entity unisim.LUT6 [\LUT6(init="00000000000010110000...]
Compiling architecture lut3_v of entity unisim.LUT3 [\LUT3(init="11101010")(0,7)\]
Compiling architecture lut4_v of entity unisim.LUT4 [\LUT4(init="1010101010101000")(0...]
Compiling architecture lut6_v of entity unisim.LUT6 [\LUT6(init="01010100010001000101...]
Compiling architecture lut6_v of entity unisim.LUT6 [\LUT6(init="10111011101110111011...]
Compiling architecture lut6_v of entity unisim.LUT6 [\LUT6(init="10001000100010001000...]
Compiling architecture lut6_v of entity unisim.LUT6 [\LUT6(init="00000000000000000000...]
Compiling architecture carry8_v of entity unisim.CARRY8 [\CARRY8(1,10)\]
Compiling architecture lut3_v of entity unisim.LUT3 [\LUT3(init="01010110")(0,7)\]
Compiling architecture lut3_v of entity unisim.LUT3 [\LUT3(init="10101000")(0,7)\]
Compiling architecture lut6_v of entity unisim.LUT6 [\LUT6(init="00000000000000000111...]
Compiling architecture lut3_v of entity unisim.LUT3 [\LUT3(init="00100000")(0,7)\]
Compiling architecture lut3_v of entity unisim.LUT3 [\LUT3(init="10001010")(0,7)\]
Compiling architecture lut5_v of entity unisim.LUT5 [\LUT5(init="00000000000000000000...]
Compiling architecture lut6_v of entity unisim.LUT6 [\LUT6(init="10101010101010101010...]
Compiling architecture lut4_v of entity unisim.LUT4 [\LUT4(init="0000000000000010")(0...]
Compiling architecture lut6_v of entity unisim.LUT6 [\LUT6(init="00001000000000000000...]
Compiling architecture lut6_v of entity unisim.LUT6 [\LUT6(init="00000000000000000000...]
Compiling architecture lut6_v of entity unisim.LUT6 [\LUT6(init="11111110000000000000...]
Compiling architecture lut6_v of entity unisim.LUT6 [\LUT6(init="10101010101010101010...]
Compiling architecture lut6_v of entity unisim.LUT6 [\LUT6(init="00000000000000000000...]
Compiling architecture lut6_v of entity unisim.LUT6 [\LUT6(init="00000000000000000000...]
Compiling architecture lut5_v of entity unisim.LUT5 [\LUT5(init="11111111101010101111...]
Compiling architecture lut4_v of entity unisim.LUT4 [\LUT4(init="1001101010101010")(0...]
Compiling architecture lut2_v of entity unisim.LUT2 [\LUT2(init="1001")(0,3)\]
Compiling architecture lut4_v of entity unisim.LUT4 [\LUT4(init="1001000000001001")(0...]
Compiling architecture lut4_v of entity unisim.LUT4 [\LUT4(init="0010001010110010")(0...]
Compiling architecture lut6_v of entity unisim.LUT6 [\LUT6(init="01001011111111111111...]
Compiling architecture lut3_v of entity unisim.LUT3 [\LUT3(init="01101001")(0,7)\]
Compiling architecture lut5_v of entity unisim.LUT5 [\LUT5(init="01111000011101111000...]
Compiling architecture lut6_v of entity unisim.LUT6 [\LUT6(init="10111111010000001011...]
Compiling architecture lut6_v of entity unisim.LUT6 [\LUT6(init="00101011011101111111...]
Compiling architecture lut5_v of entity unisim.LUT5 [\LUT5(init="00001000000010000000...]
Compiling architecture lut4_v of entity unisim.LUT4 [\LUT4(init="1111011111111111")(0...]
Compiling architecture lut5_v of entity unisim.LUT5 [\LUT5(init="00000000000000000000...]
Compiling architecture lut6_v of entity unisim.LUT6 [\LUT6(init="01111111011111111000...]
Compiling architecture structure of entity xil_defaultlib.xxv_ethernet_0_x_ethernet_v2_0_mac_rx_stats [xxv_ethernet_0_x_ethernet_v2_0_m...]
Compiling architecture lut6_v of entity unisim.LUT6 [\LUT6(init="10111010101110101011...]
Compiling architecture lut3_v of entity unisim.LUT3 [\LUT3(init="10110100")(0,7)\]
Compiling architecture structure of entity xil_defaultlib.xxv_ethernet_0_x_ethernet_v2_0_mac_rx_top [xxv_ethernet_0_x_ethernet_v2_0_m...]
Compiling architecture lut4_v of entity unisim.LUT4 [\LUT4(init="0010000000000000")(0...]
Compiling architecture lut1_v of entity unisim.LUT1 [\LUT1(init="0010")(0,3)\]
Compiling architecture structure of entity xil_defaultlib.xxv_ethernet_0_x_ethernet_v2_0_mac_reset_flop [xxv_ethernet_0_x_ethernet_v2_0_m...]
Compiling architecture structure of entity xil_defaultlib.xxv_ethernet_0_x_ethernet_v2_0_mac_ftype_parser [xxv_ethernet_0_x_ethernet_v2_0_m...]
Compiling architecture lut6_v of entity unisim.LUT6 [\LUT6(init="11111111111111111111...]
Compiling architecture lut6_v of entity unisim.LUT6 [\LUT6(init="00000000000000010000...]
Compiling architecture lut6_v of entity unisim.LUT6 [\LUT6(init="10001000100010001000...]
Compiling architecture lut3_v of entity unisim.LUT3 [\LUT3(init="11010101")(0,7)\]
Compiling architecture lut4_v of entity unisim.LUT4 [\LUT4(init="0000010001000100")(0...]
Compiling architecture structure of entity xil_defaultlib.\xxv_ethernet_0_x_ethernet_v2_0_mac_syncer_level__parameterized1\ [\xxv_ethernet_0_x_ethernet_v2_0_...]
Compiling architecture structure of entity xil_defaultlib.xxv_ethernet_0_x_ethernet_v2_0_mac_tx_gfifo_RAM_C2_P1_W72_D32_FL [xxv_ethernet_0_x_ethernet_v2_0_m...]
Compiling architecture structure of entity xil_defaultlib.\xxv_ethernet_0_x_ethernet_v2_0_mac_syncer_level__parameterized0\ [\xxv_ethernet_0_x_ethernet_v2_0_...]
Compiling architecture structure of entity xil_defaultlib.xxv_ethernet_0_x_ethernet_v2_0_mac_syncer_reset [xxv_ethernet_0_x_ethernet_v2_0_m...]
Compiling architecture lut6_v of entity unisim.LUT6 [\LUT6(init="10001000100010001000...]
Compiling architecture lut5_v of entity unisim.LUT5 [\LUT5(init="01110001100011101000...]
Compiling architecture lut6_v of entity unisim.LUT6 [\LUT6(init="00000110100100000110...]
Compiling architecture lut5_v of entity unisim.LUT5 [\LUT5(init="01101100110011001100...]
Compiling architecture lut5_v of entity unisim.LUT5 [\LUT5(init="11111111111111111111...]
Compiling architecture lut6_v of entity unisim.LUT6 [\LUT6(init="10000010000000000000...]
Compiling architecture lut6_v of entity unisim.LUT6 [\LUT6(init="11110111111111110111...]
Compiling architecture structure of entity xil_defaultlib.xxv_ethernet_0_x_ethernet_v2_0_mac_tx_gmii_fifo [xxv_ethernet_0_x_ethernet_v2_0_m...]
Compiling architecture lut5_v of entity unisim.LUT5 [\LUT5(init="11111111111111111000...]
Compiling architecture lut6_v of entity unisim.LUT6 [\LUT6(init="11111111111010101010...]
Compiling architecture lut6_v of entity unisim.LUT6 [\LUT6(init="10101010101010101010...]
Compiling architecture lut6_v of entity unisim.LUT6 [\LUT6(init="10101111111011101010...]
Compiling architecture lut5_v of entity unisim.LUT5 [\LUT5(init="00000000111111101111...]
Compiling architecture lut6_v of entity unisim.LUT6 [\LUT6(init="11111110110011001100...]
Compiling architecture lut4_v of entity unisim.LUT4 [\LUT4(init="0000000100000000")(0...]
Compiling architecture lut6_v of entity unisim.LUT6 [\LUT6(init="11111111111111111111...]
Compiling architecture lut6_v of entity unisim.LUT6 [\LUT6(init="11111111111111111111...]
Compiling architecture lut6_v of entity unisim.LUT6 [\LUT6(init="11111111111100101111...]
Compiling architecture lut6_v of entity unisim.LUT6 [\LUT6(init="00000000000000000000...]
Compiling architecture lut5_v of entity unisim.LUT5 [\LUT5(init="11111111111111110000...]
Compiling architecture lut3_v of entity unisim.LUT3 [\LUT3(init="11111000")(0,7)\]
Compiling architecture lut6_v of entity unisim.LUT6 [\LUT6(init="00000000000000001111...]
Compiling architecture lut6_v of entity unisim.LUT6 [\LUT6(init="00010011111111110000...]
Compiling architecture lut5_v of entity unisim.LUT5 [\LUT5(init="11111111111111111010...]
Compiling architecture lut6_v of entity unisim.LUT6 [\LUT6(init="11111111111111111111...]
Compiling architecture lut6_v of entity unisim.LUT6 [\LUT6(init="11111111111111111111...]
Compiling architecture lut5_v of entity unisim.LUT5 [\LUT5(init="11111111111010101010...]
Compiling architecture lut6_v of entity unisim.LUT6 [\LUT6(init="11111111111111111111...]
Compiling architecture lut6_v of entity unisim.LUT6 [\LUT6(init="11111100111111001111...]
Compiling architecture lut6_v of entity unisim.LUT6 [\LUT6(init="00000011111100110000...]
Compiling architecture lut6_v of entity unisim.LUT6 [\LUT6(init="00000000000000000000...]
Compiling architecture lut6_v of entity unisim.LUT6 [\LUT6(init="00001111111111110000...]
Compiling architecture lut6_v of entity unisim.LUT6 [\LUT6(init="11111111111111111010...]
Compiling architecture lut5_v of entity unisim.LUT5 [\LUT5(init="00000000000000000000...]
Compiling architecture lut6_v of entity unisim.LUT6 [\LUT6(init="11111111111111111111...]
Compiling architecture lut6_v of entity unisim.LUT6 [\LUT6(init="11111111111111111111...]
Compiling architecture lut6_v of entity unisim.LUT6 [\LUT6(init="00001111111111110000...]
Compiling architecture lut6_v of entity unisim.LUT6 [\LUT6(init="00001000000000000000...]
Compiling architecture lut4_v of entity unisim.LUT4 [\LUT4(init="1111111100001000")(0...]
Compiling architecture lut6_v of entity unisim.LUT6 [\LUT6(init="11111110110011001110...]
Compiling architecture lut6_v of entity unisim.LUT6 [\LUT6(init="00000000000000000000...]
Compiling architecture lut6_v of entity unisim.LUT6 [\LUT6(init="11111111111111111111...]
Compiling architecture lut5_v of entity unisim.LUT5 [\LUT5(init="00010000000000000000...]
Compiling architecture lut6_v of entity unisim.LUT6 [\LUT6(init="00000000000000000000...]
Compiling architecture lut6_v of entity unisim.LUT6 [\LUT6(init="00000000000000000000...]
Compiling architecture lut6_v of entity unisim.LUT6 [\LUT6(init="00000000000000000000...]
Compiling architecture lut3_v of entity unisim.LUT3 [\LUT3(init="00001110")(0,7)\]
Compiling architecture lut6_v of entity unisim.LUT6 [\LUT6(init="00000000000000000000...]
Compiling architecture lut3_v of entity unisim.LUT3 [\LUT3(init="00101111")(0,7)\]
Compiling architecture lut6_v of entity unisim.LUT6 [\LUT6(init="00011111000100000001...]
Compiling architecture lut6_v of entity unisim.LUT6 [\LUT6(init="10101010101010101010...]
Compiling architecture lut6_v of entity unisim.LUT6 [\LUT6(init="00000100000001000000...]
Compiling architecture lut6_v of entity unisim.LUT6 [\LUT6(init="11111111111111111110...]
Compiling architecture lut6_v of entity unisim.LUT6 [\LUT6(init="00110000111111110000...]
Compiling architecture lut6_v of entity unisim.LUT6 [\LUT6(init="11111111111111111111...]
Compiling architecture lut5_v of entity unisim.LUT5 [\LUT5(init="11111111111010101110...]
Compiling architecture lut6_v of entity unisim.LUT6 [\LUT6(init="00000000000000000000...]
Compiling architecture lut6_v of entity unisim.LUT6 [\LUT6(init="00000000110100000000...]
Compiling architecture lut6_v of entity unisim.LUT6 [\LUT6(init="01110000111111110000...]
Compiling architecture lut6_v of entity unisim.LUT6 [\LUT6(init="11111111111111111111...]
Compiling architecture lut5_v of entity unisim.LUT5 [\LUT5(init="11111111111111111000...]
Compiling architecture lut6_v of entity unisim.LUT6 [\LUT6(init="11111111111111110101...]
Compiling architecture lut6_v of entity unisim.LUT6 [\LUT6(init="11111111111111111111...]
Compiling architecture lut5_v of entity unisim.LUT5 [\LUT5(init="00000000000000100000...]
Compiling architecture lut6_v of entity unisim.LUT6 [\LUT6(init="11111111111111111111...]
Compiling architecture lut6_v of entity unisim.LUT6 [\LUT6(init="00000000111111110000...]
Compiling architecture lut6_v of entity unisim.LUT6 [\LUT6(init="11110000111111110000...]
Compiling architecture lut6_v of entity unisim.LUT6 [\LUT6(init="11111111111111111111...]
Compiling architecture lut5_v of entity unisim.LUT5 [\LUT5(init="11111111111111110000...]
Compiling architecture lut6_v of entity unisim.LUT6 [\LUT6(init="11111111111111111111...]
Compiling architecture lut3_v of entity unisim.LUT3 [\LUT3(init="00001101")(0,7)\]
Compiling architecture lut5_v of entity unisim.LUT5 [\LUT5(init="10000000100000000000...]
Compiling architecture lut6_v of entity unisim.LUT6 [\LUT6(init="11111111111010101111...]
Compiling architecture lut6_v of entity unisim.LUT6 [\LUT6(init="00000000111111110000...]
Compiling architecture lut3_v of entity unisim.LUT3 [\LUT3(init="00110101")(0,7)\]
Compiling architecture lut3_v of entity unisim.LUT3 [\LUT3(init="01110100")(0,7)\]
Compiling architecture lut3_v of entity unisim.LUT3 [\LUT3(init="10001011")(0,7)\]
Compiling architecture lut6_v of entity unisim.LUT6 [\LUT6(init="11111111111111111111...]
Compiling architecture lut6_v of entity unisim.LUT6 [\LUT6(init="11111111111111111000...]
Compiling architecture lut3_v of entity unisim.LUT3 [\LUT3(init="01110000")(0,7)\]
Compiling architecture lut4_v of entity unisim.LUT4 [\LUT4(init="0000111100100010")(0...]
Compiling architecture lut6_v of entity unisim.LUT6 [\LUT6(init="00110011001100111011...]
Compiling architecture lut6_v of entity unisim.LUT6 [\LUT6(init="00000011111111110000...]
Compiling architecture lut2_v of entity unisim.LUT2 [\LUT2(init="0100")(0,3)\]
Compiling architecture lut4_v of entity unisim.LUT4 [\LUT4(init="1011111110100000")(0...]
Compiling architecture structure of entity xil_defaultlib.xxv_ethernet_0_x_ethernet_v2_0_mac_tx_gmii_adapter [xxv_ethernet_0_x_ethernet_v2_0_m...]
Compiling architecture lut6_v of entity unisim.LUT6 [\LUT6(init="00000000000000000000...]
Compiling architecture lut5_v of entity unisim.LUT5 [\LUT5(init="00000110011001010000...]
Compiling architecture lut6_v of entity unisim.LUT6 [\LUT6(init="00000000000000001111...]
Compiling architecture lut4_v of entity unisim.LUT4 [\LUT4(init="0001010101000000")(0...]
Compiling architecture lut5_v of entity unisim.LUT5 [\LUT5(init="10001010100010001000...]
Compiling architecture lut6_v of entity unisim.LUT6 [\LUT6(init="11111011111111111111...]
Compiling architecture lut6_v of entity unisim.LUT6 [\LUT6(init="10101010101010100010...]
Compiling architecture lut5_v of entity unisim.LUT5 [\LUT5(init="00101110001000100010...]
Compiling architecture lut5_v of entity unisim.LUT5 [\LUT5(init="11101111111111111110...]
Compiling architecture lut6_v of entity unisim.LUT6 [\LUT6(init="10101010101010100000...]
Compiling architecture lut5_v of entity unisim.LUT5 [\LUT5(init="11111111110011111010...]
Compiling architecture lut6_v of entity unisim.LUT6 [\LUT6(init="11111111111111111111...]
Compiling architecture lut6_v of entity unisim.LUT6 [\LUT6(init="11111110111011101110...]
Compiling architecture lut5_v of entity unisim.LUT5 [\LUT5(init="11110011111100110010...]
Compiling architecture lut6_v of entity unisim.LUT6 [\LUT6(init="10111111111111111011...]
Compiling architecture lut6_v of entity unisim.LUT6 [\LUT6(init="00000000000000000000...]
Compiling architecture lut6_v of entity unisim.LUT6 [\LUT6(init="00000000000000000000...]
Compiling architecture lut6_v of entity unisim.LUT6 [\LUT6(init="10101010111011111110...]
Compiling architecture lut6_v of entity unisim.LUT6 [\LUT6(init="11111111111111111111...]
Compiling architecture lut6_v of entity unisim.LUT6 [\LUT6(init="10101010101010101010...]
Compiling architecture lut6_v of entity unisim.LUT6 [\LUT6(init="01110000010100000111...]
Compiling architecture lut6_v of entity unisim.LUT6 [\LUT6(init="11110111111101111111...]
Compiling architecture lut6_v of entity unisim.LUT6 [\LUT6(init="10111010101010101011...]
Compiling architecture lut6_v of entity unisim.LUT6 [\LUT6(init="00000000100000001010...]
Compiling architecture lut6_v of entity unisim.LUT6 [\LUT6(init="01000100010001000100...]
Compiling architecture lut6_v of entity unisim.LUT6 [\LUT6(init="01000100010001000100...]
Compiling architecture lut4_v of entity unisim.LUT4 [\LUT4(init="1111101111111111")(0...]
Compiling architecture lut6_v of entity unisim.LUT6 [\LUT6(init="01000100010001000100...]
Compiling architecture lut6_v of entity unisim.LUT6 [\LUT6(init="11111111111111111011...]
Compiling architecture lut6_v of entity unisim.LUT6 [\LUT6(init="00000000111110111111...]
Compiling architecture lut6_v of entity unisim.LUT6 [\LUT6(init="11111111111111111111...]
Compiling architecture lut6_v of entity unisim.LUT6 [\LUT6(init="00000000000000000000...]
Compiling architecture lut6_v of entity unisim.LUT6 [\LUT6(init="10101010111011111010...]
Compiling architecture lut6_v of entity unisim.LUT6 [\LUT6(init="01000000010000000100...]
Compiling architecture lut6_v of entity unisim.LUT6 [\LUT6(init="11111111111111111111...]
Compiling architecture lut6_v of entity unisim.LUT6 [\LUT6(init="11111111101110111111...]
Compiling architecture lut6_v of entity unisim.LUT6 [\LUT6(init="10101010000000000000...]
Compiling architecture lut6_v of entity unisim.LUT6 [\LUT6(init="11111010101010101111...]
Compiling architecture lut6_v of entity unisim.LUT6 [\LUT6(init="11101111111011101010...]
Compiling architecture lut5_v of entity unisim.LUT5 [\LUT5(init="11111111101011101111...]
Compiling architecture lut6_v of entity unisim.LUT6 [\LUT6(init="00000000000000001010...]
Compiling architecture lut6_v of entity unisim.LUT6 [\LUT6(init="11111111000011110000...]
Compiling architecture lut6_v of entity unisim.LUT6 [\LUT6(init="10101010101010101010...]
Compiling architecture lut6_v of entity unisim.LUT6 [\LUT6(init="01000000010000000000...]
Compiling architecture lut6_v of entity unisim.LUT6 [\LUT6(init="00000001010100010000...]
Compiling architecture lut6_v of entity unisim.LUT6 [\LUT6(init="00000000000000000000...]
Compiling architecture lut6_v of entity unisim.LUT6 [\LUT6(init="11101010101010101111...]
Compiling architecture lut5_v of entity unisim.LUT5 [\LUT5(init="00001000000000000000...]
Compiling architecture lut6_v of entity unisim.LUT6 [\LUT6(init="00001000000010000000...]
Compiling architecture lut3_v of entity unisim.LUT3 [\LUT3(init="10101100")(0,7)\]
Compiling architecture lut6_v of entity unisim.LUT6 [\LUT6(init="01000000010001000000...]
Compiling architecture lut6_v of entity unisim.LUT6 [\LUT6(init="00100000001000100000...]
Compiling architecture lut5_v of entity unisim.LUT5 [\LUT5(init="01000100010000000000...]
Compiling architecture lut4_v of entity unisim.LUT4 [\LUT4(init="0000100010001000")(0...]
Compiling architecture lut5_v of entity unisim.LUT5 [\LUT5(init="10101010101010101000...]
Compiling architecture lut6_v of entity unisim.LUT6 [\LUT6(init="00001000000010000000...]
Compiling architecture lut5_v of entity unisim.LUT5 [\LUT5(init="11001100111111111100...]
Compiling architecture lut4_v of entity unisim.LUT4 [\LUT4(init="1101010101010101")(0...]
Compiling architecture lut3_v of entity unisim.LUT3 [\LUT3(init="01010100")(0,7)\]
Compiling architecture lut4_v of entity unisim.LUT4 [\LUT4(init="1110000011110000")(0...]
Compiling architecture lut3_v of entity unisim.LUT3 [\LUT3(init="10101011")(0,7)\]
Compiling architecture lut3_v of entity unisim.LUT3 [\LUT3(init="00100011")(0,7)\]
Compiling architecture lut4_v of entity unisim.LUT4 [\LUT4(init="1000011101111000")(0...]
Compiling architecture lut6_v of entity unisim.LUT6 [\LUT6(init="11111111111111111111...]
Compiling architecture lut6_v of entity unisim.LUT6 [\LUT6(init="00000000111111110000...]
Compiling architecture lut3_v of entity unisim.LUT3 [\LUT3(init="10110000")(0,7)\]
Compiling architecture lut5_v of entity unisim.LUT5 [\LUT5(init="00000000000000001111...]
Compiling architecture lut4_v of entity unisim.LUT4 [\LUT4(init="1000110000001100")(0...]
Compiling architecture lut4_v of entity unisim.LUT4 [\LUT4(init="0000000011111110")(0...]
Compiling architecture lut5_v of entity unisim.LUT5 [\LUT5(init="00000000000101111111...]
Compiling architecture lut4_v of entity unisim.LUT4 [\LUT4(init="0000000000011100")(0...]
Compiling architecture lut6_v of entity unisim.LUT6 [\LUT6(init="11111111111111111111...]
Compiling architecture lut6_v of entity unisim.LUT6 [\LUT6(init="11111101111111011111...]
Compiling architecture lut4_v of entity unisim.LUT4 [\LUT4(init="0000010111101101")(0...]
Compiling architecture lut6_v of entity unisim.LUT6 [\LUT6(init="00000000000000000000...]
Compiling architecture lut6_v of entity unisim.LUT6 [\LUT6(init="00000000000000000000...]
Compiling architecture lut6_v of entity unisim.LUT6 [\LUT6(init="00000000000000000000...]
Compiling architecture lut6_v of entity unisim.LUT6 [\LUT6(init="00000000000010000000...]
Compiling architecture lut5_v of entity unisim.LUT5 [\LUT5(init="00001111000111110000...]
Compiling architecture lut5_v of entity unisim.LUT5 [\LUT5(init="01000100001000110010...]
Compiling architecture lut5_v of entity unisim.LUT5 [\LUT5(init="11011101111100001101...]
Compiling architecture lut4_v of entity unisim.LUT4 [\LUT4(init="0000110100111101")(0...]
Compiling architecture lut6_v of entity unisim.LUT6 [\LUT6(init="11110011111100111111...]
Compiling architecture lut5_v of entity unisim.LUT5 [\LUT5(init="00000000000000001111...]
Compiling architecture lut6_v of entity unisim.LUT6 [\LUT6(init="00000000000000000000...]
Compiling architecture lut5_v of entity unisim.LUT5 [\LUT5(init="11111111111010000000...]
Compiling architecture lut5_v of entity unisim.LUT5 [\LUT5(init="11111110111110000000...]
Compiling architecture lut6_v of entity unisim.LUT6 [\LUT6(init="11111111111111111111...]
Compiling architecture lut6_v of entity unisim.LUT6 [\LUT6(init="11111111111111111111...]
Compiling architecture lut5_v of entity unisim.LUT5 [\LUT5(init="11111111111111111111...]
Compiling architecture lut4_v of entity unisim.LUT4 [\LUT4(init="1111100010001000")(0...]
Compiling architecture lut6_v of entity unisim.LUT6 [\LUT6(init="11111111111111111111...]
Compiling architecture lut5_v of entity unisim.LUT5 [\LUT5(init="00010001000100000001...]
Compiling architecture lut5_v of entity unisim.LUT5 [\LUT5(init="01010111010101110101...]
Compiling architecture lut5_v of entity unisim.LUT5 [\LUT5(init="11111111111111111110...]
Compiling architecture lut5_v of entity unisim.LUT5 [\LUT5(init="00000000000001000000...]
Compiling architecture lut6_v of entity unisim.LUT6 [\LUT6(init="11111111111111111010...]
Compiling architecture lut5_v of entity unisim.LUT5 [\LUT5(init="00011111000100000001...]
Compiling architecture lut6_v of entity unisim.LUT6 [\LUT6(init="00000000111000101111...]
Compiling architecture lut6_v of entity unisim.LUT6 [\LUT6(init="00000000000000001111...]
Compiling architecture lut5_v of entity unisim.LUT5 [\LUT5(init="11111101111111110101...]
Compiling architecture lut5_v of entity unisim.LUT5 [\LUT5(init="11111110111111100000...]
Compiling architecture lut5_v of entity unisim.LUT5 [\LUT5(init="10101010101010101011...]
Compiling architecture lut4_v of entity unisim.LUT4 [\LUT4(init="0011001100110101")(0...]
Compiling architecture lut3_v of entity unisim.LUT3 [\LUT3(init="10101001")(0,7)\]
Compiling architecture structure of entity xil_defaultlib.xxv_ethernet_0_x_ethernet_v2_0_mac_tx_pause_proc [xxv_ethernet_0_x_ethernet_v2_0_m...]
Compiling architecture lut6_v of entity unisim.LUT6 [\LUT6(init="10111000000000001011...]
Compiling architecture lut6_v of entity unisim.LUT6 [\LUT6(init="10001000100010001000...]
Compiling architecture lut5_v of entity unisim.LUT5 [\LUT5(init="10100000101000001100...]
Compiling architecture lut6_v of entity unisim.LUT6 [\LUT6(init="00110000000000000011...]
Compiling architecture lut6_v of entity unisim.LUT6 [\LUT6(init="00000000000000000000...]
Compiling architecture lut5_v of entity unisim.LUT5 [\LUT5(init="00000000000000000100...]
Compiling architecture lut5_v of entity unisim.LUT5 [\LUT5(init="00000000000000000000...]
Compiling architecture lut6_v of entity unisim.LUT6 [\LUT6(init="10001000100010111111...]
Compiling architecture lut4_v of entity unisim.LUT4 [\LUT4(init="0000000000010000")(0...]
Compiling architecture lut6_v of entity unisim.LUT6 [\LUT6(init="00000000000000000000...]
Compiling architecture lut6_v of entity unisim.LUT6 [\LUT6(init="11111111111111111111...]
Compiling architecture lut6_v of entity unisim.LUT6 [\LUT6(init="10000000111111111000...]
Compiling architecture lut6_v of entity unisim.LUT6 [\LUT6(init="10101100111011001110...]
Compiling architecture lut4_v of entity unisim.LUT4 [\LUT4(init="1000100010111000")(0...]
Compiling architecture lut6_v of entity unisim.LUT6 [\LUT6(init="11110111000101011111...]
Compiling architecture lut6_v of entity unisim.LUT6 [\LUT6(init="11110001111100011111...]
Compiling architecture lut6_v of entity unisim.LUT6 [\LUT6(init="11111111111111111111...]
Compiling architecture lut5_v of entity unisim.LUT5 [\LUT5(init="00000100111111110000...]
Compiling architecture lut6_v of entity unisim.LUT6 [\LUT6(init="11111111111111111111...]
Compiling architecture lut5_v of entity unisim.LUT5 [\LUT5(init="01000100010001000100...]
Compiling architecture lut5_v of entity unisim.LUT5 [\LUT5(init="00010001000100010001...]
Compiling architecture lut6_v of entity unisim.LUT6 [\LUT6(init="11111111111111111111...]
Compiling architecture lut5_v of entity unisim.LUT5 [\LUT5(init="00000100000001000000...]
Compiling architecture lut6_v of entity unisim.LUT6 [\LUT6(init="11111111010000000100...]
Compiling architecture lut6_v of entity unisim.LUT6 [\LUT6(init="01000100010001000100...]
Compiling architecture lut6_v of entity unisim.LUT6 [\LUT6(init="10101111000011111100...]
Compiling architecture lut6_v of entity unisim.LUT6 [\LUT6(init="10101111111111111010...]
Compiling architecture lut6_v of entity unisim.LUT6 [\LUT6(init="01000000111111110100...]
Compiling architecture lut6_v of entity unisim.LUT6 [\LUT6(init="10001000100010000000...]
Compiling architecture lut4_v of entity unisim.LUT4 [\LUT4(init="0111111101000000")(0...]
Compiling architecture lut6_v of entity unisim.LUT6 [\LUT6(init="01000100010001000000...]
Compiling architecture lut4_v of entity unisim.LUT4 [\LUT4(init="1000000010111111")(0...]
Compiling architecture lut5_v of entity unisim.LUT5 [\LUT5(init="01010101011101010011...]
Compiling architecture lut5_v of entity unisim.LUT5 [\LUT5(init="11100010111111111111...]
Compiling architecture lut5_v of entity unisim.LUT5 [\LUT5(init="11010001111111111111...]
Compiling architecture lut6_v of entity unisim.LUT6 [\LUT6(init="10000000000000001000...]
Compiling architecture lut6_v of entity unisim.LUT6 [\LUT6(init="11111111111111110000...]
Compiling architecture lut6_v of entity unisim.LUT6 [\LUT6(init="01000000000000000100...]
Compiling architecture lut6_v of entity unisim.LUT6 [\LUT6(init="01000100010001110100...]
Compiling architecture lut6_v of entity unisim.LUT6 [\LUT6(init="11111111111111111111...]
Compiling architecture lut6_v of entity unisim.LUT6 [\LUT6(init="10000000100000001000...]
Compiling architecture lut6_v of entity unisim.LUT6 [\LUT6(init="11111011000010001111...]
Compiling architecture lut6_v of entity unisim.LUT6 [\LUT6(init="10101110101011101010...]
Compiling architecture lut6_v of entity unisim.LUT6 [\LUT6(init="00000000000010000000...]
Compiling architecture lut5_v of entity unisim.LUT5 [\LUT5(init="11101110111011111010...]
Compiling architecture lut6_v of entity unisim.LUT6 [\LUT6(init="01010000010111110011...]
Compiling architecture lut6_v of entity unisim.LUT6 [\LUT6(init="00000000010000000000...]
Compiling architecture lut6_v of entity unisim.LUT6 [\LUT6(init="00000000000000000000...]
Compiling architecture lut5_v of entity unisim.LUT5 [\LUT5(init="11111111111111111111...]
Compiling architecture lut6_v of entity unisim.LUT6 [\LUT6(init="11111111101110000000...]
Compiling architecture lut6_v of entity unisim.LUT6 [\LUT6(init="11111111000000000000...]
Compiling architecture lut6_v of entity unisim.LUT6 [\LUT6(init="00000000111111110000...]
Compiling architecture lut6_v of entity unisim.LUT6 [\LUT6(init="01001111010000000100...]
Compiling architecture lut4_v of entity unisim.LUT4 [\LUT4(init="1010001100110011")(0...]
Compiling architecture lut4_v of entity unisim.LUT4 [\LUT4(init="0101001100110011")(0...]
Compiling architecture lut5_v of entity unisim.LUT5 [\LUT5(init="10111000101110111011...]
Compiling architecture lut6_v of entity unisim.LUT6 [\LUT6(init="00000000101000000000...]
Compiling architecture lut5_v of entity unisim.LUT5 [\LUT5(init="00000000111001001111...]
Compiling architecture lut6_v of entity unisim.LUT6 [\LUT6(init="11111111111100110111...]
Compiling architecture lut5_v of entity unisim.LUT5 [\LUT5(init="00000000111111111011...]
Compiling architecture lut6_v of entity unisim.LUT6 [\LUT6(init="11111111111100111011...]
Compiling architecture lut4_v of entity unisim.LUT4 [\LUT4(init="1011111110000000")(0...]
Compiling architecture lut5_v of entity unisim.LUT5 [\LUT5(init="11111111000000001110...]
Compiling architecture lut5_v of entity unisim.LUT5 [\LUT5(init="11111111101110000000...]
Compiling architecture lut6_v of entity unisim.LUT6 [\LUT6(init="10100000101000001010...]
Compiling architecture lut6_v of entity unisim.LUT6 [\LUT6(init="10101111101011111010...]
Compiling architecture structure of entity xil_defaultlib.xxv_ethernet_0_x_ethernet_v2_0_mac_xfcs [xxv_ethernet_0_x_ethernet_v2_0_m...]
Compiling architecture structure of entity xil_defaultlib.xxv_ethernet_0_x_ethernet_v2_0_mac_syncer_level [xxv_ethernet_0_x_ethernet_v2_0_m...]
Compiling architecture structure of entity xil_defaultlib.xxv_ethernet_0_x_ethernet_v2_0_mac_syncer_level_1 [xxv_ethernet_0_x_ethernet_v2_0_m...]
Compiling architecture structure of entity xil_defaultlib.xxv_ethernet_0_x_ethernet_v2_0_mac_syncer_level_2 [xxv_ethernet_0_x_ethernet_v2_0_m...]
Compiling architecture structure of entity xil_defaultlib.xxv_ethernet_0_x_ethernet_v2_0_mac_syncer_level_3 [xxv_ethernet_0_x_ethernet_v2_0_m...]
Compiling architecture structure of entity xil_defaultlib.xxv_ethernet_0_x_ethernet_v2_0_mac_syncer_pulse [xxv_ethernet_0_x_ethernet_v2_0_m...]
Compiling architecture lut3_v of entity unisim.LUT3 [\LUT3(init="10001111")(0,7)\]
Compiling architecture lut3_v of entity unisim.LUT3 [\LUT3(init="11100001")(0,7)\]
Compiling architecture lut4_v of entity unisim.LUT4 [\LUT4(init="0110011010010110")(0...]
Compiling architecture lut6_v of entity unisim.LUT6 [\LUT6(init="01101001100101101001...]
Compiling architecture lut6_v of entity unisim.LUT6 [\LUT6(init="01001101000000001111...]
Compiling architecture lut6_v of entity unisim.LUT6 [\LUT6(init="11010100111111110000...]
Compiling architecture lut6_v of entity unisim.LUT6 [\LUT6(init="00000000000000000000...]
Compiling architecture lut6_v of entity unisim.LUT6 [\LUT6(init="11110011111100111111...]
Compiling architecture lut6_v of entity unisim.LUT6 [\LUT6(init="11111111111111111011...]
Compiling architecture lut6_v of entity unisim.LUT6 [\LUT6(init="11111111111111111111...]
Compiling architecture lut4_v of entity unisim.LUT4 [\LUT4(init="1100100011111111")(0...]
Compiling architecture lut5_v of entity unisim.LUT5 [\LUT5(init="11110011101111111111...]
Compiling architecture lut5_v of entity unisim.LUT5 [\LUT5(init="00000000000000000110...]
Compiling architecture lut6_v of entity unisim.LUT6 [\LUT6(init="11001100101000001100...]
Compiling architecture lut5_v of entity unisim.LUT5 [\LUT5(init="00100000000000000011...]
Compiling architecture lut6_v of entity unisim.LUT6 [\LUT6(init="11111111111111110100...]
Compiling architecture lut5_v of entity unisim.LUT5 [\LUT5(init="00000100000000000000...]
Compiling architecture lut5_v of entity unisim.LUT5 [\LUT5(init="11011100110011000000...]
Compiling architecture lut6_v of entity unisim.LUT6 [\LUT6(init="10101010111111111010...]
Compiling architecture lut4_v of entity unisim.LUT4 [\LUT4(init="1010101010000000")(0...]
Compiling architecture lut4_v of entity unisim.LUT4 [\LUT4(init="1010101010111010")(0...]
Compiling architecture lut6_v of entity unisim.LUT6 [\LUT6(init="11111111111111110100...]
Compiling architecture lut3_v of entity unisim.LUT3 [\LUT3(init="00010101")(0,7)\]
Compiling architecture lut5_v of entity unisim.LUT5 [\LUT5(init="00000000000000000100...]
Compiling architecture lut6_v of entity unisim.LUT6 [\LUT6(init="11111111111111111111...]
Compiling architecture lut6_v of entity unisim.LUT6 [\LUT6(init="00000000000000000000...]
Compiling architecture lut5_v of entity unisim.LUT5 [\LUT5(init="10001000100010111000...]
Compiling architecture lut6_v of entity unisim.LUT6 [\LUT6(init="00000000000000000000...]
Compiling architecture lut5_v of entity unisim.LUT5 [\LUT5(init="01101111111111110110...]
Compiling architecture lut4_v of entity unisim.LUT4 [\LUT4(init="0011101000001010")(0...]
Compiling architecture lut5_v of entity unisim.LUT5 [\LUT5(init="01101010101010011010...]
Compiling architecture lut6_v of entity unisim.LUT6 [\LUT6(init="10111111000010111111...]
Compiling architecture lut4_v of entity unisim.LUT4 [\LUT4(init="0110100100111100")(0...]
Compiling architecture lut6_v of entity unisim.LUT6 [\LUT6(init="11111111111111110010...]
Compiling architecture lut6_v of entity unisim.LUT6 [\LUT6(init="00000000000001000000...]
Compiling architecture lut5_v of entity unisim.LUT5 [\LUT5(init="00000001000000000000...]
Compiling architecture lut6_v of entity unisim.LUT6 [\LUT6(init="11111111111111111111...]
Compiling architecture lut4_v of entity unisim.LUT4 [\LUT4(init="1111111110111000")(0...]
Compiling architecture lut6_v of entity unisim.LUT6 [\LUT6(init="00000000000000000000...]
Compiling architecture lut6_v of entity unisim.LUT6 [\LUT6(init="10001000111110001000...]
Compiling architecture lut6_v of entity unisim.LUT6 [\LUT6(init="11111111111111111111...]
Compiling architecture lut6_v of entity unisim.LUT6 [\LUT6(init="11111111111111111111...]
Compiling architecture lut6_v of entity unisim.LUT6 [\LUT6(init="10101010101010101010...]
Compiling architecture lut6_v of entity unisim.LUT6 [\LUT6(init="10111111101100111010...]
Compiling architecture lut6_v of entity unisim.LUT6 [\LUT6(init="11110100010001001111...]
Compiling architecture lut6_v of entity unisim.LUT6 [\LUT6(init="01000100111101000100...]
Compiling architecture lut4_v of entity unisim.LUT4 [\LUT4(init="0000000000000111")(0...]
Compiling architecture lut6_v of entity unisim.LUT6 [\LUT6(init="10101010101010101010...]
Compiling architecture lut6_v of entity unisim.LUT6 [\LUT6(init="11111111111111111111...]
Compiling architecture lut6_v of entity unisim.LUT6 [\LUT6(init="10101010101010101010...]
Compiling architecture lut5_v of entity unisim.LUT5 [\LUT5(init="11111111111111111111...]
Compiling architecture lut6_v of entity unisim.LUT6 [\LUT6(init="00010001000000010001...]
Compiling architecture lut6_v of entity unisim.LUT6 [\LUT6(init="11110000111100001111...]
Compiling architecture lut5_v of entity unisim.LUT5 [\LUT5(init="00000101001111111111...]
Compiling architecture lut4_v of entity unisim.LUT4 [\LUT4(init="0000000001010100")(0...]
Compiling architecture lut6_v of entity unisim.LUT6 [\LUT6(init="10101010101010101010...]
Compiling architecture lut6_v of entity unisim.LUT6 [\LUT6(init="11111111111111111110...]
Compiling architecture lut6_v of entity unisim.LUT6 [\LUT6(init="10101010101010101010...]
Compiling architecture lut6_v of entity unisim.LUT6 [\LUT6(init="11111111111111111100...]
Compiling architecture lut6_v of entity unisim.LUT6 [\LUT6(init="11111000111110001111...]
Compiling architecture lut4_v of entity unisim.LUT4 [\LUT4(init="1111111111001011")(0...]
Compiling architecture lut6_v of entity unisim.LUT6 [\LUT6(init="00000100000001000000...]
Compiling architecture lut6_v of entity unisim.LUT6 [\LUT6(init="11111111111111111111...]
Compiling architecture lut6_v of entity unisim.LUT6 [\LUT6(init="00000000000000000000...]
Compiling architecture lut6_v of entity unisim.LUT6 [\LUT6(init="11111111111110101111...]
Compiling architecture lut5_v of entity unisim.LUT5 [\LUT5(init="00000000000000000000...]
Compiling architecture lut6_v of entity unisim.LUT6 [\LUT6(init="00000000000000000000...]
Compiling architecture lut4_v of entity unisim.LUT4 [\LUT4(init="0000000010101100")(0...]
Compiling architecture lut6_v of entity unisim.LUT6 [\LUT6(init="11111111111111110100...]
Compiling architecture lut6_v of entity unisim.LUT6 [\LUT6(init="11110100111111111111...]
Compiling architecture lut6_v of entity unisim.LUT6 [\LUT6(init="11111111111111111111...]
Compiling architecture lut5_v of entity unisim.LUT5 [\LUT5(init="11110100111101001111...]
Compiling architecture lut6_v of entity unisim.LUT6 [\LUT6(init="00000000000000000000...]
Compiling architecture lut6_v of entity unisim.LUT6 [\LUT6(init="11111111111111110000...]
Compiling architecture lut6_v of entity unisim.LUT6 [\LUT6(init="11110000010001001111...]
Compiling architecture lut5_v of entity unisim.LUT5 [\LUT5(init="11111111110000001110...]
Compiling architecture lut5_v of entity unisim.LUT5 [\LUT5(init="11111111110010101100...]
Compiling architecture lut5_v of entity unisim.LUT5 [\LUT5(init="11111111111000101100...]
Compiling architecture lut5_v of entity unisim.LUT5 [\LUT5(init="00000000000000000000...]
Compiling architecture lut6_v of entity unisim.LUT6 [\LUT6(init="00000000000000000000...]
Compiling architecture lut6_v of entity unisim.LUT6 [\LUT6(init="11111111111111111111...]
Compiling architecture lut6_v of entity unisim.LUT6 [\LUT6(init="11111111111111111111...]
Compiling architecture lut4_v of entity unisim.LUT4 [\LUT4(init="0101011010100110")(0...]
Compiling architecture lut5_v of entity unisim.LUT5 [\LUT5(init="11111111111111100000...]
Compiling architecture lut6_v of entity unisim.LUT6 [\LUT6(init="11111111111111111111...]
Compiling architecture lut6_v of entity unisim.LUT6 [\LUT6(init="11111111111111111110...]
Compiling architecture lut6_v of entity unisim.LUT6 [\LUT6(init="10101010101010101010...]
Compiling architecture lut5_v of entity unisim.LUT5 [\LUT5(init="00000000000000000010...]
Compiling architecture lut3_v of entity unisim.LUT3 [\LUT3(init="00111001")(0,7)\]
Compiling architecture lut5_v of entity unisim.LUT5 [\LUT5(init="10011100001101101001...]
Compiling architecture lut6_v of entity unisim.LUT6 [\LUT6(init="10101010101010101011...]
Compiling architecture lut6_v of entity unisim.LUT6 [\LUT6(init="10101011111111111111...]
Compiling architecture lut3_v of entity unisim.LUT3 [\LUT3(init="10001001")(0,7)\]
Compiling architecture lut4_v of entity unisim.LUT4 [\LUT4(init="1111101010101011")(0...]
Compiling architecture lut5_v of entity unisim.LUT5 [\LUT5(init="00101000100000011000...]
Compiling architecture lut5_v of entity unisim.LUT5 [\LUT5(init="10001111000000001000...]
Compiling architecture lut6_v of entity unisim.LUT6 [\LUT6(init="10010110100110011001...]
Compiling architecture lut5_v of entity unisim.LUT5 [\LUT5(init="11101110111110101111...]
Compiling architecture lut6_v of entity unisim.LUT6 [\LUT6(init="11111111111111001111...]
Compiling architecture structure of entity xil_defaultlib.xxv_ethernet_0_x_ethernet_v2_0_mac_tx_lbus_adapter [xxv_ethernet_0_x_ethernet_v2_0_m...]
Compiling architecture lut6_v of entity unisim.LUT6 [\LUT6(init="10001111111111111111...]
Compiling architecture lut6_v of entity unisim.LUT6 [\LUT6(init="00000000000000000000...]
Compiling architecture lut3_v of entity unisim.LUT3 [\LUT3(init="00010000")(0,7)\]
Compiling architecture lut5_v of entity unisim.LUT5 [\LUT5(init="00000000000010100000...]
Compiling architecture lut4_v of entity unisim.LUT4 [\LUT4(init="1111000011100000")(0...]
Compiling architecture lut6_v of entity unisim.LUT6 [\LUT6(init="00000000000000001111...]
Compiling architecture lut6_v of entity unisim.LUT6 [\LUT6(init="11111111111111110011...]
Compiling architecture lut6_v of entity unisim.LUT6 [\LUT6(init="11111111111111110010...]
Compiling architecture lut5_v of entity unisim.LUT5 [\LUT5(init="11111111111111100000...]
Compiling architecture lut6_v of entity unisim.LUT6 [\LUT6(init="11111111111111110000...]
Compiling architecture lut6_v of entity unisim.LUT6 [\LUT6(init="00000000000001000000...]
Compiling architecture lut6_v of entity unisim.LUT6 [\LUT6(init="01000100111101000100...]
Compiling architecture lut6_v of entity unisim.LUT6 [\LUT6(init="11111110111111101111...]
Compiling architecture lut6_v of entity unisim.LUT6 [\LUT6(init="00000000000000000000...]
Compiling architecture lut4_v of entity unisim.LUT4 [\LUT4(init="1111111011101110")(0...]
Compiling architecture lut6_v of entity unisim.LUT6 [\LUT6(init="00000000000000000000...]
Compiling architecture lut5_v of entity unisim.LUT5 [\LUT5(init="11111111111111111010...]
Compiling architecture lut3_v of entity unisim.LUT3 [\LUT3(init="00101000")(0,7)\]
Compiling architecture lut4_v of entity unisim.LUT4 [\LUT4(init="1101110111011111")(0...]
Compiling architecture lut5_v of entity unisim.LUT5 [\LUT5(init="11100001111111110001...]
Compiling architecture lut6_v of entity unisim.LUT6 [\LUT6(init="10101010101010100000...]
Compiling architecture lut5_v of entity unisim.LUT5 [\LUT5(init="11100000111111100001...]
Compiling architecture lut6_v of entity unisim.LUT6 [\LUT6(init="11111111111111111111...]
Compiling architecture structure of entity xil_defaultlib.xxv_ethernet_0_x_ethernet_v2_0_mac_tx_stats [xxv_ethernet_0_x_ethernet_v2_0_m...]
Compiling architecture lut5_v of entity unisim.LUT5 [\LUT5(init="11010000110000001111...]
Compiling architecture lut6_v of entity unisim.LUT6 [\LUT6(init="11111111111111111000...]
Compiling architecture lut5_v of entity unisim.LUT5 [\LUT5(init="00000010111111110000...]
Compiling architecture structure of entity xil_defaultlib.xxv_ethernet_0_x_ethernet_v2_0_mac_tx_top [xxv_ethernet_0_x_ethernet_v2_0_m...]
Compiling architecture structure of entity xil_defaultlib.xxv_ethernet_0_xxv_ethernet_v5_0_2_mac_hsec_cores [xxv_ethernet_0_xxv_ethernet_v5_0...]
Compiling architecture structure of entity xil_defaultlib.xxv_ethernet_0_mac_only64_syncer_reset [xxv_ethernet_0_mac_only64_syncer...]
Compiling architecture structure of entity xil_defaultlib.xxv_ethernet_0_mac_only64_syncer_reset_0 [xxv_ethernet_0_mac_only64_syncer...]
Compiling architecture structure of entity xil_defaultlib.xxv_ethernet_0_top [xxv_ethernet_0_top_default]
Compiling architecture structure of entity xil_defaultlib.xxv_ethernet_0_wrapper [xxv_ethernet_0_wrapper_default]
Compiling architecture structure of entity xil_defaultlib.xxv_ethernet_0 [xxv_ethernet_0_default]
Compiling module xil_defaultlib.xxv_ethernet_0_user_cdc_sync
Compiling module xil_defaultlib.xxv_ethernet_0_cdc_sync_2stage(W...
Compiling module xil_defaultlib.xxv_ethernet_0_cdc_sync_2stage(W...
Compiling module xil_defaultlib.xxv_ethernet_0_cdc_sync_2stage
Compiling module xil_defaultlib.xxv_ethernet_0_example_fsm_axis
Compiling module xil_defaultlib.xxv_ethernet_0_pktprbs_gen_defau...
Compiling module xil_defaultlib.xxv_ethernet_0_pkt_len_gen_defau...
Compiling module xil_defaultlib.xxv_ethernet_0_axis_pkt_gen_defa...
Compiling module xil_defaultlib.xxv_ethernet_0_axis_pkt_mon
Compiling module xil_defaultlib.xxv_ethernet_0_buf(IS_0_LATENCY=...
Compiling module xil_defaultlib.xxv_ethernet_0_traf_chk1
Compiling module xil_defaultlib.xxv_ethernet_0_traf_data_chk_def...
Compiling module xil_defaultlib.xxv_ethernet_0_axis_traffic_gen_...
Compiling module xil_defaultlib.xxv_ethernet_0_pkt_gen_mon
Compiling module xil_defaultlib.xxv_ethernet_0_exdes
Compiling module xil_defaultlib.xxv_ethernet_0_exdes_tb
Compiling module xil_defaultlib.glbl
Built simulation snapshot xxv_ethernet_0_exdes_tb_behav
