INFO: [VRFC 10-163] Analyzing VHDL file "c:/Users/lskje/Desktop/FPGA_Orderbook/xxv_ethernet_0_ex/xxv_ethernet_0_ex.gen/sources_1/ip/xxv_ethernet_0/xxv_ethernet_0_sim_netlist.vhdl" into library xil_defaultlib
INFO: [VRFC 10-3107] analyzing entity 'xxv_ethernet_0_mac_only64_syncer_reset'
INFO: [VRFC 10-3107] analyzing entity 'xxv_ethernet_0_mac_only64_syncer_reset_0'
INFO: [VRFC 10-3107] analyzing entity 'xxv_ethernet_0_shared_clocking'
INFO: [VRFC 10-3107] analyzing entity 'xxv_ethernet_0_xgmii_if'
INFO: [VRFC 10-3107] analyzing entity 'xxv_ethernet_0_x_ethernet_v2_0_mac_fcs_64_full'
INFO: [VRFC 10-3107] analyzing entity 'xxv_ethernet_0_x_ethernet_v2_0_mac_ftype_parser'
INFO: [VRFC 10-3107] analyzing entity 'xxv_ethernet_0_x_ethernet_v2_0_mac_pause_parser'
INFO: [VRFC 10-3107] analyzing entity 'xxv_ethernet_0_x_ethernet_v2_0_mac_reset_flop'
INFO: [VRFC 10-3107] analyzing entity 'xxv_ethernet_0_x_ethernet_v2_0_mac_reset_flop_4'
INFO: [VRFC 10-3107] analyzing entity 'xxv_ethernet_0_x_ethernet_v2_0_mac_reset_flop_5'
INFO: [VRFC 10-3107] analyzing entity 'xxv_ethernet_0_x_ethernet_v2_0_mac_reset_flop_6'
INFO: [VRFC 10-3107] analyzing entity 'xxv_ethernet_0_x_ethernet_v2_0_mac_rx_axis_adapter'
INFO: [VRFC 10-3107] analyzing entity 'xxv_ethernet_0_x_ethernet_v2_0_mac_rx_delete_fcs'
INFO: [VRFC 10-3107] analyzing entity 'xxv_ethernet_0_x_ethernet_v2_0_mac_rx_gfifo_RAM_C2_P1_W72_D8_FL'
INFO: [VRFC 10-3107] analyzing entity 'xxv_ethernet_0_x_ethernet_v2_0_mac_rx_stats'
INFO: [VRFC 10-3107] analyzing entity 'xxv_ethernet_0_x_ethernet_v2_0_mac_syncer_level'
INFO: [VRFC 10-3107] analyzing entity 'xxv_ethernet_0_x_ethernet_v2_0_mac_syncer_level_1'
INFO: [VRFC 10-3107] analyzing entity 'xxv_ethernet_0_x_ethernet_v2_0_mac_syncer_level_2'
INFO: [VRFC 10-3107] analyzing entity 'xxv_ethernet_0_x_ethernet_v2_0_mac_syncer_level_3'
INFO: [VRFC 10-3107] analyzing entity '\xxv_ethernet_0_x_ethernet_v2_0_mac_syncer_level__parameterized0\'
INFO: [VRFC 10-3107] analyzing entity '\xxv_ethernet_0_x_ethernet_v2_0_mac_syncer_level__parameterized0_8\'
INFO: [VRFC 10-3107] analyzing entity '\xxv_ethernet_0_x_ethernet_v2_0_mac_syncer_level__parameterized1\'
INFO: [VRFC 10-3107] analyzing entity '\xxv_ethernet_0_x_ethernet_v2_0_mac_syncer_level__parameterized2\'
INFO: [VRFC 10-3107] analyzing entity 'xxv_ethernet_0_x_ethernet_v2_0_mac_syncer_reset'
INFO: [VRFC 10-3107] analyzing entity 'xxv_ethernet_0_x_ethernet_v2_0_mac_syncer_reset_7'
INFO: [VRFC 10-3107] analyzing entity 'xxv_ethernet_0_x_ethernet_v2_0_mac_tx_gfifo_RAM_C2_P1_W72_D32_FL'
INFO: [VRFC 10-3107] analyzing entity 'xxv_ethernet_0_x_ethernet_v2_0_mac_tx_pause_proc'
INFO: [VRFC 10-3107] analyzing entity 'xxv_ethernet_0_x_ethernet_v2_0_mac_tx_stats'
INFO: [VRFC 10-3107] analyzing entity 'xxv_ethernet_0_x_ethernet_v2_0_mac_xfcs'
INFO: [VRFC 10-3107] analyzing entity 'xxv_ethernet_0_x_ethernet_v2_0_mac_rx_fcs'
INFO: [VRFC 10-3107] analyzing entity 'xxv_ethernet_0_x_ethernet_v2_0_mac_rx_gmii_fifo'
INFO: [VRFC 10-3107] analyzing entity 'xxv_ethernet_0_x_ethernet_v2_0_mac_syncer_pulse'
INFO: [VRFC 10-3107] analyzing entity 'xxv_ethernet_0_x_ethernet_v2_0_mac_tx_gmii_fifo'
INFO: [VRFC 10-3107] analyzing entity 'xxv_ethernet_0_x_ethernet_v2_0_mac_rx_gmii_adapter'
INFO: [VRFC 10-3107] analyzing entity 'xxv_ethernet_0_x_ethernet_v2_0_mac_tx_gmii_adapter'
INFO: [VRFC 10-3107] analyzing entity 'xxv_ethernet_0_x_ethernet_v2_0_mac_tx_lbus_adapter'
INFO: [VRFC 10-3107] analyzing entity 'xxv_ethernet_0_x_ethernet_v2_0_mac_rx_top'
INFO: [VRFC 10-3107] analyzing entity 'xxv_ethernet_0_x_ethernet_v2_0_mac_tx_top'
INFO: [VRFC 10-3107] analyzing entity 'xxv_ethernet_0_xxv_ethernet_v5_0_2_mac_hsec_cores'
INFO: [VRFC 10-3107] analyzing entity 'xxv_ethernet_0_top'
INFO: [VRFC 10-3107] analyzing entity 'xxv_ethernet_0_wrapper'
INFO: [VRFC 10-3107] analyzing entity 'xxv_ethernet_0'
