Copyright 1986-2022 Xilinx, Inc. All Rights Reserved. Copyright 2022-2025 Advanced Micro Devices, Inc. All Rights Reserved.
---------------------------------------------------------------------------------------------------------------------------------------------
| Tool Version : Vivado v.2025.2 (win64) Build 6299465 Fri Nov 14 19:35:11 GMT 2025
| Date         : Mon Aug  3 18:31:54 2026
| Host         : DESKTOP-MB4FOM3 running 64-bit major release  (build 9200)
| Command      : report_utilization -file xxv_ethernet_0_exdes_utilization_synth.rpt -pb xxv_ethernet_0_exdes_utilization_synth.pb
| Design       : xxv_ethernet_0_exdes
| Device       : xcu26-vsva1365-2LV-e
| Speed File   : -2LV
| Design State : Synthesized
---------------------------------------------------------------------------------------------------------------------------------------------

Utilization Design Information

Table of Contents
-----------------
1. CLB Logic
1.1 Summary of Registers by Type
2. BLOCKRAM
3. ARITHMETIC
4. I/O
5. CLOCK
6. ADVANCED
7. CONFIGURATION
8. Primitives
9. Black Boxes
10. Instantiated Netlists

1. CLB Logic
------------

+-------------------------+------+-------+------------+-----------+-------+
|        Site Type        | Used | Fixed | Prohibited | Available | Util% |
+-------------------------+------+-------+------------+-----------+-------+
| CLB LUTs*               | 1686 |     0 |          0 |   1029600 |  0.16 |
|   LUT as Logic          | 1686 |     0 |          0 |   1029600 |  0.16 |
|   LUT as Memory         |    0 |     0 |          0 |    232320 |  0.00 |
| CLB Registers           | 2558 |     0 |          0 |   2059200 |  0.12 |
|   Register as Flip Flop | 2558 |     0 |          0 |   2059200 |  0.12 |
|   Register as Latch     |    0 |     0 |          0 |   2059200 |  0.00 |
| CARRY8                  |   95 |     0 |          0 |    128700 |  0.07 |
| F7 Muxes                |    8 |     0 |          0 |    514800 | <0.01 |
| F8 Muxes                |    0 |     0 |          0 |    257400 |  0.00 |
| F9 Muxes                |    0 |     0 |          0 |    128700 |  0.00 |
| Unique Control Sets     |   43 |       |          0 |    257400 |  0.02 |
+-------------------------+------+-------+------------+-----------+-------+
* Warning! The Final LUT count, after physical optimizations and full implementation, is typically lower. Run opt_design after synthesis, if not already completed, for a more realistic count.
Warning! LUT value is adjusted to account for LUT combining.
Warning! For any ECO changes, please run place_design if there are unplaced instances
** Note: Available Control Sets calculated as Slices * 2, Review the Control Sets Report for more information regarding control sets.


1.1 Summary of Registers by Type
--------------------------------

+-------+--------------+-------------+--------------+
| Total | Clock Enable | Synchronous | Asynchronous |
+-------+--------------+-------------+--------------+
| 0     |            _ |           - |            - |
| 0     |            _ |           - |          Set |
| 0     |            _ |           - |        Reset |
| 0     |            _ |         Set |            - |
| 0     |            _ |       Reset |            - |
| 0     |          Yes |           - |            - |
| 57    |          Yes |           - |          Set |
| 753   |          Yes |           - |        Reset |
| 236   |          Yes |         Set |            - |
| 1512  |          Yes |       Reset |            - |
+-------+--------------+-------------+--------------+


2. BLOCKRAM
-----------

+----------------+------+-------+------------+-----------+-------+
|    Site Type   | Used | Fixed | Prohibited | Available | Util% |
+----------------+------+-------+------------+-----------+-------+
| Block RAM Tile |    0 |     0 |          0 |      2112 |  0.00 |
|   RAMB36/FIFO* |    0 |     0 |          0 |      2112 |  0.00 |
|   RAMB18       |    0 |     0 |          0 |      4224 |  0.00 |
| URAM           |    0 |     0 |          0 |       352 |  0.00 |
+----------------+------+-------+------------+-----------+-------+
* Note: Each Block RAM Tile only has one FIFO logic available and therefore can accommodate only one FIFO36E2 or one FIFO18E2. However, if a FIFO18E2 occupies a Block RAM Tile, that tile can still accommodate a RAMB18E2


3. ARITHMETIC
-------------

+-----------+------+-------+------------+-----------+-------+
| Site Type | Used | Fixed | Prohibited | Available | Util% |
+-----------+------+-------+------------+-----------+-------+
| DSPs      |    0 |     0 |          0 |      1320 |  0.00 |
+-----------+------+-------+------------+-----------+-------+


4. I/O
------

+------------------+------+-------+------------+-----------+-------+
|     Site Type    | Used | Fixed | Prohibited | Available | Util% |
+------------------+------+-------+------------+-----------+-------+
| Bonded IOB       |   82 |     0 |          0 |       364 | 22.53 |
|   HPIOB_M        |    0 |     0 |          0 |       168 |  0.00 |
|   HPIOB_S        |    0 |     0 |          0 |       168 |  0.00 |
|   HPIOB_SNGL     |    0 |     0 |          0 |        28 |  0.00 |
| HPIOBDIFFINBUF   |    0 |     0 |          0 |       264 |  0.00 |
| HPIOBDIFFOUTBUF  |    0 |     0 |          0 |       264 |  0.00 |
| HDIOBDIFFINBUF   |    0 |     0 |          0 |        36 |  0.00 |
| BITSLICE_CONTROL |    0 |     0 |          0 |        88 |  0.00 |
| BITSLICE_RX_TX   |    0 |     0 |          0 |      3432 |  0.00 |
| BITSLICE_TX      |    0 |     0 |          0 |        88 |  0.00 |
| RIU_OR           |    0 |     0 |          0 |        44 |  0.00 |
+------------------+------+-------+------------+-----------+-------+


5. CLOCK
--------

+------------+------+-------+------------+-----------+-------+
|  Site Type | Used | Fixed | Prohibited | Available | Util% |
+------------+------+-------+------------+-----------+-------+
| BUFGCE     |    2 |     0 |          0 |       276 |  0.72 |
| BUFGCE_DIV |    0 |     0 |          0 |        44 |  0.00 |
| BUFG_GT    |    0 |     0 |          0 |       264 |  0.00 |
| BUFGCTRL*  |    0 |     0 |          0 |        88 |  0.00 |
| PLL        |    0 |     0 |          0 |        22 |  0.00 |
| MMCM       |    0 |     0 |          0 |        11 |  0.00 |
+------------+------+-------+------------+-----------+-------+
* Note: Each used BUFGCTRL counts as two GLOBAL CLOCK BUFFERs. This table does not include global clocking resources, only buffer cell usage. See the Clock Utilization Report (report_clock_utilization) for detailed accounting of global clocking resource availability.


6. ADVANCED
-----------

+-----------------+------+-------+------------+-----------+-------+
|    Site Type    | Used | Fixed | Prohibited | Available | Util% |
+-----------------+------+-------+------------+-----------+-------+
| CMACE4          |    0 |     0 |          0 |         2 |  0.00 |
| GTM_DUAL        |    0 |     0 |          0 |         2 |  0.00 |
| GTYE4_CHANNEL   |    0 |     0 |          0 |        34 |  0.00 |
| GTYE4_COMMON    |    0 |     0 |          0 |         9 |  0.00 |
| OBUFDS_GTE4     |    0 |     0 |          0 |        18 |  0.00 |
| OBUFDS_GTE4_ADV |    0 |     0 |          0 |        18 |  0.00 |
| OBUFDS_GTM      |    0 |     0 |          0 |         2 |  0.00 |
| OBUFDS_GTM_ADV  |    0 |     0 |          0 |         2 |  0.00 |
| PCIE4CE4        |    0 |     0 |          0 |         4 |  0.00 |
| SYSMONE4        |    0 |     0 |          0 |         1 |  0.00 |
+-----------------+------+-------+------------+-----------+-------+


7. CONFIGURATION
----------------

+-------------+------+-------+------------+-----------+-------+
|  Site Type  | Used | Fixed | Prohibited | Available | Util% |
+-------------+------+-------+------------+-----------+-------+
| BSCANE2     |    0 |     0 |          0 |         4 |  0.00 |
| DNA_PORTE2  |    0 |     0 |          0 |         1 |  0.00 |
| EFUSE_USR   |    0 |     0 |          0 |         1 |  0.00 |
| FRAME_ECCE4 |    0 |     0 |          0 |         1 |  0.00 |
| ICAPE3      |    0 |     0 |          0 |         2 |  0.00 |
| MASTER_JTAG |    0 |     0 |          0 |         1 |  0.00 |
| STARTUPE3   |    0 |     0 |          0 |         1 |  0.00 |
+-------------+------+-------+------------+-----------+-------+


8. Primitives
-------------

+----------+------+---------------------+
| Ref Name | Used | Functional Category |
+----------+------+---------------------+
| FDRE     | 1512 |            Register |
| FDCE     |  753 |            Register |
| LUT4     |  701 |                 CLB |
| LUT6     |  508 |                 CLB |
| LUT2     |  238 |                 CLB |
| FDSE     |  236 |            Register |
| LUT5     |  202 |                 CLB |
| LUT3     |  136 |                 CLB |
| LUT1     |  134 |                 CLB |
| CARRY8   |   95 |                 CLB |
| FDPE     |   57 |            Register |
| OBUF     |   41 |                 I/O |
| INBUF    |   41 |                 I/O |
| IBUFCTRL |   41 |              Others |
| MUXF7    |    8 |                 CLB |
| BUFGCE   |    2 |               Clock |
+----------+------+---------------------+


9. Black Boxes
--------------

+----------------+------+
|    Ref Name    | Used |
+----------------+------+
| xxv_ethernet_0 |    1 |
+----------------+------+


10. Instantiated Netlists
-------------------------

+----------+------+
| Ref Name | Used |
+----------+------+


